nohup: ignoring input
Número total de escenarios (N): 40

Número máximo de ejecuciones simultáneas (K): 2

Número de threads por escenario: 8

Ejecutando escenarios...

Escenario 1 terminado: Runs-T/ACOTSP-N/Run/N_seed_374829374, seed=374829374
Escenario Runs-T/ACOTSP-N/Run/N_seed_374829374 completado: seed=374829374, run_id=1

Warning message:
In checkScenario(scenario) : NAs introduced by coercion to integer range
Escenario 2 terminado: Runs-T/ACOTSP-N/Run/N_seed_9283749283, seed=9283749283
Escenario Runs-T/ACOTSP-N/Run/N_seed_9283749283 completado: seed=9283749283, run_id=2

Escenario 3 terminado: Runs-T/ACOTSP-N/Run/N_seed_192837465, seed=192837465
Escenario Runs-T/ACOTSP-N/Run/N_seed_192837465 completado: seed=192837465, run_id=3

Warning message:
In checkScenario(scenario) : NAs introduced by coercion to integer range
Escenario 4 terminado: Runs-T/ACOTSP-N/Run/N_seed_5647382910, seed=5647382910
Escenario Runs-T/ACOTSP-N/Run/N_seed_5647382910 completado: seed=5647382910, run_id=4

Warning message:
In checkScenario(scenario) : NAs introduced by coercion to integer range
Escenario 5 terminado: Runs-T/ACOTSP-N/Run/N_seed_9182736450, seed=9182736450
Escenario Runs-T/ACOTSP-N/Run/N_seed_9182736450 completado: seed=9182736450, run_id=5

Warning message:
In checkScenario(scenario) : NAs introduced by coercion to integer range
Escenario 6 terminado: Runs-T/ACOTSP-N/Run/N_seed_8273645872, seed=8273645872
Escenario Runs-T/ACOTSP-N/Run/N_seed_8273645872 completado: seed=8273645872, run_id=6

Warning message:
In checkScenario(scenario) : NAs introduced by coercion to integer range
Escenario 7 terminado: Runs-T/ACOTSP-N/Run/N_seed_7362819201, seed=7362819201
Escenario Runs-T/ACOTSP-N/Run/N_seed_7362819201 completado: seed=7362819201, run_id=7

Warning message:
In checkScenario(scenario) : NAs introduced by coercion to integer range
Escenario 8 terminado: Runs-T/ACOTSP-N/Run/N_seed_5463728192, seed=5463728192
Escenario Runs-T/ACOTSP-N/Run/N_seed_5463728192 completado: seed=5463728192, run_id=8

Escenario 9 terminado: Runs-T/ACOTSP-N/Run/N_seed_1092837465, seed=1092837465
Escenario Runs-T/ACOTSP-N/Run/N_seed_1092837465 completado: seed=1092837465, run_id=9

Warning message:
In checkScenario(scenario) : NAs introduced by coercion to integer range
Escenario 10 terminado: Runs-T/ACOTSP-N/Run/N_seed_6748291038, seed=6748291038
Escenario Runs-T/ACOTSP-N/Run/N_seed_6748291038 completado: seed=6748291038, run_id=10

Warning message:
In checkScenario(scenario) : NAs introduced by coercion to integer range
Escenario 11 terminado: Runs-T/ACOTSP-N/Run/N_seed_3847561920, seed=3847561920
Escenario Runs-T/ACOTSP-N/Run/N_seed_3847561920 completado: seed=3847561920, run_id=11

Warning message:
In checkScenario(scenario) : NAs introduced by coercion to integer range
Escenario 12 terminado: Runs-T/ACOTSP-N/Run/N_seed_9283746153, seed=9283746153
Escenario Runs-T/ACOTSP-N/Run/N_seed_9283746153 completado: seed=9283746153, run_id=12

Warning message:
In checkScenario(scenario) : NAs introduced by coercion to integer range
Escenario 13 terminado: Runs-T/ACOTSP-N/Run/N_seed_2719384650, seed=2719384650
Escenario Runs-T/ACOTSP-N/Run/N_seed_2719384650 completado: seed=2719384650, run_id=13

Warning message:
In checkScenario(scenario) : NAs introduced by coercion to integer range
Escenario 14 terminado: Runs-T/ACOTSP-N/Run/N_seed_6473829102, seed=6473829102
Escenario Runs-T/ACOTSP-N/Run/N_seed_6473829102 completado: seed=6473829102, run_id=14

Escenario 16 terminado: Runs-T/ACOTSP-N/Run/N_seed_1029384756, seed=1029384756
Escenario Runs-T/ACOTSP-N/Run/N_seed_1029384756 completado: seed=1029384756, run_id=16

Warning message:
In checkScenario(scenario) : NAs introduced by coercion to integer range
Escenario 15 terminado: Runs-T/ACOTSP-N/Run/N_seed_8392017465, seed=8392017465
Escenario Runs-T/ACOTSP-N/Run/N_seed_8392017465 completado: seed=8392017465, run_id=15

Warning message:
In checkScenario(scenario) : NAs introduced by coercion to integer range
Escenario 17 terminado: Runs-T/ACOTSP-N/Run/N_seed_5647382917, seed=5647382917
Escenario Runs-T/ACOTSP-N/Run/N_seed_5647382917 completado: seed=5647382917, run_id=17

Warning message:
In checkScenario(scenario) : NAs introduced by coercion to integer range
Escenario 18 terminado: Runs-T/ACOTSP-N/Run/N_seed_9182736458, seed=9182736458
Escenario Runs-T/ACOTSP-N/Run/N_seed_9182736458 completado: seed=9182736458, run_id=18

Warning message:
In checkScenario(scenario) : NAs introduced by coercion to integer range
Escenario 19 terminado: Runs-T/ACOTSP-N/Run/N_seed_2837461928, seed=2837461928
Escenario Runs-T/ACOTSP-N/Run/N_seed_2837461928 completado: seed=2837461928, run_id=19

Warning message:
In checkScenario(scenario) : NAs introduced by coercion to integer range
Escenario 20 terminado: Runs-T/ACOTSP-N/Run/N_seed_7362819204, seed=7362819204
Escenario Runs-T/ACOTSP-N/Run/N_seed_7362819204 completado: seed=7362819204, run_id=20

Warning message:
In checkScenario(scenario) : NAs introduced by coercion to integer range
Escenario 2 terminado: Runs-T/ACOTSP-SR/Run/SR_seed_9283749283, seed=9283749283
Escenario Runs-T/ACOTSP-SR/Run/SR_seed_9283749283 completado: seed=9283749283, run_id=2

Escenario 1 terminado: Runs-T/ACOTSP-SR/Run/SR_seed_374829374, seed=374829374
Escenario Runs-T/ACOTSP-SR/Run/SR_seed_374829374 completado: seed=374829374, run_id=1

Warning message:
In checkScenario(scenario) : NAs introduced by coercion to integer range
Escenario 4 terminado: Runs-T/ACOTSP-SR/Run/SR_seed_5647382910, seed=5647382910
Escenario Runs-T/ACOTSP-SR/Run/SR_seed_5647382910 completado: seed=5647382910, run_id=4

Escenario 3 terminado: Runs-T/ACOTSP-SR/Run/SR_seed_192837465, seed=192837465
Escenario Runs-T/ACOTSP-SR/Run/SR_seed_192837465 completado: seed=192837465, run_id=3

Warning message:
In checkScenario(scenario) : NAs introduced by coercion to integer range
Escenario 5 terminado: Runs-T/ACOTSP-SR/Run/SR_seed_9182736450, seed=9182736450
Escenario Runs-T/ACOTSP-SR/Run/SR_seed_9182736450 completado: seed=9182736450, run_id=5

Warning message:
In checkScenario(scenario) : NAs introduced by coercion to integer range
Escenario 6 terminado: Runs-T/ACOTSP-SR/Run/SR_seed_8273645872, seed=8273645872
Escenario Runs-T/ACOTSP-SR/Run/SR_seed_8273645872 completado: seed=8273645872, run_id=6

Warning message:
In checkScenario(scenario) : NAs introduced by coercion to integer range
Escenario 8 terminado: Runs-T/ACOTSP-SR/Run/SR_seed_5463728192, seed=5463728192
Escenario Runs-T/ACOTSP-SR/Run/SR_seed_5463728192 completado: seed=5463728192, run_id=8

Warning message:
In checkScenario(scenario) : NAs introduced by coercion to integer range
Escenario 7 terminado: Runs-T/ACOTSP-SR/Run/SR_seed_7362819201, seed=7362819201
Escenario Runs-T/ACOTSP-SR/Run/SR_seed_7362819201 completado: seed=7362819201, run_id=7

Escenario 9 terminado: Runs-T/ACOTSP-SR/Run/SR_seed_1092837465, seed=1092837465
Escenario Runs-T/ACOTSP-SR/Run/SR_seed_1092837465 completado: seed=1092837465, run_id=9

Warning message:
In checkScenario(scenario) : NAs introduced by coercion to integer range
Escenario 10 terminado: Runs-T/ACOTSP-SR/Run/SR_seed_6748291038, seed=6748291038
Escenario Runs-T/ACOTSP-SR/Run/SR_seed_6748291038 completado: seed=6748291038, run_id=10

Warning message:
In checkScenario(scenario) : NAs introduced by coercion to integer range
Escenario 11 terminado: Runs-T/ACOTSP-SR/Run/SR_seed_3847561920, seed=3847561920
Escenario Runs-T/ACOTSP-SR/Run/SR_seed_3847561920 completado: seed=3847561920, run_id=11

Warning message:
In checkScenario(scenario) : NAs introduced by coercion to integer range
Escenario 12 terminado: Runs-T/ACOTSP-SR/Run/SR_seed_9283746153, seed=9283746153
Escenario Runs-T/ACOTSP-SR/Run/SR_seed_9283746153 completado: seed=9283746153, run_id=12

Warning message:
In checkScenario(scenario) : NAs introduced by coercion to integer range
Escenario 13 terminado: Runs-T/ACOTSP-SR/Run/SR_seed_2719384650, seed=2719384650
Escenario Runs-T/ACOTSP-SR/Run/SR_seed_2719384650 completado: seed=2719384650, run_id=13

Warning message:
In checkScenario(scenario) : NAs introduced by coercion to integer range
Escenario 14 terminado: Runs-T/ACOTSP-SR/Run/SR_seed_6473829102, seed=6473829102
Escenario Runs-T/ACOTSP-SR/Run/SR_seed_6473829102 completado: seed=6473829102, run_id=14

Warning message:
In checkScenario(scenario) : NAs introduced by coercion to integer range
Escenario 15 terminado: Runs-T/ACOTSP-SR/Run/SR_seed_8392017465, seed=8392017465
Escenario Runs-T/ACOTSP-SR/Run/SR_seed_8392017465 completado: seed=8392017465, run_id=15

Escenario 16 terminado: Runs-T/ACOTSP-SR/Run/SR_seed_1029384756, seed=1029384756
Escenario Runs-T/ACOTSP-SR/Run/SR_seed_1029384756 completado: seed=1029384756, run_id=16

Warning message:
In checkScenario(scenario) : NAs introduced by coercion to integer range
Escenario 17 terminado: Runs-T/ACOTSP-SR/Run/SR_seed_5647382917, seed=5647382917
Escenario Runs-T/ACOTSP-SR/Run/SR_seed_5647382917 completado: seed=5647382917, run_id=17

Warning message:
In checkScenario(scenario) : NAs introduced by coercion to integer range
Escenario 18 terminado: Runs-T/ACOTSP-SR/Run/SR_seed_9182736458, seed=9182736458
Escenario Runs-T/ACOTSP-SR/Run/SR_seed_9182736458 completado: seed=9182736458, run_id=18

Warning message:
In checkScenario(scenario) : NAs introduced by coercion to integer range
Escenario 19 terminado: Runs-T/ACOTSP-SR/Run/SR_seed_2837461928, seed=2837461928
Escenario Runs-T/ACOTSP-SR/Run/SR_seed_2837461928 completado: seed=2837461928, run_id=19

Warning message:
In checkScenario(scenario) : NAs introduced by coercion to integer range
Escenario 20 terminado: Runs-T/ACOTSP-SR/Run/SR_seed_7362819204, seed=7362819204
Escenario Runs-T/ACOTSP-SR/Run/SR_seed_7362819204 completado: seed=7362819204, run_id=20

Ejecución de escenarios completada.
