# 2025-03-25 04:39:38 -03: Reading parameter file '/home/dianag/PruebasPablo/irace-runs/Runs-T/ACOTSP-SR/Run/SR_seed_5647382917/parameters.txt'.
# 2025-03-25 04:39:38 -03: 1 expression(s) specifying forbidden configurations read.
# 2025-03-25 04:39:38 -03: Initialization
# Elitist race
# Elitist new instances: 1
# Elitist limit: 2
# nbIterations: 5
# minNbSurvival: 5
# nbParameters: 11
# seed: 444862374
# confidence level: 0.95
# budget: 2500
# mu: 5
# deterministic: FALSE

# 2025-03-25 04:39:38 -03: Iteration 1 of 5
# experimentsUsed: 0
# remainingBudget: 2500
# currentBudget: 500
# nbConfigurations: 83
# Markers:
     x No test is performed.
     c Configurations are discarded only due to capping.
     - The test is performed and some configurations are discarded.
     = The test is performed but no configuration is discarded.
     ! The test is performed and configurations could be discarded but elite configurations are preserved.
     . All alive configurations are elite and nothing is discarded.

+-+-----------+-----------+-----------+----------------+-----------+--------+-----+----+------+
| |   Instance|      Alive|       Best|       Mean best| Exp so far|  W time|  rho|KenW|  Qvar|
+-+-----------+-----------+-----------+----------------+-----------+--------+-----+----+------+
|x|          1|         83|         22|     32646100.00|         83|00:14:28|   NA|  NA|    NA|
|x|          2|         83|         33|     32603569.50|        166|00:14:28|+0.98|0.99|0.0021|
|x|          3|         83|         22|     32616440.67|        249|00:14:28|+0.98|0.99|0.0015|
|x|          4|         83|         33|     32557575.75|        332|00:14:27|+0.98|0.99|0.0014|
|-|          5|          5|         22|     32568208.60|        415|00:14:24|+0.63|0.70|0.2403|
+-+-----------+-----------+-----------+----------------+-----------+--------+-----+----+------+
Best-so-far configuration:          22    mean value:      32568208.60
Description of the best-so-far configuration:
   .ID. algorithm localsearch  alpha   beta    rho ants     q0 rasrank
22   22       acs           3 3.0275 1.4579 0.5699    6 0.5157      NA
   elitistants nnls dlb .PARENT.
22          NA   37   1       NA

# 2025-03-25 05:51:55 -03: Elite configurations (first number is the configuration ID; listed from best to worst according to the sum of ranks):
   algorithm localsearch  alpha   beta    rho ants     q0 rasrank elitistants
22       acs           3 3.0275 1.4579 0.5699    6 0.5157      NA          NA
33       acs           3 1.6993 0.0516 0.9876   13 0.7501      NA          NA
40      mmas           3 3.5743 6.3016 0.3688   97     NA      NA          NA
1        eas           3 1.3087 4.2704 0.7246   87     NA      NA         641
28       ras           3 3.9650 7.0829 0.3843   48     NA      41          NA
   nnls dlb
22   37   1
33   32   1
40   49   1
1    15   0
28   17   1
# 2025-03-25 05:51:55 -03: Iteration 2 of 5
# experimentsUsed: 415
# remainingBudget: 2085
# currentBudget: 521
# nbConfigurations: 78
# Markers:
     x No test is performed.
     c Configurations are discarded only due to capping.
     - The test is performed and some configurations are discarded.
     = The test is performed but no configuration is discarded.
     ! The test is performed and configurations could be discarded but elite configurations are preserved.
     . All alive configurations are elite and nothing is discarded.

+-+-----------+-----------+-----------+----------------+-----------+--------+-----+----+------+
| |   Instance|      Alive|       Best|       Mean best| Exp so far|  W time|  rho|KenW|  Qvar|
+-+-----------+-----------+-----------+----------------+-----------+--------+-----+----+------+
|x|          6|         78|        143|     32470726.00|         78|00:13:30|   NA|  NA|    NA|
|x|          2|         78|        143|     32483752.50|        151|00:12:41|+0.99|0.99|0.0015|
|x|          3|         78|        143|     32501905.00|        224|00:12:38|+0.98|0.99|0.0011|
|x|          4|         78|        143|     32452393.75|        297|00:12:39|+0.98|0.99|0.0013|
|-|          5|          6|        143|     32479024.60|        370|00:12:43|+0.79|0.84|0.1313|
|-|          1|          3|        143|     32511661.67|        371|00:00:10|+0.03|0.19|0.6810|
+-+-----------+-----------+-----------+----------------+-----------+--------+-----+----+------+
Best-so-far configuration:         143    mean value:      32511661.67
Description of the best-so-far configuration:
    .ID. algorithm localsearch  alpha   beta    rho ants     q0 rasrank
143  143       acs           3 3.2919 0.9091 0.3623   58 0.8311      NA
    elitistants nnls dlb .PARENT.
143          NA   32   1       22

# 2025-03-25 06:56:19 -03: Elite configurations (first number is the configuration ID; listed from best to worst according to the sum of ranks):
    algorithm localsearch  alpha   beta    rho ants     q0 rasrank elitistants
143       acs           3 3.2919 0.9091 0.3623   58 0.8311      NA          NA
22        acs           3 3.0275 1.4579 0.5699    6 0.5157      NA          NA
33        acs           3 1.6993 0.0516 0.9876   13 0.7501      NA          NA
    nnls dlb
143   32   1
22    37   1
33    32   1
# 2025-03-25 06:56:19 -03: Iteration 3 of 5
# experimentsUsed: 786
# remainingBudget: 1714
# currentBudget: 571
# nbConfigurations: 73
# Markers:
     x No test is performed.
     c Configurations are discarded only due to capping.
     - The test is performed and some configurations are discarded.
     = The test is performed but no configuration is discarded.
     ! The test is performed and configurations could be discarded but elite configurations are preserved.
     . All alive configurations are elite and nothing is discarded.

+-+-----------+-----------+-----------+----------------+-----------+--------+-----+----+------+
| |   Instance|      Alive|       Best|       Mean best| Exp so far|  W time|  rho|KenW|  Qvar|
+-+-----------+-----------+-----------+----------------+-----------+--------+-----+----+------+
|x|          7|         73|         22|     32440275.00|         73|00:12:41|   NA|  NA|    NA|
|x|          4|         73|        143|     32375353.00|        143|00:12:06|+0.91|0.95|0.0007|
|x|          5|         73|        184|     32439375.67|        213|00:12:05|+0.90|0.93|0.0006|
|x|          6|         73|        201|     32471615.50|        283|00:12:08|+0.90|0.92|0.0005|
|-|          2|         10|        143|     32460751.80|        353|00:12:11|+0.08|0.26|0.8139|
|=|          1|         10|        184|     32491675.17|        360|00:01:13|+0.09|0.24|0.8184|
|=|          3|         10|        143|     32502402.29|        367|00:01:12|+0.07|0.21|0.8368|
|=|          8|         10|        184|     32547805.25|        377|00:01:44|+0.06|0.18|0.8572|
+-+-----------+-----------+-----------+----------------+-----------+--------+-----+----+------+
Best-so-far configuration:         184    mean value:      32547805.25
Description of the best-so-far configuration:
    .ID. algorithm localsearch  alpha   beta    rho ants    q0 rasrank
184  184       acs           3 3.4919 0.0677 0.6848   57 0.733      NA
    elitistants nnls dlb .PARENT.
184          NA   29   1      143

# 2025-03-25 08:01:43 -03: Elite configurations (first number is the configuration ID; listed from best to worst according to the sum of ranks):
    algorithm localsearch  alpha   beta    rho ants     q0 rasrank elitistants
184       acs           3 3.4919 0.0677 0.6848   57 0.7330      NA          NA
143       acs           3 3.2919 0.9091 0.3623   58 0.8311      NA          NA
178       acs           3 2.0124 0.9827 0.7815   36 0.7847      NA          NA
201       acs           3 1.4321 0.8946 0.7321   28 0.7522      NA          NA
158       acs           3 2.8213 4.5360 0.2849   54 0.3269      NA          NA
    nnls dlb
184   29   1
143   32   1
178   28   1
201   20   1
158   41   1
# 2025-03-25 08:01:43 -03: Iteration 4 of 5
# experimentsUsed: 1163
# remainingBudget: 1337
# currentBudget: 668
# nbConfigurations: 78
# Markers:
     x No test is performed.
     c Configurations are discarded only due to capping.
     - The test is performed and some configurations are discarded.
     = The test is performed but no configuration is discarded.
     ! The test is performed and configurations could be discarded but elite configurations are preserved.
     . All alive configurations are elite and nothing is discarded.

+-+-----------+-----------+-----------+----------------+-----------+--------+-----+----+------+
| |   Instance|      Alive|       Best|       Mean best| Exp so far|  W time|  rho|KenW|  Qvar|
+-+-----------+-----------+-----------+----------------+-----------+--------+-----+----+------+
|x|          9|         78|        273|     32471221.00|         78|00:13:30|   NA|  NA|    NA|
|x|          1|         78|        251|     32541158.50|        151|00:12:42|+0.81|0.90|0.0037|
|x|          6|         78|        251|     32508396.00|        224|00:12:37|+0.80|0.86|0.0037|
|x|          3|         78|        251|     32510439.75|        297|00:12:40|+0.80|0.85|0.0029|
|-|          5|         14|        251|     32508311.00|        370|00:12:36|-0.02|0.18|0.9383|
|=|          7|         14|        251|     32502326.17|        379|00:01:33|-0.05|0.12|0.9503|
|=|          2|         14|        251|     32497609.14|        388|00:01:34|-0.02|0.12|0.9328|
|=|          4|         14|        251|     32480521.62|        397|00:01:34|+0.00|0.13|0.9219|
|=|          8|         14|        251|     32524986.67|        406|00:01:34|-0.04|0.08|0.9627|
|=|         10|         14|        251|     32536748.80|        420|00:02:26|-0.02|0.09|0.9542|
+-+-----------+-----------+-----------+----------------+-----------+--------+-----+----+------+
Best-so-far configuration:         251    mean value:      32536748.80
Description of the best-so-far configuration:
    .ID. algorithm localsearch  alpha   beta    rho ants     q0 rasrank
251  251       acs           3 3.9296 1.3647 0.1766   55 0.8121      NA
    elitistants nnls dlb .PARENT.
251          NA   23   1      143

# 2025-03-25 09:14:32 -03: Elite configurations (first number is the configuration ID; listed from best to worst according to the sum of ranks):
    algorithm localsearch  alpha   beta    rho ants     q0 rasrank elitistants
251       acs           3 3.9296 1.3647 0.1766   55 0.8121      NA          NA
255       acs           3 2.3911 0.1354 0.3807   48 0.7345      NA          NA
268       acs           3 2.2778 2.3455 0.2482   58 0.9667      NA          NA
280       acs           3 1.5116 0.8959 0.6186   21 0.6000      NA          NA
143       acs           3 3.2919 0.9091 0.3623   58 0.8311      NA          NA
    nnls dlb
251   23   1
255   30   1
268   17   1
280   25   1
143   32   1
# 2025-03-25 09:14:32 -03: Iteration 5 of 5
# experimentsUsed: 1583
# remainingBudget: 917
# currentBudget: 917
# nbConfigurations: 87
# Markers:
     x No test is performed.
     c Configurations are discarded only due to capping.
     - The test is performed and some configurations are discarded.
     = The test is performed but no configuration is discarded.
     ! The test is performed and configurations could be discarded but elite configurations are preserved.
     . All alive configurations are elite and nothing is discarded.

+-+-----------+-----------+-----------+----------------+-----------+--------+-----+----+------+
| |   Instance|      Alive|       Best|       Mean best| Exp so far|  W time|  rho|KenW|  Qvar|
+-+-----------+-----------+-----------+----------------+-----------+--------+-----+----+------+
|x|         11|         87|        251|     32759719.00|         87|00:15:04|   NA|  NA|    NA|
|x|          7|         87|        318|     32615266.50|        169|00:14:12|+0.60|0.80|0.0032|
|x|          9|         87|        251|     32580727.67|        251|00:14:12|+0.61|0.74|0.0035|
|x|          2|         87|        251|     32552872.50|        333|00:14:11|+0.62|0.72|0.0033|
|-|          1|         25|        251|     32556749.00|        415|00:14:11|-0.10|0.12|1.0635|
|=|          4|         25|        251|     32524109.00|        435|00:03:26|-0.07|0.11|1.0251|
|=|          5|         25|        251|     32520635.71|        455|00:03:27|-0.02|0.12|0.9760|
|=|          3|         25|        251|     32520127.62|        475|00:03:28|+0.04|0.16|0.9177|
|=|          6|         25|        251|     32511543.56|        495|00:03:27|+0.04|0.15|0.9142|
|-|         10|         12|        251|     32524650.00|        515|00:03:27|-0.03|0.08|0.9225|
|=|          8|         12|        251|     32557018.82|        522|00:01:12|-0.04|0.06|0.9269|
|=|         12|         12|        351|     32554253.00|        534|00:02:05|-0.03|0.05|0.9285|
+-+-----------+-----------+-----------+----------------+-----------+--------+-----+----+------+
Best-so-far configuration:         351    mean value:      32554253.00
Description of the best-so-far configuration:
    .ID. algorithm localsearch  alpha   beta    rho ants     q0 rasrank
351  351       acs           3 2.7314 2.0635 0.2867   61 0.8888      NA
    elitistants nnls dlb .PARENT.
351          NA   15   1      268

# 2025-03-25 10:47:01 -03: Elite configurations (first number is the configuration ID; listed from best to worst according to the sum of ranks):
    algorithm localsearch  alpha   beta    rho ants     q0 rasrank elitistants
351       acs           3 2.7314 2.0635 0.2867   61 0.8888      NA          NA
251       acs           3 3.9296 1.3647 0.1766   55 0.8121      NA          NA
305       acs           3 2.3961 2.2251 0.1541   45 0.7820      NA          NA
331       acs           3 2.6046 0.3022 0.4634   55 0.6996      NA          NA
325       acs           3 2.5403 1.5115 0.3082   52 0.7338      NA          NA
    nnls dlb
351   15   1
251   23   1
305   18   1
331   29   1
325   23   1
# 2025-03-25 10:47:01 -03: Iteration 6 of 6
# experimentsUsed: 2117
# remainingBudget: 383
# currentBudget: 383
# nbConfigurations: 34
# Markers:
     x No test is performed.
     c Configurations are discarded only due to capping.
     - The test is performed and some configurations are discarded.
     = The test is performed but no configuration is discarded.
     ! The test is performed and configurations could be discarded but elite configurations are preserved.
     . All alive configurations are elite and nothing is discarded.

+-+-----------+-----------+-----------+----------------+-----------+--------+-----+----+------+
| |   Instance|      Alive|       Best|       Mean best| Exp so far|  W time|  rho|KenW|  Qvar|
+-+-----------+-----------+-----------+----------------+-----------+--------+-----+----+------+
|x|         13|         34|        405|     32112954.00|         34|00:05:53|   NA|  NA|    NA|
|x|         10|         34|        407|     32365020.00|         63|00:05:01|+0.68|0.84|0.0648|
|x|          7|         34|        407|     32387625.00|         92|00:05:02|+0.62|0.74|0.0921|
|x|          6|         34|        407|     32405274.25|        121|00:04:59|+0.67|0.75|0.0769|
|-|          5|          8|        407|     32424705.60|        150|00:05:01|+0.24|0.39|0.6657|
|=|          2|          8|        407|     32440637.00|        153|00:00:31|+0.06|0.22|0.8072|
|=|          9|          8|        407|     32453230.57|        156|00:00:31|+0.03|0.17|0.8195|
|=|          1|          8|        251|     32470738.62|        159|00:00:31|+0.04|0.16|0.8158|
|=|          3|          8|        351|     32474452.89|        162|00:00:31|+0.00|0.11|0.8609|
|=|         11|          8|        251|     32504219.90|        165|00:00:31|+0.02|0.12|0.8517|
|=|          8|          8|        351|     32530066.36|        168|00:00:31|+0.02|0.11|0.8527|
|=|         12|          8|        351|     32533915.00|        171|00:00:31|-0.02|0.07|0.8960|
|=|          4|          8|        407|     32522093.92|        174|00:00:31|-0.02|0.06|0.9032|
|=|         14|          8|        407|     32527793.29|        182|00:01:23|-0.01|0.06|0.8913|
+-+-----------+-----------+-----------+----------------+-----------+--------+-----+----+------+
Best-so-far configuration:         407    mean value:      32527793.29
Description of the best-so-far configuration:
    .ID. algorithm localsearch alpha   beta    rho ants     q0 rasrank
407  407       acs           3 2.259 3.3938 0.0988   43 0.7816      NA
    elitistants nnls dlb .PARENT.
407          NA   13   1      305

# 2025-03-25 11:18:35 -03: Elite configurations (first number is the configuration ID; listed from best to worst according to the sum of ranks):
    algorithm localsearch  alpha   beta    rho ants     q0 rasrank elitistants
407       acs           3 2.2590 3.3938 0.0988   43 0.7816      NA          NA
351       acs           3 2.7314 2.0635 0.2867   61 0.8888      NA          NA
251       acs           3 3.9296 1.3647 0.1766   55 0.8121      NA          NA
325       acs           3 2.5403 1.5115 0.3082   52 0.7338      NA          NA
305       acs           3 2.3961 2.2251 0.1541   45 0.7820      NA          NA
    nnls dlb
407   13   1
351   15   1
251   23   1
325   23   1
305   18   1
# 2025-03-25 11:18:35 -03: Iteration 7 of 7
# experimentsUsed: 2299
# remainingBudget: 201
# currentBudget: 201
# nbConfigurations: 18
# Markers:
     x No test is performed.
     c Configurations are discarded only due to capping.
     - The test is performed and some configurations are discarded.
     = The test is performed but no configuration is discarded.
     ! The test is performed and configurations could be discarded but elite configurations are preserved.
     . All alive configurations are elite and nothing is discarded.

+-+-----------+-----------+-----------+----------------+-----------+--------+-----+----+------+
| |   Instance|      Alive|       Best|       Mean best| Exp so far|  W time|  rho|KenW|  Qvar|
+-+-----------+-----------+-----------+----------------+-----------+--------+-----+----+------+
|x|         15|         18|        305|     32473682.00|         18|00:03:06|   NA|  NA|    NA|
|x|          4|         18|        414|     32413979.50|         31|00:02:14|+0.38|0.69|0.1682|
|x|          5|         18|        305|     32444872.00|         44|00:02:14|+0.32|0.55|0.1583|
|x|         13|         18|        407|     32369616.75|         57|00:02:15|+0.25|0.44|0.1892|
|-|          6|          8|        407|     32387337.80|         70|00:02:14|-0.09|0.13|0.9614|
|=|          8|          8|        407|     32453115.50|         73|00:00:31|-0.08|0.10|0.9503|
|=|         11|          8|        407|     32499618.86|         76|00:00:31|-0.04|0.11|0.9267|
|=|          3|          8|        407|     32505208.38|         79|00:00:31|-0.05|0.08|0.9402|
|=|         14|          8|        407|     32515950.22|         82|00:00:31|-0.05|0.07|0.9192|
|=|          1|          8|        351|     32527241.90|         85|00:00:31|-0.05|0.05|0.9229|
|=|          9|          8|        351|     32521328.45|         88|00:00:31|-0.02|0.07|0.8936|
|=|         10|          8|        351|     32528918.33|         91|00:00:31|+0.01|0.09|0.8818|
|=|         12|          8|        351|     32532559.23|         94|00:00:31|-0.03|0.05|0.9051|
|=|          2|          8|        351|     32529669.36|         97|00:00:31|-0.01|0.06|0.8985|
|=|          7|          8|        351|     32525120.73|        100|00:00:31|-0.03|0.04|0.9039|
|=|         16|          8|        351|     32545883.81|        108|00:01:23|-0.01|0.05|0.8901|
+-+-----------+-----------+-----------+----------------+-----------+--------+-----+----+------+
Best-so-far configuration:         351    mean value:      32545883.81
Description of the best-so-far configuration:
    .ID. algorithm localsearch  alpha   beta    rho ants     q0 rasrank
351  351       acs           3 2.7314 2.0635 0.2867   61 0.8888      NA
    elitistants nnls dlb .PARENT.
351          NA   15   1      268

# 2025-03-25 11:37:18 -03: Elite configurations (first number is the configuration ID; listed from best to worst according to the sum of ranks):
    algorithm localsearch  alpha   beta    rho ants     q0 rasrank elitistants
351       acs           3 2.7314 2.0635 0.2867   61 0.8888      NA          NA
251       acs           3 3.9296 1.3647 0.1766   55 0.8121      NA          NA
407       acs           3 2.2590 3.3938 0.0988   43 0.7816      NA          NA
412       acs           3 2.6693 2.9026 0.0993   41 0.7512      NA          NA
305       acs           3 2.3961 2.2251 0.1541   45 0.7820      NA          NA
    nnls dlb
351   15   1
251   23   1
407   13   1
412   13   1
305   18   1
# 2025-03-25 11:37:18 -03: Iteration 8 of 8
# experimentsUsed: 2407
# remainingBudget: 93
# currentBudget: 93
# nbConfigurations: 10
# Markers:
     x No test is performed.
     c Configurations are discarded only due to capping.
     - The test is performed and some configurations are discarded.
     = The test is performed but no configuration is discarded.
     ! The test is performed and configurations could be discarded but elite configurations are preserved.
     . All alive configurations are elite and nothing is discarded.

+-+-----------+-----------+-----------+----------------+-----------+--------+-----+----+------+
| |   Instance|      Alive|       Best|       Mean best| Exp so far|  W time|  rho|KenW|  Qvar|
+-+-----------+-----------+-----------+----------------+-----------+--------+-----+----+------+
|x|         17|         10|        251|     32450852.00|         10|00:01:44|   NA|  NA|    NA|
|x|          6|         10|        251|     32446861.50|         15|00:00:51|+0.35|0.67|0.4592|
|x|          1|         10|        251|     32488659.33|         20|00:00:52|+0.47|0.64|0.4208|
|x|         12|         10|        412|     32523001.50|         25|00:00:51|+0.14|0.36|0.6872|
|=|          4|         10|        412|     32481458.80|         30|00:00:52|+0.13|0.31|0.7396|
|=|         14|         10|        412|     32508933.50|         35|00:00:51|+0.13|0.28|0.7317|
|=|          8|         10|        412|     32547168.57|         40|00:00:52|+0.14|0.27|0.7309|
|-|         16|          8|        412|     32589467.00|         45|00:00:51|-0.04|0.09|0.9176|
|=|          2|          8|        412|     32581271.00|         48|00:00:31|-0.03|0.08|0.8941|
|=|         10|          8|        351|     32589779.70|         51|00:00:31|-0.01|0.09|0.8683|
|=|          3|          8|        351|     32581046.82|         54|00:00:30|+0.02|0.11|0.8419|
|=|          5|          8|        351|     32577254.83|         57|00:00:30|+0.02|0.10|0.8399|
|=|         13|          8|        351|     32542636.92|         60|00:00:31|-0.02|0.06|0.8738|
|=|          9|          8|        351|     32536891.00|         63|00:00:31|-0.02|0.05|0.8795|
|=|          7|          8|        351|     32531860.93|         66|00:00:31|-0.01|0.06|0.8686|
|=|         11|          8|        351|     32549793.38|         69|00:00:30|-0.02|0.04|0.8793|
|=|         15|          8|        351|     32547622.29|         72|00:00:31|-0.01|0.05|0.8718|
|=|         18|          8|        351|     32553049.22|         80|00:01:22|-0.01|0.04|0.8756|
+-+-----------+-----------+-----------+----------------+-----------+--------+-----+----+------+
Best-so-far configuration:         351    mean value:      32553049.22
Description of the best-so-far configuration:
    .ID. algorithm localsearch  alpha   beta    rho ants     q0 rasrank
351  351       acs           3 2.7314 2.0635 0.2867   61 0.8888      NA
    elitistants nnls dlb .PARENT.
351          NA   15   1      268

# 2025-03-25 11:51:10 -03: Elite configurations (first number is the configuration ID; listed from best to worst according to the sum of ranks):
    algorithm localsearch  alpha   beta    rho ants     q0 rasrank elitistants
351       acs           3 2.7314 2.0635 0.2867   61 0.8888      NA          NA
425       acs           3 2.3287 2.3013 0.1692   46 0.7952      NA          NA
251       acs           3 3.9296 1.3647 0.1766   55 0.8121      NA          NA
412       acs           3 2.6693 2.9026 0.0993   41 0.7512      NA          NA
407       acs           3 2.2590 3.3938 0.0988   43 0.7816      NA          NA
    nnls dlb
351   15   1
425   17   1
251   23   1
412   13   1
407   13   1
# 2025-03-25 11:51:10 -03: Stopped because there is not enough budget left to race more than the minimum (5).
# You may either increase the budget or set 'minNbSurvival' to a lower value.
# Iteration: 9
# nbIterations: 9
# experimentsUsed: 2487
# timeUsed: 0
# remainingBudget: 13
# currentBudget: 13
# number of elites: 5
# nbConfigurations: 5
# Total CPU user time: 25745.73, CPU sys time: 156.813, Wall-clock time: 25891.76
# 2025-03-25 11:51:10 -03: Starting post-selection:
# Configurations selected: 351, 425, 251, 412, 407, 305, 325.
# Pending instances: 1, 1, 1, 1, 1, 1, 3.
# 2025-03-25 11:51:10 -03: seed: 444862374
# Configurations: 7
# Available experiments: 13
# minSurvival: 1
# Markers:
     x No test is performed.
     c Configurations are discarded only due to capping.
     - The test is performed and some configurations are discarded.
     = The test is performed but no configuration is discarded.
     ! The test is performed and configurations could be discarded but elite configurations are preserved.
     . All alive configurations are elite and nothing is discarded.

+-+-----------+-----------+-----------+----------------+-----------+--------+-----+----+------+
| |   Instance|      Alive|       Best|       Mean best| Exp so far|  W time|  rho|KenW|  Qvar|
+-+-----------+-----------+-----------+----------------+-----------+--------+-----+----+------+
|.|         13|          7|        425|     32090800.00|          0|00:00:00|   NA|  NA|    NA|
|.|         11|          7|        425|     32441132.50|          0|00:00:00|-0.18|0.41|1.0362|
|.|          1|          7|        425|     32472322.33|          0|00:00:00|-0.11|0.26|0.8853|
|.|         16|          7|        425|     32578340.00|          0|00:00:00|-0.01|0.24|0.8411|
|.|          3|          7|        425|     32573972.20|          0|00:00:00|-0.05|0.16|0.9081|
|.|          8|          7|        425|     32611162.50|          0|00:00:00|-0.04|0.13|0.9143|
|.|          9|          7|        425|     32604758.86|          0|00:00:00|-0.02|0.13|0.8909|
|.|         14|          7|        425|     32602786.62|          0|00:00:00|+0.00|0.13|0.8825|
|.|          4|          7|        425|     32576791.33|          0|00:00:00|-0.05|0.06|0.9079|
|x|         18|          7|        351|     32570104.80|          1|00:00:10|-0.02|0.08|0.8693|
|.|          7|          7|        351|     32560226.18|          1|00:00:00|-0.01|0.08|0.8667|
|.|          2|          7|        351|     32554549.08|          1|00:00:00|-0.02|0.07|0.8682|
|.|         12|          7|        351|     32556218.38|          1|00:00:00|-0.04|0.04|0.8817|
|.|         15|          7|        351|     32553123.14|          1|00:00:00|-0.03|0.05|0.8817|
|.|         10|          7|        351|     32557075.40|          1|00:00:00|-0.02|0.05|0.8795|
|.|          5|          7|        351|     32555729.62|          1|00:00:00|-0.02|0.04|0.8884|
|.|          6|          7|        351|     32551732.24|          1|00:00:00|-0.03|0.03|0.8894|
|=|         17|          7|        351|     32553049.22|          2|00:00:10|-0.03|0.03|0.8851|
|=|         19|          7|        351|     32571938.68|          9|00:01:12|-0.04|0.02|0.8897|
+-+-----------+-----------+-----------+----------------+-----------+--------+-----+----+------+
Best-so-far configuration:         351    mean value:      32571938.68
Description of the best-so-far configuration:
    .ID. algorithm localsearch  alpha   beta    rho ants     q0 rasrank
351  351       acs           3 2.7314 2.0635 0.2867   61 0.8888      NA
    elitistants nnls dlb .PARENT.
351          NA   15   1      268

# 2025-03-25 11:52:43 -03: Elite configurations (first number is the configuration ID; listed from best to worst according to the sum of ranks):
    algorithm localsearch  alpha   beta    rho ants     q0 rasrank elitistants
351       acs           3 2.7314 2.0635 0.2867   61 0.8888      NA          NA
251       acs           3 3.9296 1.3647 0.1766   55 0.8121      NA          NA
412       acs           3 2.6693 2.9026 0.0993   41 0.7512      NA          NA
425       acs           3 2.3287 2.3013 0.1692   46 0.7952      NA          NA
305       acs           3 2.3961 2.2251 0.1541   45 0.7820      NA          NA
    nnls dlb
351   15   1
251   23   1
412   13   1
425   17   1
305   18   1
# Total CPU user time: 25838.44, CPU sys time: 157.367, Wall-clock time: 25985
    .ID. algorithm localsearch  alpha   beta    rho ants     q0 rasrank
351  351       acs           3 2.7314 2.0635 0.2867   61 0.8888      NA
251  251       acs           3 3.9296 1.3647 0.1766   55 0.8121      NA
412  412       acs           3 2.6693 2.9026 0.0993   41 0.7512      NA
425  425       acs           3 2.3287 2.3013 0.1692   46 0.7952      NA
305  305       acs           3 2.3961 2.2251 0.1541   45 0.7820      NA
    elitistants nnls dlb .PARENT. .RANK.   .WEIGHT.
351          NA   15   1      268     67 0.33333333
251          NA   23   1      143     74 0.26666667
412          NA   13   1      407     74 0.20000000
425          NA   17   1      305     74 0.13333333
305          NA   18   1      268     79 0.06666667
