# 2025-03-23 02:07:05 -03: Reading parameter file '/home/dianag/PruebasPablo/irace-runs/Runs-T/ACOTSP-SR/Run/SR_seed_192837465/parameters.txt'.
# 2025-03-23 02:07:05 -03: 1 expression(s) specifying forbidden configurations read.
# 2025-03-23 02:07:05 -03: Initialization
# Elitist race
# Elitist new instances: 1
# Elitist limit: 2
# nbIterations: 5
# minNbSurvival: 5
# nbParameters: 11
# seed: 192837465
# confidence level: 0.95
# budget: 2500
# mu: 5
# deterministic: FALSE

# 2025-03-23 02:07:05 -03: Iteration 1 of 5
# experimentsUsed: 0
# remainingBudget: 2500
# currentBudget: 500
# nbConfigurations: 83
# Markers:
     x No test is performed.
     c Configurations are discarded only due to capping.
     - The test is performed and some configurations are discarded.
     = The test is performed but no configuration is discarded.
     ! The test is performed and configurations could be discarded but elite configurations are preserved.
     . All alive configurations are elite and nothing is discarded.

+-+-----------+-----------+-----------+----------------+-----------+--------+-----+----+------+
| |   Instance|      Alive|       Best|       Mean best| Exp so far|  W time|  rho|KenW|  Qvar|
+-+-----------+-----------+-----------+----------------+-----------+--------+-----+----+------+
|x|          1|         83|          2|     32571450.00|         83|00:14:29|   NA|  NA|    NA|
|x|          2|         83|          5|     32604667.00|        166|00:14:27|+0.98|0.99|0.0016|
|x|          3|         83|          5|     32650261.33|        249|00:14:28|+0.98|0.99|0.0029|
|x|          4|         83|         76|     32620300.75|        332|00:14:28|+0.98|0.99|0.0029|
|-|          5|          4|         76|     32570362.80|        415|00:14:27|+0.04|0.23|0.7028|
+-+-----------+-----------+-----------+----------------+-----------+--------+-----+----+------+
Best-so-far configuration:          76    mean value:      32570362.80
Description of the best-so-far configuration:
   .ID. algorithm localsearch  alpha   beta    rho ants     q0 rasrank
76   76       acs           3 4.8887 1.7934 0.9045   69 0.4595      NA
   elitistants nnls dlb .PARENT.
76          NA    9   1       NA

# 2025-03-23 03:19:27 -03: Elite configurations (first number is the configuration ID; listed from best to worst according to the sum of ranks):
   algorithm localsearch  alpha   beta    rho ants     q0 rasrank elitistants
76       acs           3 4.8887 1.7934 0.9045   69 0.4595      NA          NA
2        eas           3 1.0997 1.7152 0.4482   46     NA      NA         213
5        acs           3 4.2247 5.4652 0.8195   58 0.6860      NA          NA
62       acs           3 3.0528 4.6840 0.4018   24 0.0767      NA          NA
   nnls dlb
76    9   1
2    14   1
5    20   1
62    6   0
# 2025-03-23 03:19:27 -03: Iteration 2 of 5
# experimentsUsed: 415
# remainingBudget: 2085
# currentBudget: 521
# nbConfigurations: 77
# Markers:
     x No test is performed.
     c Configurations are discarded only due to capping.
     - The test is performed and some configurations are discarded.
     = The test is performed but no configuration is discarded.
     ! The test is performed and configurations could be discarded but elite configurations are preserved.
     . All alive configurations are elite and nothing is discarded.

+-+-----------+-----------+-----------+----------------+-----------+--------+-----+----+------+
| |   Instance|      Alive|       Best|       Mean best| Exp so far|  W time|  rho|KenW|  Qvar|
+-+-----------+-----------+-----------+----------------+-----------+--------+-----+----+------+
|x|          6|         77|        106|     32205064.00|         77|00:13:19|   NA|  NA|    NA|
|x|          1|         77|        128|     32388647.00|        150|00:12:40|+0.98|0.99|0.0030|
|x|          5|         77|        128|     32361847.67|        223|00:12:38|+0.97|0.98|0.0021|
|x|          4|         77|        128|     32419529.00|        296|00:12:39|+0.98|0.98|0.0018|
|-|          3|          8|        128|     32467519.80|        369|00:12:39|+0.22|0.38|0.6324|
|=|          2|          8|        106|     32509874.50|        373|00:00:41|+0.14|0.28|0.7474|
|=|          7|          8|        106|     32508574.00|        381|00:01:23|+0.11|0.24|0.7954|
+-+-----------+-----------+-----------+----------------+-----------+--------+-----+----+------+
Best-so-far configuration:         106    mean value:      32508574.00
Description of the best-so-far configuration:
    .ID. algorithm localsearch alpha   beta    rho ants     q0 rasrank
106  106       acs           3  2.12 7.7342 0.7183   51 0.3003      NA
    elitistants nnls dlb .PARENT.
106          NA   20   1       76

# 2025-03-23 04:25:30 -03: Elite configurations (first number is the configuration ID; listed from best to worst according to the sum of ranks):
    algorithm localsearch  alpha   beta    rho ants     q0 rasrank elitistants
106       acs           3 2.1200 7.7342 0.7183   51 0.3003      NA          NA
127       acs           3 1.4724 2.3832 0.3685   10 0.0992      NA          NA
128       acs           3 4.2047 4.6676 0.8392   72 0.0313      NA          NA
76        acs           3 4.8887 1.7934 0.9045   69 0.4595      NA          NA
150       acs           3 2.1313 2.5171 0.7307   45 0.4039      NA          NA
    nnls dlb
106   20   1
127    8   1
128   27   1
76     9   1
150    7   0
# 2025-03-23 04:25:30 -03: Iteration 3 of 5
# experimentsUsed: 796
# remainingBudget: 1704
# currentBudget: 568
# nbConfigurations: 75
# Markers:
     x No test is performed.
     c Configurations are discarded only due to capping.
     - The test is performed and some configurations are discarded.
     = The test is performed but no configuration is discarded.
     ! The test is performed and configurations could be discarded but elite configurations are preserved.
     . All alive configurations are elite and nothing is discarded.

+-+-----------+-----------+-----------+----------------+-----------+--------+-----+----+------+
| |   Instance|      Alive|       Best|       Mean best| Exp so far|  W time|  rho|KenW|  Qvar|
+-+-----------+-----------+-----------+----------------+-----------+--------+-----+----+------+
|x|          8|         75|        167|     32355110.00|         75|00:13:00|   NA|  NA|    NA|
|x|          4|         75|        106|     32477669.50|        145|00:12:07|+0.95|0.98|0.0023|
|x|          2|         75|        192|     32505471.00|        215|00:12:07|+0.97|0.98|0.0030|
|x|          3|         75|        192|     32551820.00|        285|00:12:06|+0.97|0.97|0.0024|
|-|          1|         13|        192|     32556373.20|        355|00:12:07|-0.05|0.16|0.9787|
|=|          6|         13|        192|     32502898.83|        363|00:01:23|-0.01|0.16|0.9414|
|=|          7|         13|        106|     32515085.14|        371|00:01:23|+0.00|0.14|0.9095|
|=|          5|         13|        192|     32488369.50|        379|00:01:22|+0.02|0.14|0.9136|
|=|          9|         13|        192|     32483132.11|        392|00:02:14|+0.05|0.15|0.8709|
+-+-----------+-----------+-----------+----------------+-----------+--------+-----+----+------+
Best-so-far configuration:         192    mean value:      32483132.11
Description of the best-so-far configuration:
    .ID. algorithm localsearch  alpha   beta    rho ants     q0 rasrank
192  192       acs           3 3.0438 5.9361 0.3585   52 0.4818      NA
    elitistants nnls dlb .PARENT.
192          NA   22   1      106

# 2025-03-23 05:33:23 -03: Elite configurations (first number is the configuration ID; listed from best to worst according to the sum of ranks):
    algorithm localsearch  alpha   beta    rho ants     q0 rasrank elitistants
192       acs           3 3.0438 5.9361 0.3585   52 0.4818      NA          NA
160       acs           3 4.8807 5.3789 0.7731   77 0.0648      NA          NA
106       acs           3 2.1200 7.7342 0.7183   51 0.3003      NA          NA
190       acs           3 1.8955 4.2697 0.3564   38 0.0185      NA          NA
223       acs           3 2.1165 9.4694 0.5350   27 0.3206      NA          NA
    nnls dlb
192   22   1
160   14   1
106   20   1
190   27   1
223   15   1
# 2025-03-23 05:33:23 -03: Iteration 4 of 5
# experimentsUsed: 1188
# remainingBudget: 1312
# currentBudget: 656
# nbConfigurations: 70
# Markers:
     x No test is performed.
     c Configurations are discarded only due to capping.
     - The test is performed and some configurations are discarded.
     = The test is performed but no configuration is discarded.
     ! The test is performed and configurations could be discarded but elite configurations are preserved.
     . All alive configurations are elite and nothing is discarded.

+-+-----------+-----------+-----------+----------------+-----------+--------+-----+----+------+
| |   Instance|      Alive|       Best|       Mean best| Exp so far|  W time|  rho|KenW|  Qvar|
+-+-----------+-----------+-----------+----------------+-----------+--------+-----+----+------+
|x|         10|         70|        263|     32686997.00|         70|00:12:07|   NA|  NA|    NA|
|x|          8|         70|        235|     32548388.50|        135|00:11:17|+0.94|0.97|0.0025|
|x|          6|         70|        235|     32445257.33|        200|00:11:17|+0.94|0.96|0.0061|
|x|          3|         70|        235|     32510887.75|        265|00:11:16|+0.95|0.96|0.0057|
|-|          1|         12|        282|     32521050.40|        330|00:11:15|-0.01|0.19|0.9813|
|=|          9|         12|        281|     32497495.50|        337|00:01:13|-0.04|0.14|0.9642|
|=|          7|         12|        281|     32500551.86|        344|00:01:13|+0.00|0.14|0.9356|
|=|          4|         12|        281|     32508672.38|        351|00:01:13|-0.02|0.11|0.9637|
|=|          2|         12|        285|     32519860.00|        358|00:01:13|-0.03|0.08|0.9699|
|=|          5|         12|        235|     32509555.20|        365|00:01:13|-0.05|0.05|0.9849|
|=|         11|         12|        235|     32505942.64|        377|00:02:04|-0.05|0.04|0.9823|
+-+-----------+-----------+-----------+----------------+-----------+--------+-----+----+------+
Best-so-far configuration:         235    mean value:      32505942.64
Description of the best-so-far configuration:
    .ID. algorithm localsearch  alpha   beta    rho ants     q0 rasrank
235  235       acs           3 4.9229 3.2427 0.8762   69 0.0434      NA
    elitistants nnls dlb .PARENT.
235          NA   13   1      160

# 2025-03-23 06:38:48 -03: Elite configurations (first number is the configuration ID; listed from best to worst according to the sum of ranks):
    algorithm localsearch  alpha   beta    rho ants     q0 rasrank elitistants
235       acs           3 4.9229 3.2427 0.8762   69 0.0434      NA          NA
281       acs           3 2.1699 6.3061 0.3172   41 0.4416      NA          NA
252       acs           3 1.9011 9.9195 0.5783   23 0.3076      NA          NA
285       acs           3 3.5502 3.3099 0.2756   55 0.3576      NA          NA
106       acs           3 2.1200 7.7342 0.7183   51 0.3003      NA          NA
    nnls dlb
235   13   1
281   17   1
252   12   1
285   24   1
106   20   1
# 2025-03-23 06:38:48 -03: Iteration 5 of 5
# experimentsUsed: 1565
# remainingBudget: 935
# currentBudget: 935
# nbConfigurations: 82
# Markers:
     x No test is performed.
     c Configurations are discarded only due to capping.
     - The test is performed and some configurations are discarded.
     = The test is performed but no configuration is discarded.
     ! The test is performed and configurations could be discarded but elite configurations are preserved.
     . All alive configurations are elite and nothing is discarded.

+-+-----------+-----------+-----------+----------------+-----------+--------+-----+----+------+
| |   Instance|      Alive|       Best|       Mean best| Exp so far|  W time|  rho|KenW|  Qvar|
+-+-----------+-----------+-----------+----------------+-----------+--------+-----+----+------+
|x|         12|         82|        281|     32584641.00|         82|00:14:14|   NA|  NA|    NA|
|x|         10|         82|        299|     32642060.50|        159|00:13:20|+0.74|0.87|0.0039|
|x|          3|         82|        281|     32659171.00|        236|00:13:20|+0.74|0.83|0.0044|
|x|          1|         82|        281|     32626908.00|        313|00:13:19|+0.75|0.82|0.0044|
|-|          7|         21|        281|     32605304.40|        390|00:13:20|-0.08|0.14|0.9815|
|=|          2|         21|        353|     32615471.33|        406|00:02:46|-0.10|0.09|1.0013|
|=|          6|         21|        299|     32550175.29|        422|00:02:46|-0.05|0.10|0.9561|
|=|          8|         21|        313|     32535914.38|        438|00:02:47|-0.07|0.07|0.9796|
|=|          4|         21|        285|     32544415.67|        454|00:02:47|-0.06|0.05|0.9752|
|=|          5|         21|        297|     32523855.00|        470|00:02:47|-0.05|0.05|0.9867|
|=|          9|         21|        313|     32506030.64|        486|00:02:47|-0.03|0.06|0.9700|
|=|         11|         21|        297|     32507039.33|        502|00:02:47|-0.03|0.06|0.9659|
|=|         13|         21|        297|     32489759.23|        523|00:03:39|-0.02|0.06|0.9535|
+-+-----------+-----------+-----------+----------------+-----------+--------+-----+----+------+
Best-so-far configuration:         297    mean value:      32489759.23
Description of the best-so-far configuration:
    .ID. algorithm localsearch  alpha   beta    rho ants     q0 rasrank
297  297       acs           3 3.7223 2.9419 0.9551   64 0.0224      NA
    elitistants nnls dlb .PARENT.
297          NA   11   1      235

# 2025-03-23 08:09:35 -03: Elite configurations (first number is the configuration ID; listed from best to worst according to the sum of ranks):
    algorithm localsearch  alpha   beta    rho ants     q0 rasrank elitistants
297       acs           3 3.7223 2.9419 0.9551   64 0.0224      NA          NA
299       acs           3 4.6842 4.3636 0.8036   70 0.1677      NA          NA
313       acs           3 2.4721 7.7255 0.4611   50 0.4362      NA          NA
281       acs           3 2.1699 6.3061 0.3172   41 0.4416      NA          NA
322       acs           3 4.7111 3.4310 0.9534   76 0.1957      NA          NA
    nnls dlb
297   11   1
299    8   1
313   10   1
281   17   1
322   10   1
# 2025-03-23 08:09:35 -03: Iteration 6 of 6
# experimentsUsed: 2088
# remainingBudget: 412
# currentBudget: 412
# nbConfigurations: 34
# Markers:
     x No test is performed.
     c Configurations are discarded only due to capping.
     - The test is performed and some configurations are discarded.
     = The test is performed but no configuration is discarded.
     ! The test is performed and configurations could be discarded but elite configurations are preserved.
     . All alive configurations are elite and nothing is discarded.

+-+-----------+-----------+-----------+----------------+-----------+--------+-----+----+------+
| |   Instance|      Alive|       Best|       Mean best| Exp so far|  W time|  rho|KenW|  Qvar|
+-+-----------+-----------+-----------+----------------+-----------+--------+-----+----+------+
|x|         14|         34|        383|     32620689.00|         34|00:05:53|   NA|  NA|    NA|
|x|          3|         34|        297|     32644726.50|         63|00:05:02|+0.51|0.75|0.3539|
|x|          1|         34|        297|     32614616.67|         92|00:05:02|+0.45|0.63|0.3691|
|x|          6|         34|        281|     32525842.25|        121|00:05:01|+0.45|0.58|0.3649|
|-|          5|         12|        297|     32480747.00|        150|00:05:02|-0.06|0.15|0.9691|
|=|         12|         12|        281|     32505148.67|        157|00:01:12|+0.02|0.18|0.9014|
|=|          4|         12|        281|     32513772.57|        164|00:01:12|+0.02|0.16|0.8691|
|=|         11|         12|        297|     32505873.12|        171|00:01:12|+0.06|0.18|0.8198|
|-|          7|          9|        297|     32506129.67|        178|00:01:12|+0.01|0.12|0.8781|
|=|          9|          9|        299|     32495451.50|        182|00:00:41|+0.00|0.10|0.8690|
|=|          8|          9|        297|     32488427.18|        186|00:00:41|-0.00|0.09|0.8813|
|=|         13|          9|        297|     32471258.08|        190|00:00:41|+0.04|0.12|0.8479|
|=|         10|          9|        297|     32494136.69|        194|00:00:41|+0.04|0.12|0.8359|
|=|          2|          9|        297|     32499788.00|        198|00:00:41|+0.06|0.13|0.8282|
|-|         15|          6|        297|     32472028.67|        207|00:01:33|+0.00|0.07|0.8488|
|=|         16|          6|        297|     32468072.75|        213|00:01:02|-0.02|0.05|0.8541|
|=|         17|          6|        297|     32469188.65|        219|00:01:02|-0.01|0.05|0.8452|
+-+-----------+-----------+-----------+----------------+-----------+--------+-----+----+------+
Best-so-far configuration:         297    mean value:      32469188.65
Description of the best-so-far configuration:
    .ID. algorithm localsearch  alpha   beta    rho ants     q0 rasrank
297  297       acs           3 3.7223 2.9419 0.9551   64 0.0224      NA
    elitistants nnls dlb .PARENT.
297          NA   11   1      235

# 2025-03-23 08:47:34 -03: Elite configurations (first number is the configuration ID; listed from best to worst according to the sum of ranks):
    algorithm localsearch  alpha   beta    rho ants     q0 rasrank elitistants
297       acs           3 3.7223 2.9419 0.9551   64 0.0224      NA          NA
313       acs           3 2.4721 7.7255 0.4611   50 0.4362      NA          NA
281       acs           3 2.1699 6.3061 0.3172   41 0.4416      NA          NA
299       acs           3 4.6842 4.3636 0.8036   70 0.1677      NA          NA
322       acs           3 4.7111 3.4310 0.9534   76 0.1957      NA          NA
    nnls dlb
297   11   1
313   10   1
281   17   1
299    8   1
322   10   1
# 2025-03-23 08:47:34 -03: Iteration 7 of 7
# experimentsUsed: 2307
# remainingBudget: 193
# currentBudget: 193
# nbConfigurations: 15
# Markers:
     x No test is performed.
     c Configurations are discarded only due to capping.
     - The test is performed and some configurations are discarded.
     = The test is performed but no configuration is discarded.
     ! The test is performed and configurations could be discarded but elite configurations are preserved.
     . All alive configurations are elite and nothing is discarded.

+-+-----------+-----------+-----------+----------------+-----------+--------+-----+----+------+
| |   Instance|      Alive|       Best|       Mean best| Exp so far|  W time|  rho|KenW|  Qvar|
+-+-----------+-----------+-----------+----------------+-----------+--------+-----+----+------+
|x|         18|         15|        281|     32119301.00|         15|00:02:36|   NA|  NA|    NA|
|x|         17|         15|        281|     32302042.50|         25|00:01:44|+0.35|0.68|0.5205|
|x|         11|         15|        404|     32344141.33|         35|00:01:43|+0.28|0.52|0.5923|
|x|          3|         15|        404|     32423373.50|         45|00:01:43|+0.44|0.58|0.4487|
|=|          2|         15|        404|     32458035.00|         55|00:01:43|+0.15|0.32|0.7606|
|-|          9|         10|        313|     32463556.33|         65|00:01:44|+0.03|0.19|0.9335|
|=|          6|         10|        313|     32424729.86|         70|00:00:52|+0.00|0.14|0.9468|
|=|          1|         10|        281|     32447685.62|         75|00:00:52|+0.01|0.13|0.9172|
|=|          4|         10|        281|     32460777.89|         80|00:00:52|-0.01|0.11|0.9417|
|=|         13|         10|        281|     32442728.90|         85|00:00:52|+0.03|0.13|0.9138|
|=|         16|         10|        281|     32436509.09|         90|00:00:52|+0.03|0.11|0.9060|
|=|         12|         10|        281|     32448853.42|         95|00:00:52|+0.06|0.14|0.8695|
|=|          8|         10|        281|     32447419.62|        100|00:00:51|+0.03|0.10|0.8995|
|=|         15|         10|        297|     32425925.93|        105|00:00:52|+0.03|0.10|0.8911|
|=|         10|         10|        281|     32445144.33|        110|00:00:52|+0.03|0.10|0.8844|
|=|         14|         10|        297|     32460112.81|        115|00:00:51|+0.01|0.07|0.9020|
|=|          7|         10|        297|     32462940.41|        120|00:00:52|+0.01|0.07|0.9004|
|=|          5|         10|        297|     32454084.94|        125|00:00:52|+0.03|0.08|0.8849|
|=|         19|         10|        297|     32466632.26|        135|00:01:44|+0.04|0.09|0.8745|
+-+-----------+-----------+-----------+----------------+-----------+--------+-----+----+------+
Best-so-far configuration:         297    mean value:      32466632.26
Description of the best-so-far configuration:
    .ID. algorithm localsearch  alpha   beta    rho ants     q0 rasrank
297  297       acs           3 3.7223 2.9419 0.9551   64 0.0224      NA
    elitistants nnls dlb .PARENT.
297          NA   11   1      235

# 2025-03-23 09:11:02 -03: Elite configurations (first number is the configuration ID; listed from best to worst according to the sum of ranks):
    algorithm localsearch  alpha   beta    rho ants     q0 rasrank elitistants
297       acs           3 3.7223 2.9419 0.9551   64 0.0224      NA          NA
281       acs           3 2.1699 6.3061 0.3172   41 0.4416      NA          NA
299       acs           3 4.6842 4.3636 0.8036   70 0.1677      NA          NA
402       acs           3 2.6592 6.8696 0.4229   50 0.4682      NA          NA
313       acs           3 2.4721 7.7255 0.4611   50 0.4362      NA          NA
    nnls dlb
297   11   1
281   17   1
299    8   1
402   12   1
313   10   1
# 2025-03-23 09:11:02 -03: Iteration 8 of 8
# experimentsUsed: 2442
# remainingBudget: 58
# currentBudget: 58
# nbConfigurations: 7
# Markers:
     x No test is performed.
     c Configurations are discarded only due to capping.
     - The test is performed and some configurations are discarded.
     = The test is performed but no configuration is discarded.
     ! The test is performed and configurations could be discarded but elite configurations are preserved.
     . All alive configurations are elite and nothing is discarded.

+-+-----------+-----------+-----------+----------------+-----------+--------+-----+----+------+
| |   Instance|      Alive|       Best|       Mean best| Exp so far|  W time|  rho|KenW|  Qvar|
+-+-----------+-----------+-----------+----------------+-----------+--------+-----+----+------+
|x|         20|          7|        281|     32750050.00|          7|00:01:12|   NA|  NA|    NA|
|x|         15|          7|        297|     32429364.00|          9|00:00:20|+0.21|0.61|0.6703|
|x|         10|          7|        297|     32542469.33|         11|00:00:20|+0.08|0.39|0.5412|
|x|         14|          7|        297|     32564392.50|         13|00:00:20|+0.23|0.42|0.4326|
|=|          2|          7|        297|     32566165.00|         15|00:00:20|+0.24|0.39|0.5283|
|=|         16|          7|        409|     32542381.33|         17|00:00:20|+0.17|0.31|0.5878|
|-|          9|          6|        409|     32517345.14|         19|00:00:20|-0.13|0.03|0.9145|
|=|         17|          6|        409|     32511762.00|         20|00:00:10|-0.05|0.08|0.8508|
|=|          4|          6|        409|     32514199.67|         21|00:00:10|-0.03|0.08|0.8250|
|=|          5|          6|        409|     32497405.90|         22|00:00:10|-0.03|0.07|0.8339|
|=|         11|          6|        409|     32492098.82|         23|00:00:10|-0.04|0.06|0.8409|
|=|         19|          6|        409|     32508986.83|         24|00:00:10|-0.05|0.04|0.8539|
|=|          1|          6|        409|     32511946.31|         25|00:00:10|-0.05|0.03|0.8582|
|=|          3|          6|        297|     32524600.71|         26|00:00:10|-0.04|0.03|0.8554|
|=|          7|          6|        409|     32523024.80|         27|00:00:10|-0.02|0.05|0.8355|
|=|         18|          6|        409|     32500827.75|         28|00:00:10|-0.02|0.04|0.8384|
|=|         12|          6|        297|     32512123.53|         29|00:00:10|-0.02|0.04|0.8486|
|=|         13|          6|        409|     32498508.39|         30|00:00:10|-0.00|0.06|0.8327|
|=|          6|          6|        281|     32484753.58|         31|00:00:10|-0.01|0.04|0.8474|
|=|          8|          6|        409|     32481155.00|         32|00:00:10|-0.00|0.05|0.8406|
|=|         21|          6|        409|     32486821.29|         38|00:01:02|+0.01|0.05|0.8349|
+-+-----------+-----------+-----------+----------------+-----------+--------+-----+----+------+
Best-so-far configuration:         409    mean value:      32486821.29
Description of the best-so-far configuration:
    .ID. algorithm localsearch  alpha   beta    rho ants     q0 rasrank
409  409       acs           3 2.5941 6.6715 0.2066   40 0.4275      NA
    elitistants nnls dlb .PARENT.
409          NA   14   1      281

# 2025-03-23 09:17:37 -03: Elite configurations (first number is the configuration ID; listed from best to worst according to the sum of ranks):
    algorithm localsearch  alpha   beta    rho ants     q0 rasrank elitistants
409       acs           3 2.5941 6.6715 0.2066   40 0.4275      NA          NA
297       acs           3 3.7223 2.9419 0.9551   64 0.0224      NA          NA
281       acs           3 2.1699 6.3061 0.3172   41 0.4416      NA          NA
299       acs           3 4.6842 4.3636 0.8036   70 0.1677      NA          NA
402       acs           3 2.6592 6.8696 0.4229   50 0.4682      NA          NA
    nnls dlb
409   14   1
297   11   1
281   17   1
299    8   1
402   12   1
# 2025-03-23 09:17:37 -03: Stopped because there is not enough budget left to race more than the minimum (5).
# You may either increase the budget or set 'minNbSurvival' to a lower value.
# Iteration: 9
# nbIterations: 9
# experimentsUsed: 2480
# timeUsed: 0
# remainingBudget: 20
# currentBudget: 20
# number of elites: 5
# nbConfigurations: 5
# Total CPU user time: 25686.16, CPU sys time: 157.2, Wall-clock time: 25832.54
# 2025-03-23 09:17:37 -03: Starting post-selection:
# Configurations selected: 409, 297, 281, 299, 402, 313, 322, 235.
# Pending instances: 1, 1, 1, 1, 1, 1, 3, 9.
# 2025-03-23 09:17:38 -03: seed: 192837465
# Configurations: 8
# Available experiments: 20
# minSurvival: 1
# Markers:
     x No test is performed.
     c Configurations are discarded only due to capping.
     - The test is performed and some configurations are discarded.
     = The test is performed but no configuration is discarded.
     ! The test is performed and configurations could be discarded but elite configurations are preserved.
     . All alive configurations are elite and nothing is discarded.

+-+-----------+-----------+-----------+----------------+-----------+--------+-----+----+------+
| |   Instance|      Alive|       Best|       Mean best| Exp so far|  W time|  rho|KenW|  Qvar|
+-+-----------+-----------+-----------+----------------+-----------+--------+-----+----+------+
|x|         17|          8|        235|     32466473.00|          1|00:00:10|   NA|  NA|    NA|
|.|          4|          8|        235|     32501677.50|          1|00:00:00|+0.12|0.56|0.6346|
|.|          1|          8|        235|     32528990.67|          1|00:00:00|-0.11|0.26|0.9685|
|.|          8|          8|        235|     32493945.25|          1|00:00:00|+0.11|0.33|0.7810|
|x|         15|          8|        409|     32415753.20|          2|00:00:10|-0.01|0.19|0.8876|
|x|         21|          8|        409|     32446485.50|          4|00:00:20|+0.00|0.17|0.8997|
|.|         13|          8|        409|     32422636.00|          4|00:00:00|+0.09|0.22|0.8406|
|.|         10|          8|        409|     32459965.50|          4|00:00:00|-0.01|0.12|0.9069|
|x|         20|          8|        409|     32492265.00|          6|00:00:20|+0.05|0.16|0.8580|
|x|         19|          8|        409|     32512514.00|          7|00:00:10|+0.06|0.15|0.8459|
|.|          9|          8|        409|     32499297.09|          7|00:00:00|+0.07|0.16|0.8142|
|.|          3|          8|        409|     32515941.33|          7|00:00:00|+0.07|0.15|0.8109|
|x|         16|          8|        409|     32506032.85|          8|00:00:10|+0.08|0.15|0.7908|
|.|          5|          8|        409|     32494620.64|          8|00:00:00|+0.05|0.12|0.8172|
|.|         12|          8|        409|     32507003.80|          8|00:00:00|+0.06|0.12|0.8129|
|.|          7|          8|        409|     32506006.19|          8|00:00:00|+0.08|0.14|0.7891|
|x|         14|          8|        409|     32513518.53|          9|00:00:10|+0.11|0.16|0.7649|
|.|          6|          8|        409|     32499553.17|          9|00:00:00|+0.08|0.13|0.7900|
|.|         11|          8|        409|     32496367.63|          9|00:00:00|+0.08|0.13|0.7903|
|.|          2|          8|        409|     32502768.75|          9|00:00:00|+0.06|0.11|0.8072|
|=|         18|          8|        297|     32487478.86|         10|00:00:10|+0.05|0.09|0.8248|
|=|         22|          8|        297|     32490509.00|         18|00:01:23|+0.03|0.07|0.8396|
+-+-----------+-----------+-----------+----------------+-----------+--------+-----+----+------+
Best-so-far configuration:         297    mean value:      32490509.00
Description of the best-so-far configuration:
    .ID. algorithm localsearch  alpha   beta    rho ants     q0 rasrank
297  297       acs           3 3.7223 2.9419 0.9551   64 0.0224      NA
    elitistants nnls dlb .PARENT.
297          NA   11   1      235

# 2025-03-23 09:20:46 -03: Elite configurations (first number is the configuration ID; listed from best to worst according to the sum of ranks):
    algorithm localsearch  alpha   beta    rho ants     q0 rasrank elitistants
297       acs           3 3.7223 2.9419 0.9551   64 0.0224      NA          NA
409       acs           3 2.5941 6.6715 0.2066   40 0.4275      NA          NA
281       acs           3 2.1699 6.3061 0.3172   41 0.4416      NA          NA
402       acs           3 2.6592 6.8696 0.4229   50 0.4682      NA          NA
299       acs           3 4.6842 4.3636 0.8036   70 0.1677      NA          NA
    nnls dlb
297   11   1
409   14   1
281   17   1
402   12   1
299    8   1
# Total CPU user time: 25873.14, CPU sys time: 158.39, Wall-clock time: 26020.63
    .ID. algorithm localsearch  alpha   beta    rho ants     q0 rasrank
297  297       acs           3 3.7223 2.9419 0.9551   64 0.0224      NA
409  409       acs           3 2.5941 6.6715 0.2066   40 0.4275      NA
281  281       acs           3 2.1699 6.3061 0.3172   41 0.4416      NA
402  402       acs           3 2.6592 6.8696 0.4229   50 0.4682      NA
299  299       acs           3 4.6842 4.3636 0.8036   70 0.1677      NA
    elitistants nnls dlb .PARENT. .RANK.   .WEIGHT.
297          NA   11   1      235     83 0.33333333
409          NA   14   1      281     87 0.26666667
281          NA   17   1      192     88 0.20000000
402          NA   12   1      313     96 0.13333333
299          NA    8   1      235     98 0.06666667
