# 2025-03-19 18:36:51 -03: Reading parameter file '/home/dianag/PruebasPablo/irace-runs/Runs-T/ACOTSP-N/Run/N_seed_374829374/parameters.txt'.
# 2025-03-19 18:36:51 -03: 1 expression(s) specifying forbidden configurations read.
# 2025-03-19 18:36:52 -03: Initialization
# Elitist race
# Elitist new instances: 1
# Elitist limit: 2
# nbIterations: 5
# minNbSurvival: 5
# nbParameters: 11
# seed: 374829374
# confidence level: 0.95
# budget: 2500
# mu: 5
# deterministic: FALSE

# 2025-03-19 18:36:52 -03: Iteration 1 of 5
# experimentsUsed: 0
# remainingBudget: 2500
# currentBudget: 500
# nbConfigurations: 83
# Markers:
     x No test is performed.
     c Configurations are discarded only due to capping.
     - The test is performed and some configurations are discarded.
     = The test is performed but no configuration is discarded.
     ! The test is performed and configurations could be discarded but elite configurations are preserved.
     . All alive configurations are elite and nothing is discarded.

+-+-----------+-----------+-----------+----------------+-----------+--------+-----+----+------+
| |   Instance|      Alive|       Best|       Mean best| Exp so far|  W time|  rho|KenW|  Qvar|
+-+-----------+-----------+-----------+----------------+-----------+--------+-----+----+------+
|x|          1|         83|         62|     32823007.00|         83|00:14:29|   NA|  NA|    NA|
|x|          2|         83|         43|     32515193.50|        166|00:14:28|+0.97|0.99|0.0011|
|x|          3|         83|         43|     32589363.67|        249|00:14:29|+0.97|0.98|0.0014|
|x|          4|         83|         43|     32625803.75|        332|00:14:29|+0.97|0.98|0.0022|
|-|          5|          4|         43|     32637637.60|        415|00:14:28|+0.52|0.62|0.4480|
+-+-----------+-----------+-----------+----------------+-----------+--------+-----+----+------+
Best-so-far configuration:          43    mean value:      32637637.60
Description of the best-so-far configuration:
   .ID. algorithm localsearch  alpha   beta    rho ants     q0 rasrank
43   43       acs           3 4.4518 1.9965 0.6496   36 0.8455      NA
   elitistants nnls dlb .PARENT.
43          NA   20   1       NA

# 2025-03-19 19:49:17 -03: Elite configurations (first number is the configuration ID; listed from best to worst according to the sum of ranks):
   algorithm localsearch  alpha   beta    rho ants     q0 rasrank elitistants
43       acs           3 4.4518 1.9965 0.6496   36 0.8455      NA          NA
62       acs           2 3.0456 6.0590 0.9280   69 0.3143      NA          NA
24      mmas           3 4.0612 7.1528 0.4176   67     NA      NA          NA
26        as           3 3.1237 1.5278 0.6032   85     NA      NA          NA
   nnls dlb
43   20   1
62   27   1
24    9   1
26   46   1
# 2025-03-19 19:49:17 -03: Iteration 2 of 5
# experimentsUsed: 415
# remainingBudget: 2085
# currentBudget: 521
# nbConfigurations: 77
# Markers:
     x No test is performed.
     c Configurations are discarded only due to capping.
     - The test is performed and some configurations are discarded.
     = The test is performed but no configuration is discarded.
     ! The test is performed and configurations could be discarded but elite configurations are preserved.
     . All alive configurations are elite and nothing is discarded.

+-+-----------+-----------+-----------+----------------+-----------+--------+-----+----+------+
| |   Instance|      Alive|       Best|       Mean best| Exp so far|  W time|  rho|KenW|  Qvar|
+-+-----------+-----------+-----------+----------------+-----------+--------+-----+----+------+
|x|          6|         77|        152|     32665456.00|         77|00:13:25|   NA|  NA|    NA|
|x|          3|         77|        129|     32732743.00|        150|00:12:43|+0.93|0.96|0.0058|
|x|          2|         77|        129|     32540510.00|        223|00:12:42|+0.94|0.96|0.0061|
|x|          1|         77|        129|     32601370.00|        296|00:12:37|+0.94|0.96|0.0049|
|-|          4|          9|        129|     32613160.20|        369|00:12:36|+0.56|0.65|0.3278|
|-|          5|          2|        129|     32613206.17|        374|00:00:51|+0.33|0.44|0.3333|
+-+-----------+-----------+-----------+----------------+-----------+--------+-----+----+------+
Best-so-far configuration:         129    mean value:      32613206.17
Description of the best-so-far configuration:
    .ID. algorithm localsearch  alpha  beta    rho ants     q0 rasrank
129  129       acs           3 4.0526 4.357 0.5584   73 0.6748      NA
    elitistants nnls dlb .PARENT.
129          NA    6   0       43

# 2025-03-19 20:54:14 -03: Elite configurations (first number is the configuration ID; listed from best to worst according to the sum of ranks):
    algorithm localsearch  alpha   beta    rho ants     q0 rasrank elitistants
129       acs           3 4.0526 4.3570 0.5584   73 0.6748      NA          NA
43        acs           3 4.4518 1.9965 0.6496   36 0.8455      NA          NA
    nnls dlb
129    6   0
43    20   1
# 2025-03-19 20:54:14 -03: Iteration 3 of 5
# experimentsUsed: 789
# remainingBudget: 1711
# currentBudget: 570
# nbConfigurations: 72
# Markers:
     x No test is performed.
     c Configurations are discarded only due to capping.
     - The test is performed and some configurations are discarded.
     = The test is performed but no configuration is discarded.
     ! The test is performed and configurations could be discarded but elite configurations are preserved.
     . All alive configurations are elite and nothing is discarded.

+-+-----------+-----------+-----------+----------------+-----------+--------+-----+----+------+
| |   Instance|      Alive|       Best|       Mean best| Exp so far|  W time|  rho|KenW|  Qvar|
+-+-----------+-----------+-----------+----------------+-----------+--------+-----+----+------+
|x|          7|         72|        200|     32420771.00|         72|00:12:27|   NA|  NA|    NA|
|x|          4|         72|        200|     32517697.50|        142|00:12:05|+0.91|0.95|0.0008|
|x|          3|         72|        165|     32608243.33|        212|00:12:07|+0.91|0.94|0.0009|
|x|          1|         72|        222|     32644766.25|        282|00:12:06|+0.91|0.94|0.0007|
|-|          2|         12|        185|     32545802.20|        352|00:12:06|+0.08|0.26|0.8849|
|=|          5|         12|        185|     32551333.17|        362|00:01:43|+0.15|0.29|0.8119|
|-|          6|          6|        185|     32572877.86|        372|00:01:44|-0.02|0.13|0.8540|
|=|          8|          6|        200|     32552015.50|        378|00:01:02|+0.02|0.14|0.8103|
|=|          9|          6|        200|     32574098.78|        384|00:01:02|-0.01|0.10|0.8343|
+-+-----------+-----------+-----------+----------------+-----------+--------+-----+----+------+
Best-so-far configuration:         200    mean value:      32574098.78
Description of the best-so-far configuration:
    .ID. algorithm localsearch  alpha   beta    rho ants     q0 rasrank
200  200       acs           3 4.1122 4.0034 0.2473   65 0.3845      NA
    elitistants nnls dlb .PARENT.
200          NA   11   1      129

# 2025-03-19 22:00:41 -03: Elite configurations (first number is the configuration ID; listed from best to worst according to the sum of ranks):
    algorithm localsearch  alpha   beta    rho ants     q0 rasrank elitistants
200       acs           3 4.1122 4.0034 0.2473   65 0.3845      NA          NA
186       acs           3 4.6831 6.9038 0.7065   67 0.5203      NA          NA
185       acs           3 4.6797 2.9325 0.7512   71 0.7835      NA          NA
222       acs           3 2.2170 0.4302 0.5511   39 0.6025      NA          NA
190       acs           3 3.0154 0.8994 0.8909   57 0.5412      NA          NA
    nnls dlb
200   11   1
186   10   0
185   10   1
222   19   1
190    9   1
# 2025-03-19 22:00:41 -03: Iteration 4 of 5
# experimentsUsed: 1173
# remainingBudget: 1327
# currentBudget: 663
# nbConfigurations: 70
# Markers:
     x No test is performed.
     c Configurations are discarded only due to capping.
     - The test is performed and some configurations are discarded.
     = The test is performed but no configuration is discarded.
     ! The test is performed and configurations could be discarded but elite configurations are preserved.
     . All alive configurations are elite and nothing is discarded.

+-+-----------+-----------+-----------+----------------+-----------+--------+-----+----+------+
| |   Instance|      Alive|       Best|       Mean best| Exp so far|  W time|  rho|KenW|  Qvar|
+-+-----------+-----------+-----------+----------------+-----------+--------+-----+----+------+
|x|         10|         70|        233|     32123969.00|         70|00:12:06|   NA|  NA|    NA|
|x|          1|         70|        278|     32433196.50|        135|00:11:15|+0.90|0.95|0.0016|
|x|          9|         70|        268|     32528361.33|        200|00:11:14|+0.89|0.93|0.0028|
|x|          4|         70|        268|     32555977.75|        265|00:11:16|+0.89|0.92|0.0025|
|-|          8|         18|        268|     32534590.60|        330|00:11:16|-0.05|0.16|1.0053|
|=|          2|         18|        268|     32458366.83|        343|00:02:14|-0.05|0.13|1.0042|
|=|          6|         18|        268|     32485599.71|        356|00:02:15|+0.03|0.16|0.9326|
|=|          5|         18|        268|     32500139.12|        369|00:02:15|+0.05|0.17|0.9007|
|=|          3|         18|        268|     32522742.00|        382|00:02:15|+0.03|0.14|0.9215|
|=|          7|         18|        268|     32507889.10|        395|00:02:15|+0.03|0.13|0.9268|
|=|         11|         18|        268|     32480989.27|        413|00:03:06|+0.04|0.13|0.9070|
+-+-----------+-----------+-----------+----------------+-----------+--------+-----+----+------+
Best-so-far configuration:         268    mean value:      32480989.27
Description of the best-so-far configuration:
    .ID. algorithm localsearch  alpha   beta    rho ants     q0 rasrank
268  268       acs           3 4.5862 3.9622 0.4103   63 0.3354      NA
    elitistants nnls dlb .PARENT.
268          NA   17   1      200

# 2025-03-19 23:12:11 -03: Elite configurations (first number is the configuration ID; listed from best to worst according to the sum of ranks):
    algorithm localsearch  alpha   beta    rho ants     q0 rasrank elitistants
268       acs           3 4.5862 3.9622 0.4103   63 0.3354      NA          NA
244       acs           3 4.8212 2.0932 0.4078   75 0.7962      NA          NA
278       acs           3 4.3933 1.7158 0.7831   73 0.6642      NA          NA
230       acs           3 2.9748 4.4951 0.1576   47 0.5208      NA          NA
279       acs           3 3.5470 1.7063 0.8186   68 0.6781      NA          NA
    nnls dlb
268   17   1
244   20   1
278    9   1
230   21   1
279   16   1
# 2025-03-19 23:12:11 -03: Iteration 5 of 5
# experimentsUsed: 1586
# remainingBudget: 914
# currentBudget: 914
# nbConfigurations: 80
# Markers:
     x No test is performed.
     c Configurations are discarded only due to capping.
     - The test is performed and some configurations are discarded.
     = The test is performed but no configuration is discarded.
     ! The test is performed and configurations could be discarded but elite configurations are preserved.
     . All alive configurations are elite and nothing is discarded.

+-+-----------+-----------+-----------+----------------+-----------+--------+-----+----+------+
| |   Instance|      Alive|       Best|       Mean best| Exp so far|  W time|  rho|KenW|  Qvar|
+-+-----------+-----------+-----------+----------------+-----------+--------+-----+----+------+
|x|         12|         80|        330|     32541078.00|         80|00:13:50|   NA|  NA|    NA|
|x|          5|         80|        345|     32570242.00|        155|00:12:56|+0.59|0.79|0.1374|
|x|          2|         80|        323|     32409947.00|        230|00:12:57|+0.60|0.74|0.1078|
|x|         10|         80|        268|     32351315.75|        305|00:12:58|+0.60|0.70|0.1112|
|-|         11|         28|        268|     32323450.80|        380|00:12:58|-0.05|0.16|1.0065|
|=|          4|         28|        268|     32376013.50|        403|00:03:58|+0.00|0.17|0.9566|
|=|          6|         28|        307|     32413715.57|        426|00:04:00|+0.02|0.16|0.9507|
|=|          8|         28|        268|     32419265.00|        449|00:03:59|+0.01|0.13|0.9491|
|=|          9|         28|        268|     32446810.11|        472|00:03:59|+0.04|0.14|0.9322|
|=|          1|         28|        268|     32476516.10|        495|00:04:00|+0.04|0.14|0.9194|
|-|          3|         20|        268|     32497156.91|        518|00:03:59|-0.02|0.07|0.9723|
|=|          7|         20|        268|     32486911.58|        533|00:02:36|-0.02|0.07|0.9651|
|=|         13|         20|        268|     32513569.46|        553|00:03:28|-0.02|0.05|0.9707|
+-+-----------+-----------+-----------+----------------+-----------+--------+-----+----+------+
Best-so-far configuration:         268    mean value:      32513569.46
Description of the best-so-far configuration:
    .ID. algorithm localsearch  alpha   beta    rho ants     q0 rasrank
268  268       acs           3 4.5862 3.9622 0.4103   63 0.3354      NA
    elitistants nnls dlb .PARENT.
268          NA   17   1      200

# 2025-03-20 00:47:56 -03: Elite configurations (first number is the configuration ID; listed from best to worst according to the sum of ranks):
    algorithm localsearch  alpha   beta    rho ants     q0 rasrank elitistants
268       acs           3 4.5862 3.9622 0.4103   63 0.3354      NA          NA
363       acs           3 4.9525 1.2993 0.7939   74 0.5839      NA          NA
307       acs           3 3.3200 4.9797 0.1383   46 0.4710      NA          NA
294       acs           3 4.7661 1.7011 0.3555   65 0.8233      NA          NA
297       acs           3 4.5484 4.1882 0.2781   57 0.2586      NA          NA
    nnls dlb
268   17   1
363    9   1
307   16   1
294   22   1
297   15   1
# 2025-03-20 00:47:56 -03: Iteration 6 of 6
# experimentsUsed: 2139
# remainingBudget: 361
# currentBudget: 361
# nbConfigurations: 30
# Markers:
     x No test is performed.
     c Configurations are discarded only due to capping.
     - The test is performed and some configurations are discarded.
     = The test is performed but no configuration is discarded.
     ! The test is performed and configurations could be discarded but elite configurations are preserved.
     . All alive configurations are elite and nothing is discarded.

+-+-----------+-----------+-----------+----------------+-----------+--------+-----+----+------+
| |   Instance|      Alive|       Best|       Mean best| Exp so far|  W time|  rho|KenW|  Qvar|
+-+-----------+-----------+-----------+----------------+-----------+--------+-----+----+------+
|x|         14|         30|        363|     32529721.00|         30|00:05:10|   NA|  NA|    NA|
|x|          9|         30|        268|     32598829.50|         55|00:04:19|+0.51|0.76|0.2628|
|x|          2|         30|        268|     32424969.00|         80|00:04:19|+0.57|0.71|0.3211|
|x|          6|         30|        384|     32472487.75|        105|00:04:19|+0.52|0.64|0.3306|
|-|          4|         12|        384|     32510335.80|        130|00:04:18|-0.02|0.18|0.8743|
|=|         13|         12|        363|     32558199.83|        137|00:01:12|-0.11|0.08|0.9213|
|=|          1|         12|        363|     32575192.29|        144|00:01:12|-0.06|0.09|0.8860|
|=|         12|         12|        363|     32573350.38|        151|00:01:12|-0.02|0.10|0.8344|
|=|          3|         12|        363|     32586088.11|        158|00:01:12|-0.04|0.08|0.8705|
|=|         11|         12|        363|     32544979.00|        165|00:01:12|-0.03|0.08|0.8849|
|=|          8|         12|        363|     32537762.64|        172|00:01:13|-0.02|0.08|0.8913|
|=|          5|         12|        363|     32543865.25|        179|00:01:12|-0.00|0.08|0.8808|
|=|          7|         12|        363|     32535705.00|        186|00:01:12|+0.00|0.08|0.8782|
|=|         10|         12|        268|     32514777.93|        193|00:01:12|+0.01|0.08|0.8803|
|=|         15|         12|        384|     32519717.87|        205|00:02:04|+0.03|0.09|0.8636|
+-+-----------+-----------+-----------+----------------+-----------+--------+-----+----+------+
Best-so-far configuration:         384    mean value:      32519717.87
Description of the best-so-far configuration:
    .ID. algorithm localsearch  alpha   beta    rho ants     q0 rasrank
384  384       acs           3 3.5354 3.9641 0.0605   40 0.4143      NA
    elitistants nnls dlb .PARENT.
384          NA   13   1      307

# 2025-03-20 01:23:21 -03: Elite configurations (first number is the configuration ID; listed from best to worst according to the sum of ranks):
    algorithm localsearch  alpha   beta    rho ants     q0 rasrank elitistants
384       acs           3 3.5354 3.9641 0.0605   40 0.4143      NA          NA
268       acs           3 4.5862 3.9622 0.4103   63 0.3354      NA          NA
363       acs           3 4.9525 1.2993 0.7939   74 0.5839      NA          NA
297       acs           3 4.5484 4.1882 0.2781   57 0.2586      NA          NA
307       acs           3 3.3200 4.9797 0.1383   46 0.4710      NA          NA
    nnls dlb
384   13   1
268   17   1
363    9   1
297   15   1
307   16   1
# 2025-03-20 01:23:21 -03: Iteration 7 of 7
# experimentsUsed: 2344
# remainingBudget: 156
# currentBudget: 156
# nbConfigurations: 14
# Markers:
     x No test is performed.
     c Configurations are discarded only due to capping.
     - The test is performed and some configurations are discarded.
     = The test is performed but no configuration is discarded.
     ! The test is performed and configurations could be discarded but elite configurations are preserved.
     . All alive configurations are elite and nothing is discarded.

+-+-----------+-----------+-----------+----------------+-----------+--------+-----+----+------+
| |   Instance|      Alive|       Best|       Mean best| Exp so far|  W time|  rho|KenW|  Qvar|
+-+-----------+-----------+-----------+----------------+-----------+--------+-----+----+------+
|x|         16|         14|        395|     32665904.00|         14|00:02:25|   NA|  NA|    NA|
|x|         12|         14|        268|     32618358.00|         23|00:01:33|+0.39|0.70|0.0001|
|x|         15|         14|        268|     32629711.33|         32|00:01:33|+0.48|0.65|0.0001|
|x|          9|         14|        268|     32639076.25|         41|00:01:33|+0.47|0.60|0.0001|
|-|         11|          9|        268|     32553659.20|         50|00:01:33|-0.15|0.08|1.0270|
|=|          6|          9|        393|     32570587.50|         54|00:00:41|-0.09|0.09|0.9698|
|=|          1|          9|        363|     32588337.00|         58|00:00:41|-0.09|0.07|0.9798|
|=|         13|          9|        363|     32609414.38|         62|00:00:41|-0.06|0.07|0.9480|
|=|          2|          9|        363|     32554119.33|         66|00:00:41|-0.07|0.05|0.9467|
|=|          3|          9|        297|     32566886.40|         70|00:00:41|-0.05|0.06|0.9337|
|=|         14|          9|        363|     32564071.36|         74|00:00:41|-0.05|0.05|0.9287|
|=|          4|          9|        363|     32566640.92|         78|00:00:41|-0.04|0.05|0.9168|
|=|         10|          9|        363|     32539483.54|         82|00:00:41|-0.05|0.03|0.9272|
|=|          5|          9|        363|     32544591.43|         86|00:00:41|-0.06|0.02|0.9357|
|=|          7|          9|        363|     32537470.80|         90|00:00:41|-0.05|0.02|0.9262|
|=|          8|          9|        268|     32533998.00|         94|00:00:41|-0.05|0.01|0.9239|
|=|         17|          9|        268|     32560453.53|        103|00:01:33|-0.04|0.02|0.9191|
+-+-----------+-----------+-----------+----------------+-----------+--------+-----+----+------+
Best-so-far configuration:         268    mean value:      32560453.53
Description of the best-so-far configuration:
    .ID. algorithm localsearch  alpha   beta    rho ants     q0 rasrank
268  268       acs           3 4.5862 3.9622 0.4103   63 0.3354      NA
    elitistants nnls dlb .PARENT.
268          NA   17   1      200

# 2025-03-20 01:41:14 -03: Elite configurations (first number is the configuration ID; listed from best to worst according to the sum of ranks):
    algorithm localsearch  alpha   beta    rho ants     q0 rasrank elitistants
268       acs           3 4.5862 3.9622 0.4103   63 0.3354      NA          NA
363       acs           3 4.9525 1.2993 0.7939   74 0.5839      NA          NA
307       acs           3 3.3200 4.9797 0.1383   46 0.4710      NA          NA
393       acs           3 3.8864 3.8320 0.0475   34 0.3755      NA          NA
384       acs           3 3.5354 3.9641 0.0605   40 0.4143      NA          NA
    nnls dlb
268   17   1
363    9   1
307   16   1
393   10   1
384   13   1
# 2025-03-20 01:41:14 -03: Iteration 8 of 8
# experimentsUsed: 2447
# remainingBudget: 53
# currentBudget: 53
# nbConfigurations: 7
# Markers:
     x No test is performed.
     c Configurations are discarded only due to capping.
     - The test is performed and some configurations are discarded.
     = The test is performed but no configuration is discarded.
     ! The test is performed and configurations could be discarded but elite configurations are preserved.
     . All alive configurations are elite and nothing is discarded.

+-+-----------+-----------+-----------+----------------+-----------+--------+-----+----+------+
| |   Instance|      Alive|       Best|       Mean best| Exp so far|  W time|  rho|KenW|  Qvar|
+-+-----------+-----------+-----------+----------------+-----------+--------+-----+----+------+
|x|         18|          7|        268|     32885902.00|          7|00:01:13|   NA|  NA|    NA|
|x|         10|          7|        268|     32529972.50|          9|00:00:20|+0.21|0.61|0.7724|
|x|          3|          7|        393|     32580484.00|         11|00:00:20|-0.04|0.31|0.9107|
|x|          5|          7|        393|     32575354.00|         13|00:00:21|+0.23|0.42|0.7079|
|-|          8|          5|        393|     32543782.00|         15|00:00:20|+0.25|0.40|0.5774|
|.|          2|          5|        393|     32486074.00|         15|00:00:00|+0.13|0.27|0.7511|
|.|          6|          5|        393|     32504344.86|         15|00:00:00|+0.15|0.27|0.6895|
|.|          9|          5|        393|     32528807.12|         15|00:00:00|+0.13|0.24|0.7063|
|.|         11|          5|        393|     32487670.78|         15|00:00:00|+0.10|0.20|0.7483|
|.|         15|          5|        393|     32505552.70|         15|00:00:00|+0.10|0.19|0.7425|
|.|         17|          5|        393|     32550064.36|         15|00:00:00|+0.06|0.15|0.7689|
|.|         12|          5|        393|     32548780.17|         15|00:00:00|+0.07|0.14|0.7779|
|.|         13|          5|        393|     32567199.92|         15|00:00:00|+0.02|0.10|0.8001|
|.|         16|          5|        393|     32580241.93|         15|00:00:00|-0.00|0.07|0.8227|
|.|          7|          5|        393|     32574486.07|         15|00:00:00|-0.01|0.06|0.8299|
|.|         14|          5|        393|     32573992.44|         15|00:00:00|-0.04|0.03|0.8404|
|.|          4|          5|        393|     32584625.00|         15|00:00:00|-0.05|0.02|0.8437|
|.|          1|          5|        393|     32592925.56|         15|00:00:00|-0.05|0.00|0.8446|
+-+-----------+-----------+-----------+----------------+-----------+--------+-----+----+------+
Best configuration for the instances in this race: 393
Best-so-far configuration:         268    mean value:      32578534.00
Description of the best-so-far configuration:
    .ID. algorithm localsearch  alpha   beta    rho ants     q0 rasrank
268  268       acs           3 4.5862 3.9622 0.4103   63 0.3354      NA
    elitistants nnls dlb .PARENT.
268          NA   17   1      200

# 2025-03-20 01:43:51 -03: Elite configurations (first number is the configuration ID; listed from best to worst according to the sum of ranks):
    algorithm localsearch  alpha   beta    rho ants     q0 rasrank elitistants
268       acs           3 4.5862 3.9622 0.4103   63 0.3354      NA          NA
393       acs           3 3.8864 3.8320 0.0475   34 0.3755      NA          NA
307       acs           3 3.3200 4.9797 0.1383   46 0.4710      NA          NA
384       acs           3 3.5354 3.9641 0.0605   40 0.4143      NA          NA
363       acs           3 4.9525 1.2993 0.7939   74 0.5839      NA          NA
    nnls dlb
268   17   1
393   10   1
307   16   1
384   13   1
363    9   1
# 2025-03-20 01:43:51 -03: Iteration 9 of 9
# experimentsUsed: 2462
# remainingBudget: 38
# currentBudget: 38
# nbConfigurations: 6
# Markers:
     x No test is performed.
     c Configurations are discarded only due to capping.
     - The test is performed and some configurations are discarded.
     = The test is performed but no configuration is discarded.
     ! The test is performed and configurations could be discarded but elite configurations are preserved.
     . All alive configurations are elite and nothing is discarded.

+-+-----------+-----------+-----------+----------------+-----------+--------+-----+----+------+
| |   Instance|      Alive|       Best|       Mean best| Exp so far|  W time|  rho|KenW|  Qvar|
+-+-----------+-----------+-----------+----------------+-----------+--------+-----+----+------+
|x|         19|          6|        363|     32418285.00|          6|00:01:02|   NA|  NA|    NA|
|x|          5|          6|        384|     32502353.50|          7|00:00:10|-0.60|0.20|0.9946|
|x|          8|          6|        393|     32485435.33|          8|00:00:10|-0.33|0.11|0.9537|
|x|         18|          6|        268|     32598768.00|          9|00:00:10|-0.10|0.17|0.8571|
|=|         17|          6|        268|     32675762.80|         10|00:00:10|-0.12|0.10|0.8538|
|=|          4|          6|        268|     32669606.83|         11|00:00:10|-0.07|0.11|0.8577|
|=|          7|          6|        268|     32627407.71|         12|00:00:10|+0.03|0.17|0.7917|
|=|         10|          6|        268|     32570737.12|         13|00:00:10|+0.04|0.16|0.7985|
|=|         12|          6|        268|     32568661.56|         14|00:00:10|+0.01|0.12|0.8327|
|=|         14|          6|        268|     32564844.20|         15|00:00:10|+0.03|0.13|0.7946|
|=|          1|          6|        268|     32581119.27|         16|00:00:10|+0.03|0.12|0.7751|
|=|         13|          6|        268|     32602148.00|         17|00:00:10|+0.02|0.11|0.7873|
|=|          6|          6|        268|     32605751.77|         18|00:00:10|+0.03|0.11|0.7601|
|=|          3|          6|        384|     32607871.21|         19|00:00:10|+0.04|0.11|0.7534|
|=|          9|          6|        384|     32609456.07|         20|00:00:10|+0.07|0.13|0.7354|
|=|         16|          6|        268|     32620635.50|         21|00:00:10|+0.08|0.14|0.7254|
|-|         15|          5|        384|     32618551.65|         22|00:00:10|-0.05|0.01|0.8379|
|.|         11|          5|        384|     32599546.50|         22|00:00:00|-0.05|0.00|0.8433|
|.|          2|          5|        384|     32572629.05|         22|00:00:00|-0.05|0.00|0.8391|
+-+-----------+-----------+-----------+----------------+-----------+--------+-----+----+------+
Best configuration for the instances in this race: 384
Best-so-far configuration:         268    mean value:      32572201.32
Description of the best-so-far configuration:
    .ID. algorithm localsearch  alpha   beta    rho ants     q0 rasrank
268  268       acs           3 4.5862 3.9622 0.4103   63 0.3354      NA
    elitistants nnls dlb .PARENT.
268          NA   17   1      200

# 2025-03-20 01:47:40 -03: Elite configurations (first number is the configuration ID; listed from best to worst according to the sum of ranks):
    algorithm localsearch  alpha   beta    rho ants     q0 rasrank elitistants
268       acs           3 4.5862 3.9622 0.4103   63 0.3354      NA          NA
384       acs           3 3.5354 3.9641 0.0605   40 0.4143      NA          NA
393       acs           3 3.8864 3.8320 0.0475   34 0.3755      NA          NA
307       acs           3 3.3200 4.9797 0.1383   46 0.4710      NA          NA
363       acs           3 4.9525 1.2993 0.7939   74 0.5839      NA          NA
    nnls dlb
268   17   1
384   13   1
393   10   1
307   16   1
363    9   1
# 2025-03-20 01:47:40 -03: Stopped because there is not enough budget left to race more than the minimum (5).
# You may either increase the budget or set 'minNbSurvival' to a lower value.
# Iteration: 10
# nbIterations: 10
# experimentsUsed: 2484
# timeUsed: 0
# remainingBudget: 16
# currentBudget: 16
# number of elites: 5
# nbConfigurations: 5
# Total CPU user time: 25705.24, CPU sys time: 154.537, Wall-clock time: 25848.22
# 2025-03-20 01:47:40 -03: Starting post-selection:
# Configurations selected: 268, 384, 393, 307, 363, 297, 294.
# Pending instances: 1, 1, 1, 1, 1, 3, 5.
# 2025-03-20 01:47:40 -03: seed: 374829374
# Configurations: 7
# Available experiments: 16
# minSurvival: 1
# Markers:
     x No test is performed.
     c Configurations are discarded only due to capping.
     - The test is performed and some configurations are discarded.
     = The test is performed but no configuration is discarded.
     ! The test is performed and configurations could be discarded but elite configurations are preserved.
     . All alive configurations are elite and nothing is discarded.

+-+-----------+-----------+-----------+----------------+-----------+--------+-----+----+------+
| |   Instance|      Alive|       Best|       Mean best| Exp so far|  W time|  rho|KenW|  Qvar|
+-+-----------+-----------+-----------+----------------+-----------+--------+-----+----+------+
|.|          6|          7|        393|     32613970.00|          0|00:00:00|   NA|  NA|    NA|
|.|          4|          7|        393|     32684358.00|          0|00:00:00|-0.39|0.30|1.0394|
|.|          5|          7|        393|     32642893.33|          0|00:00:00|-0.12|0.25|1.0101|
|x|         17|          7|        307|     32707770.75|          1|00:00:10|+0.01|0.26|0.7641|
|.|         14|          7|        307|     32676852.80|          1|00:00:00|-0.09|0.13|0.8356|
|.|          7|          7|        307|     32635727.67|          1|00:00:00|-0.06|0.12|0.8114|
|.|          9|          7|        307|     32647091.43|          1|00:00:00|+0.00|0.15|0.7445|
|.|          3|          7|        307|     32650441.38|          1|00:00:00|-0.08|0.06|0.8719|
|.|         15|          7|        307|     32650175.78|          1|00:00:00|-0.04|0.08|0.8476|
|.|          1|          7|        307|     32657477.30|          1|00:00:00|-0.05|0.05|0.8643|
|.|         13|          7|        307|     32670152.82|          1|00:00:00|-0.06|0.04|0.8788|
|.|         12|          7|        307|     32664762.67|          1|00:00:00|-0.07|0.02|0.8937|
|x|         16|          7|        384|     32658077.08|          2|00:00:10|-0.07|0.02|0.8946|
|x|         18|          7|        384|     32675321.14|          4|00:00:20|-0.06|0.02|0.8882|
|.|          2|          7|        384|     32636174.07|          4|00:00:00|-0.04|0.03|0.8739|
|x|         19|          7|        384|     32622802.94|          6|00:00:20|-0.03|0.03|0.8570|
|.|         10|          7|        384|     32597289.41|          6|00:00:00|-0.03|0.03|0.8658|
|.|          8|          7|        384|     32589082.94|          6|00:00:00|-0.04|0.01|0.8793|
|.|         11|          7|        384|     32572629.05|          6|00:00:00|-0.05|0.01|0.8876|
|=|         20|          7|        268|     32566936.15|         13|00:01:12|-0.04|0.02|0.8813|
+-+-----------+-----------+-----------+----------------+-----------+--------+-----+----+------+
Best-so-far configuration:         268    mean value:      32566936.15
Description of the best-so-far configuration:
    .ID. algorithm localsearch  alpha   beta    rho ants     q0 rasrank
268  268       acs           3 4.5862 3.9622 0.4103   63 0.3354      NA
    elitistants nnls dlb .PARENT.
268          NA   17   1      200

# 2025-03-20 01:49:55 -03: Elite configurations (first number is the configuration ID; listed from best to worst according to the sum of ranks):
    algorithm localsearch  alpha   beta    rho ants     q0 rasrank elitistants
268       acs           3 4.5862 3.9622 0.4103   63 0.3354      NA          NA
384       acs           3 3.5354 3.9641 0.0605   40 0.4143      NA          NA
297       acs           3 4.5484 4.1882 0.2781   57 0.2586      NA          NA
307       acs           3 3.3200 4.9797 0.1383   46 0.4710      NA          NA
363       acs           3 4.9525 1.2993 0.7939   74 0.5839      NA          NA
    nnls dlb
268   17   1
384   13   1
297   15   1
307   16   1
363    9   1
# Total CPU user time: 25839.53, CPU sys time: 155.384, Wall-clock time: 25983.3
    .ID. algorithm localsearch  alpha   beta    rho ants     q0 rasrank
268  268       acs           3 4.5862 3.9622 0.4103   63 0.3354      NA
384  384       acs           3 3.5354 3.9641 0.0605   40 0.4143      NA
297  297       acs           3 4.5484 4.1882 0.2781   57 0.2586      NA
307  307       acs           3 3.3200 4.9797 0.1383   46 0.4710      NA
363  363       acs           3 4.9525 1.2993 0.7939   74 0.5839      NA
    elitistants nnls dlb .PARENT. .RANK.   .WEIGHT.
268          NA   17   1      200     73 0.33333333
384          NA   13   1      307     75 0.26666667
297          NA   15   1      268     76 0.20000000
307          NA   16   1      230     82 0.13333333
363          NA    9   1      278     82 0.06666667
