# 2025-03-22 18:52:48 -03: Reading parameter file '/home/dianag/PruebasPablo/irace-runs/Runs-T/ACOTSP-SR/Run/SR_seed_374829374/parameters.txt'.
# 2025-03-22 18:52:48 -03: 1 expression(s) specifying forbidden configurations read.
# 2025-03-22 18:52:48 -03: Initialization
# Elitist race
# Elitist new instances: 1
# Elitist limit: 2
# nbIterations: 5
# minNbSurvival: 5
# nbParameters: 11
# seed: 374829374
# confidence level: 0.95
# budget: 2500
# mu: 5
# deterministic: FALSE

# 2025-03-22 18:52:48 -03: Iteration 1 of 5
# experimentsUsed: 0
# remainingBudget: 2500
# currentBudget: 500
# nbConfigurations: 83
# Markers:
     x No test is performed.
     c Configurations are discarded only due to capping.
     - The test is performed and some configurations are discarded.
     = The test is performed but no configuration is discarded.
     ! The test is performed and configurations could be discarded but elite configurations are preserved.
     . All alive configurations are elite and nothing is discarded.

+-+-----------+-----------+-----------+----------------+-----------+--------+-----+----+------+
| |   Instance|      Alive|       Best|       Mean best| Exp so far|  W time|  rho|KenW|  Qvar|
+-+-----------+-----------+-----------+----------------+-----------+--------+-----+----+------+
|x|          1|         83|         62|     32823007.00|         83|00:14:29|   NA|  NA|    NA|
|x|          2|         83|         43|     32516314.00|        166|00:14:28|+0.97|0.99|0.0011|
|x|          3|         83|         43|     32590110.67|        249|00:14:28|+0.97|0.98|0.0015|
|x|          4|         83|         43|     32626364.00|        332|00:14:28|+0.97|0.98|0.0023|
|-|          5|          4|         43|     32637807.20|        415|00:14:28|+0.52|0.62|0.4488|
+-+-----------+-----------+-----------+----------------+-----------+--------+-----+----+------+
Best-so-far configuration:          43    mean value:      32637807.20
Description of the best-so-far configuration:
   .ID. algorithm localsearch  alpha   beta    rho ants     q0 rasrank
43   43       acs           3 4.4518 1.9965 0.6496   36 0.8455      NA
   elitistants nnls dlb .PARENT.
43          NA   20   1       NA

# 2025-03-22 20:05:12 -03: Elite configurations (first number is the configuration ID; listed from best to worst according to the sum of ranks):
   algorithm localsearch  alpha   beta    rho ants     q0 rasrank elitistants
43       acs           3 4.4518 1.9965 0.6496   36 0.8455      NA          NA
62       acs           2 3.0456 6.0590 0.9280   69 0.3143      NA          NA
24      mmas           3 4.0612 7.1528 0.4176   67     NA      NA          NA
26        as           3 3.1237 1.5278 0.6032   85     NA      NA          NA
   nnls dlb
43   20   1
62   27   1
24    9   1
26   46   1
# 2025-03-22 20:05:12 -03: Iteration 2 of 5
# experimentsUsed: 415
# remainingBudget: 2085
# currentBudget: 521
# nbConfigurations: 77
# Markers:
     x No test is performed.
     c Configurations are discarded only due to capping.
     - The test is performed and some configurations are discarded.
     = The test is performed but no configuration is discarded.
     ! The test is performed and configurations could be discarded but elite configurations are preserved.
     . All alive configurations are elite and nothing is discarded.

+-+-----------+-----------+-----------+----------------+-----------+--------+-----+----+------+
| |   Instance|      Alive|       Best|       Mean best| Exp so far|  W time|  rho|KenW|  Qvar|
+-+-----------+-----------+-----------+----------------+-----------+--------+-----+----+------+
|x|          6|         77|        152|     32657534.00|         77|00:13:25|   NA|  NA|    NA|
|x|          3|         77|        129|     32732743.00|        150|00:12:43|+0.93|0.96|0.0058|
|x|          2|         77|        129|     32540510.00|        223|00:12:38|+0.94|0.96|0.0061|
|x|          1|         77|        129|     32601087.00|        296|00:12:42|+0.94|0.96|0.0048|
|-|          4|          9|        129|     32612933.80|        369|00:12:42|+0.54|0.63|0.3288|
|-|          5|          2|        129|     32613017.50|        374|00:00:51|+0.33|0.44|0.3333|
+-+-----------+-----------+-----------+----------------+-----------+--------+-----+----+------+
Best-so-far configuration:         129    mean value:      32613017.50
Description of the best-so-far configuration:
    .ID. algorithm localsearch  alpha  beta    rho ants     q0 rasrank
129  129       acs           3 4.0526 4.357 0.5584   73 0.6748      NA
    elitistants nnls dlb .PARENT.
129          NA    6   0       43

# 2025-03-22 21:10:16 -03: Elite configurations (first number is the configuration ID; listed from best to worst according to the sum of ranks):
    algorithm localsearch  alpha   beta    rho ants     q0 rasrank elitistants
129       acs           3 4.0526 4.3570 0.5584   73 0.6748      NA          NA
43        acs           3 4.4518 1.9965 0.6496   36 0.8455      NA          NA
    nnls dlb
129    6   0
43    20   1
# 2025-03-22 21:10:16 -03: Iteration 3 of 5
# experimentsUsed: 789
# remainingBudget: 1711
# currentBudget: 570
# nbConfigurations: 72
# Markers:
     x No test is performed.
     c Configurations are discarded only due to capping.
     - The test is performed and some configurations are discarded.
     = The test is performed but no configuration is discarded.
     ! The test is performed and configurations could be discarded but elite configurations are preserved.
     . All alive configurations are elite and nothing is discarded.

+-+-----------+-----------+-----------+----------------+-----------+--------+-----+----+------+
| |   Instance|      Alive|       Best|       Mean best| Exp so far|  W time|  rho|KenW|  Qvar|
+-+-----------+-----------+-----------+----------------+-----------+--------+-----+----+------+
|x|          7|         72|        200|     32419639.00|         72|00:12:28|   NA|  NA|    NA|
|x|          4|         72|        200|     32517131.50|        142|00:12:06|+0.91|0.96|0.0007|
|x|          3|         72|        165|     32605932.00|        212|00:12:09|+0.92|0.94|0.0009|
|x|          1|         72|        222|     32644598.25|        282|00:12:11|+0.91|0.94|0.0006|
|-|          2|         12|        185|     32545802.20|        352|00:12:10|+0.08|0.26|0.8903|
|=|          5|         12|        185|     32551333.17|        362|00:01:44|+0.14|0.28|0.8247|
|-|          6|          6|        185|     32572469.14|        372|00:01:44|-0.03|0.12|0.8563|
|=|          8|          6|        186|     32552623.88|        378|00:01:02|+0.01|0.13|0.8148|
|=|          9|          6|        200|     32574202.33|        384|00:01:01|-0.02|0.10|0.8383|
+-+-----------+-----------+-----------+----------------+-----------+--------+-----+----+------+
Best-so-far configuration:         200    mean value:      32574202.33
Description of the best-so-far configuration:
    .ID. algorithm localsearch  alpha   beta    rho ants     q0 rasrank
200  200       acs           3 4.1122 4.0034 0.2473   65 0.3845      NA
    elitistants nnls dlb .PARENT.
200          NA   11   1      129

# 2025-03-22 22:16:54 -03: Elite configurations (first number is the configuration ID; listed from best to worst according to the sum of ranks):
    algorithm localsearch  alpha   beta    rho ants     q0 rasrank elitistants
200       acs           3 4.1122 4.0034 0.2473   65 0.3845      NA          NA
186       acs           3 4.6831 6.9038 0.7065   67 0.5203      NA          NA
185       acs           3 4.6797 2.9325 0.7512   71 0.7835      NA          NA
222       acs           3 2.2170 0.4302 0.5511   39 0.6025      NA          NA
190       acs           3 3.0154 0.8994 0.8909   57 0.5412      NA          NA
    nnls dlb
200   11   1
186   10   0
185   10   1
222   19   1
190    9   1
# 2025-03-22 22:16:54 -03: Iteration 4 of 5
# experimentsUsed: 1173
# remainingBudget: 1327
# currentBudget: 663
# nbConfigurations: 70
# Markers:
     x No test is performed.
     c Configurations are discarded only due to capping.
     - The test is performed and some configurations are discarded.
     = The test is performed but no configuration is discarded.
     ! The test is performed and configurations could be discarded but elite configurations are preserved.
     . All alive configurations are elite and nothing is discarded.

+-+-----------+-----------+-----------+----------------+-----------+--------+-----+----+------+
| |   Instance|      Alive|       Best|       Mean best| Exp so far|  W time|  rho|KenW|  Qvar|
+-+-----------+-----------+-----------+----------------+-----------+--------+-----+----+------+
|x|         10|         70|        233|     32125467.00|         70|00:12:05|   NA|  NA|    NA|
|x|          1|         70|        278|     32433139.00|        135|00:11:14|+0.90|0.95|0.0016|
|x|          9|         70|        268|     32530930.00|        200|00:11:15|+0.89|0.93|0.0031|
|x|          4|         70|        268|     32558559.75|        265|00:11:13|+0.89|0.92|0.0027|
|-|          8|         19|        268|     32536656.20|        330|00:11:14|-0.06|0.15|1.0052|
|=|          2|         19|        268|     32460088.17|        344|00:02:26|-0.06|0.11|1.0165|
|=|          6|         19|        268|     32487075.14|        358|00:02:26|+0.01|0.15|0.9444|
|=|          5|         19|        268|     32501430.12|        372|00:02:26|+0.04|0.16|0.9105|
|=|          3|         19|        268|     32524786.89|        386|00:02:25|+0.01|0.12|0.9305|
|=|          7|         19|        268|     32509729.50|        400|00:02:26|+0.01|0.11|0.9389|
|=|         11|         19|        268|     32482662.36|        419|00:03:18|+0.03|0.11|0.9185|
+-+-----------+-----------+-----------+----------------+-----------+--------+-----+----+------+
Best-so-far configuration:         268    mean value:      32482662.36
Description of the best-so-far configuration:
    .ID. algorithm localsearch  alpha   beta    rho ants     q0 rasrank
268  268       acs           3 4.5862 3.9622 0.4103   63 0.3354      NA
    elitistants nnls dlb .PARENT.
268          NA   17   1      200

# 2025-03-22 23:29:29 -03: Elite configurations (first number is the configuration ID; listed from best to worst according to the sum of ranks):
    algorithm localsearch  alpha   beta    rho ants     q0 rasrank elitistants
268       acs           3 4.5862 3.9622 0.4103   63 0.3354      NA          NA
244       acs           3 4.8212 2.0932 0.4078   75 0.7962      NA          NA
278       acs           3 4.3933 1.7158 0.7831   73 0.6642      NA          NA
279       acs           3 3.5470 1.7063 0.8186   68 0.6781      NA          NA
230       acs           3 2.9748 4.4951 0.1576   47 0.5208      NA          NA
    nnls dlb
268   17   1
244   20   1
278    9   1
279   16   1
230   21   1
# 2025-03-22 23:29:29 -03: Iteration 5 of 5
# experimentsUsed: 1592
# remainingBudget: 908
# currentBudget: 908
# nbConfigurations: 80
# Markers:
     x No test is performed.
     c Configurations are discarded only due to capping.
     - The test is performed and some configurations are discarded.
     = The test is performed but no configuration is discarded.
     ! The test is performed and configurations could be discarded but elite configurations are preserved.
     . All alive configurations are elite and nothing is discarded.

+-+-----------+-----------+-----------+----------------+-----------+--------+-----+----+------+
| |   Instance|      Alive|       Best|       Mean best| Exp so far|  W time|  rho|KenW|  Qvar|
+-+-----------+-----------+-----------+----------------+-----------+--------+-----+----+------+
|x|         12|         80|        366|     32533619.00|         80|00:13:56|   NA|  NA|    NA|
|x|          4|         80|        366|     32577554.50|        155|00:12:59|+0.67|0.83|0.0652|
|x|          2|         80|        298|     32421427.33|        230|00:13:04|+0.65|0.76|0.0732|
|x|          5|         80|        298|     32456013.25|        305|00:13:02|+0.65|0.74|0.0779|
|-|          1|         18|        298|     32501039.20|        380|00:13:04|-0.04|0.17|0.9993|
|=|         11|         18|        298|     32456022.00|        393|00:02:15|-0.07|0.11|1.0191|
|=|          9|         18|        298|     32501523.29|        406|00:02:16|-0.07|0.08|1.0060|
|=|         10|         18|        268|     32459681.25|        419|00:02:16|-0.08|0.06|1.0077|
|=|          3|         18|        298|     32488323.67|        432|00:02:16|-0.04|0.08|0.9789|
|=|          6|         18|        337|     32500266.90|        445|00:02:16|-0.04|0.06|0.9859|
|=|          8|         18|        337|     32495564.64|        458|00:02:16|-0.05|0.04|0.9867|
|=|          7|         18|        268|     32488445.25|        471|00:02:15|-0.04|0.04|0.9729|
|=|         13|         18|        337|     32517197.92|        489|00:03:06|-0.05|0.03|0.9839|
+-+-----------+-----------+-----------+----------------+-----------+--------+-----+----+------+
Best-so-far configuration:         337    mean value:      32517197.92
Description of the best-so-far configuration:
    .ID. algorithm localsearch  alpha   beta    rho ants     q0 rasrank
337  337       acs           3 4.5146 3.7334 0.2127   58 0.2066      NA
    elitistants nnls dlb .PARENT.
337          NA   17   1      268

# 2025-03-23 00:54:34 -03: Elite configurations (first number is the configuration ID; listed from best to worst according to the sum of ranks):
    algorithm localsearch  alpha   beta    rho ants     q0 rasrank elitistants
337       acs           3 4.5146 3.7334 0.2127   58 0.2066      NA          NA
268       acs           3 4.5862 3.9622 0.4103   63 0.3354      NA          NA
298       acs           3 4.5716 1.8556 0.6666   82 0.9590      NA          NA
295       acs           3 4.6490 0.7532 0.5077   64 0.7763      NA          NA
330       acs           3 4.4566 0.1734 0.9055   68 0.4979      NA          NA
    nnls dlb
337   17   1
268   17   1
298   18   1
295   17   1
330   16   1
# 2025-03-23 00:54:34 -03: Iteration 6 of 6
# experimentsUsed: 2081
# remainingBudget: 419
# currentBudget: 419
# nbConfigurations: 34
# Markers:
     x No test is performed.
     c Configurations are discarded only due to capping.
     - The test is performed and some configurations are discarded.
     = The test is performed but no configuration is discarded.
     ! The test is performed and configurations could be discarded but elite configurations are preserved.
     . All alive configurations are elite and nothing is discarded.

+-+-----------+-----------+-----------+----------------+-----------+--------+-----+----+------+
| |   Instance|      Alive|       Best|       Mean best| Exp so far|  W time|  rho|KenW|  Qvar|
+-+-----------+-----------+-----------+----------------+-----------+--------+-----+----+------+
|x|         14|         34|        295|     32495328.00|         34|00:05:53|   NA|  NA|    NA|
|x|          8|         34|        388|     32455447.00|         63|00:05:03|+0.33|0.66|0.4693|
|x|          2|         34|        388|     32338087.00|         92|00:05:02|+0.37|0.58|0.4285|
|x|          3|         34|        298|     32432497.25|        121|00:04:59|+0.35|0.52|0.3905|
|-|          1|         18|        298|     32482226.40|        150|00:05:02|-0.06|0.15|0.9709|
|=|          4|         18|        298|     32505806.83|        163|00:02:16|-0.03|0.14|0.9491|
|=|          5|         18|        298|     32513516.00|        176|00:02:16|+0.04|0.17|0.8922|
|=|         13|         18|        298|     32542548.88|        189|00:02:16|+0.07|0.19|0.8609|
|=|          7|         18|        384|     32536013.11|        202|00:02:16|+0.08|0.18|0.8562|
|-|          9|         12|        384|     32549745.80|        215|00:02:15|-0.04|0.07|0.9564|
|=|         10|         12|        384|     32516893.09|        222|00:01:13|-0.03|0.06|0.9541|
|=|         12|         12|        384|     32522610.75|        229|00:01:13|-0.05|0.04|0.9533|
|=|         11|         12|        384|     32500691.38|        236|00:01:13|-0.05|0.03|0.9605|
|=|          6|         12|        384|     32516764.64|        243|00:01:13|-0.05|0.03|0.9608|
|=|         15|         12|        384|     32522959.53|        255|00:02:05|-0.04|0.03|0.9454|
+-+-----------+-----------+-----------+----------------+-----------+--------+-----+----+------+
Best-so-far configuration:         384    mean value:      32522959.53
Description of the best-so-far configuration:
    .ID. algorithm localsearch  alpha   beta    rho ants     q0 rasrank
384  384       acs           3 4.6854 3.0407 0.4976   71 0.3418      NA
    elitistants nnls dlb .PARENT.
384          NA   15   1      268

# 2025-03-23 01:38:55 -03: Elite configurations (first number is the configuration ID; listed from best to worst according to the sum of ranks):
    algorithm localsearch  alpha   beta    rho ants     q0 rasrank elitistants
384       acs           3 4.6854 3.0407 0.4976   71 0.3418      NA          NA
268       acs           3 4.5862 3.9622 0.4103   63 0.3354      NA          NA
295       acs           3 4.6490 0.7532 0.5077   64 0.7763      NA          NA
298       acs           3 4.5716 1.8556 0.6666   82 0.9590      NA          NA
337       acs           3 4.5146 3.7334 0.2127   58 0.2066      NA          NA
    nnls dlb
384   15   1
268   17   1
295   17   1
298   18   1
337   17   1
# 2025-03-23 01:38:55 -03: Iteration 7 of 7
# experimentsUsed: 2336
# remainingBudget: 164
# currentBudget: 164
# nbConfigurations: 14
# Markers:
     x No test is performed.
     c Configurations are discarded only due to capping.
     - The test is performed and some configurations are discarded.
     = The test is performed but no configuration is discarded.
     ! The test is performed and configurations could be discarded but elite configurations are preserved.
     . All alive configurations are elite and nothing is discarded.

+-+-----------+-----------+-----------+----------------+-----------+--------+-----+----+------+
| |   Instance|      Alive|       Best|       Mean best| Exp so far|  W time|  rho|KenW|  Qvar|
+-+-----------+-----------+-----------+----------------+-----------+--------+-----+----+------+
|x|         16|         14|        298|     32636183.00|         14|00:02:26|   NA|  NA|    NA|
|x|         15|         14|        397|     32660671.50|         23|00:01:34|+0.56|0.78|0.1192|
|x|          9|         14|        384|     32657057.33|         32|00:01:34|+0.48|0.65|0.1606|
|x|         14|         14|        295|     32629641.00|         41|00:01:34|+0.43|0.58|0.1834|
|-|         12|          8|        295|     32610773.60|         50|00:01:33|+0.03|0.22|0.8931|
|=|          5|          8|        295|     32611335.17|         53|00:00:31|-0.03|0.14|0.9076|
|=|         11|          8|        268|     32558343.57|         56|00:00:31|-0.08|0.08|0.9385|
|=|          2|          8|        268|     32498206.62|         59|00:00:30|-0.04|0.09|0.8824|
|=|          3|          8|        268|     32521921.56|         62|00:00:31|-0.03|0.08|0.8796|
|=|         13|          8|        298|     32544910.90|         65|00:00:31|-0.04|0.07|0.8816|
|=|          4|          8|        298|     32552074.36|         68|00:00:31|-0.00|0.09|0.8493|
|=|          8|          8|        384|     32541734.92|         71|00:00:31|-0.03|0.05|0.8689|
|=|          7|          8|        384|     32532523.62|         74|00:00:31|-0.03|0.05|0.8704|
|=|          6|          8|        268|     32546032.79|         77|00:00:30|-0.04|0.04|0.8909|
|=|         10|          8|        268|     32521233.47|         80|00:00:31|-0.03|0.04|0.8960|
|=|          1|          8|        268|     32535148.25|         83|00:00:31|-0.02|0.04|0.8868|
|=|         17|          8|        384|     32558345.35|         91|00:01:23|-0.01|0.05|0.8715|
+-+-----------+-----------+-----------+----------------+-----------+--------+-----+----+------+
Best-so-far configuration:         384    mean value:      32558345.35
Description of the best-so-far configuration:
    .ID. algorithm localsearch  alpha   beta    rho ants     q0 rasrank
384  384       acs           3 4.6854 3.0407 0.4976   71 0.3418      NA
    elitistants nnls dlb .PARENT.
384          NA   15   1      268

# 2025-03-23 01:54:45 -03: Elite configurations (first number is the configuration ID; listed from best to worst according to the sum of ranks):
    algorithm localsearch  alpha   beta    rho ants     q0 rasrank elitistants
384       acs           3 4.6854 3.0407 0.4976   71 0.3418      NA          NA
268       acs           3 4.5862 3.9622 0.4103   63 0.3354      NA          NA
298       acs           3 4.5716 1.8556 0.6666   82 0.9590      NA          NA
295       acs           3 4.6490 0.7532 0.5077   64 0.7763      NA          NA
397       acs           3 4.9784 3.0794 0.3578   66 0.3936      NA          NA
    nnls dlb
384   15   1
268   17   1
298   18   1
295   17   1
397   17   1
# 2025-03-23 01:54:45 -03: Iteration 8 of 8
# experimentsUsed: 2427
# remainingBudget: 73
# currentBudget: 73
# nbConfigurations: 8
# Markers:
     x No test is performed.
     c Configurations are discarded only due to capping.
     - The test is performed and some configurations are discarded.
     = The test is performed but no configuration is discarded.
     ! The test is performed and configurations could be discarded but elite configurations are preserved.
     . All alive configurations are elite and nothing is discarded.

+-+-----------+-----------+-----------+----------------+-----------+--------+-----+----+------+
| |   Instance|      Alive|       Best|       Mean best| Exp so far|  W time|  rho|KenW|  Qvar|
+-+-----------+-----------+-----------+----------------+-----------+--------+-----+----+------+
|x|         18|          8|        407|     32879540.00|          8|00:01:23|   NA|  NA|    NA|
|x|         13|          8|        406|     32817627.00|         11|00:00:31|-0.57|0.21|1.2365|
|x|          2|          8|        407|     32578407.67|         14|00:00:31|-0.19|0.21|1.1461|
|x|         11|          8|        397|     32490344.50|         17|00:00:31|-0.18|0.12|1.0737|
|=|         17|          8|        407|     32592998.00|         20|00:00:31|-0.22|0.02|1.0780|
|=|         14|          8|        268|     32587139.17|         23|00:00:30|-0.18|0.02|1.0379|
|=|         10|          8|        268|     32528125.43|         26|00:00:31|-0.12|0.04|0.9873|
|=|          8|          8|        268|     32518240.00|         29|00:00:31|-0.09|0.04|0.9689|
|=|         15|          8|        268|     32533148.67|         32|00:00:31|-0.07|0.05|0.9452|
|=|          5|          8|        384|     32529836.60|         35|00:00:31|-0.07|0.04|0.9365|
|=|          4|          8|        384|     32537707.82|         38|00:00:31|-0.03|0.06|0.9131|
|=|         16|          8|        384|     32550244.17|         41|00:00:31|-0.05|0.04|0.9226|
|=|         12|          8|        384|     32552956.54|         44|00:00:31|-0.06|0.03|0.9255|
|=|          3|          8|        384|     32565294.43|         47|00:00:30|-0.06|0.02|0.9246|
|=|          7|          8|        268|     32557618.13|         50|00:00:30|-0.05|0.02|0.9165|
|=|          1|          8|        384|     32564484.81|         53|00:00:31|-0.04|0.02|0.9103|
|=|          9|          8|        384|     32570888.06|         56|00:00:31|-0.04|0.02|0.9055|
|=|          6|          8|        268|     32579556.44|         59|00:00:31|-0.04|0.01|0.9105|
|=|         19|          8|        384|     32571697.42|         67|00:01:23|-0.03|0.02|0.9029|
+-+-----------+-----------+-----------+----------------+-----------+--------+-----+----+------+
Best-so-far configuration:         384    mean value:      32571697.42
Description of the best-so-far configuration:
    .ID. algorithm localsearch  alpha   beta    rho ants     q0 rasrank
384  384       acs           3 4.6854 3.0407 0.4976   71 0.3418      NA
    elitistants nnls dlb .PARENT.
384          NA   15   1      268

# 2025-03-23 02:06:23 -03: Elite configurations (first number is the configuration ID; listed from best to worst according to the sum of ranks):
    algorithm localsearch  alpha   beta    rho ants     q0 rasrank elitistants
384       acs           3 4.6854 3.0407 0.4976   71 0.3418      NA          NA
268       acs           3 4.5862 3.9622 0.4103   63 0.3354      NA          NA
406       acs           3 4.7849 3.3121 0.4343   68 0.4679      NA          NA
298       acs           3 4.5716 1.8556 0.6666   82 0.9590      NA          NA
407       acs           3 4.7401 1.1120 0.7016   93 0.9898      NA          NA
    nnls dlb
384   15   1
268   17   1
406   17   1
298   18   1
407   13   1
# 2025-03-23 02:06:23 -03: Stopped because there is not enough budget left to race more than the minimum (5).
# You may either increase the budget or set 'minNbSurvival' to a lower value.
# Iteration: 9
# nbIterations: 9
# experimentsUsed: 2494
# timeUsed: 0
# remainingBudget: 6
# currentBudget: 6
# number of elites: 5
# nbConfigurations: 5
# Total CPU user time: 25869.54, CPU sys time: 156.414, Wall-clock time: 26014.81
# 2025-03-23 02:06:23 -03: Starting post-selection:
# Configurations selected: 384, 268, 406, 298, 407, 295.
# Pending instances: 0, 0, 0, 0, 0, 0.
# 2025-03-23 02:06:23 -03: seed: 374829374
# Configurations: 6
# Available experiments: 6
# minSurvival: 1
# Markers:
     x No test is performed.
     c Configurations are discarded only due to capping.
     - The test is performed and some configurations are discarded.
     = The test is performed but no configuration is discarded.
     ! The test is performed and configurations could be discarded but elite configurations are preserved.
     . All alive configurations are elite and nothing is discarded.

+-+-----------+-----------+-----------+----------------+-----------+--------+-----+----+------+
| |   Instance|      Alive|       Best|       Mean best| Exp so far|  W time|  rho|KenW|  Qvar|
+-+-----------+-----------+-----------+----------------+-----------+--------+-----+----+------+
|.|          6|          6|        407|     32635313.00|          0|00:00:00|   NA|  NA|    NA|
|.|          4|          6|        407|     32609493.50|          0|00:00:00|+0.03|0.51|0.8746|
|.|          5|          6|        407|     32588608.00|          0|00:00:00|+0.24|0.49|0.7928|
|.|         17|          6|        407|     32685315.50|          0|00:00:00|+0.11|0.34|0.8713|
|.|         14|          6|        407|     32661142.00|          0|00:00:00|-0.07|0.14|0.9613|
|.|          7|          6|        407|     32632149.00|          0|00:00:00|-0.12|0.07|0.9646|
|.|          9|          6|        407|     32642925.71|          0|00:00:00|-0.05|0.10|0.9022|
|.|          3|          6|        407|     32653406.62|          0|00:00:00|-0.07|0.06|0.9075|
|.|         15|          6|        407|     32658362.78|          0|00:00:00|-0.02|0.09|0.8828|
|.|          1|          6|        407|     32667014.50|          0|00:00:00|-0.05|0.05|0.8904|
|.|         13|          6|        407|     32679006.00|          0|00:00:00|-0.03|0.06|0.8816|
|.|         12|          6|        407|     32670096.33|          0|00:00:00|-0.04|0.05|0.8798|
|.|         16|          6|        407|     32673141.38|          0|00:00:00|-0.02|0.06|0.8667|
|.|         18|          6|        407|     32687884.14|          0|00:00:00|-0.04|0.03|0.8814|
|.|          2|          6|        407|     32645809.33|          0|00:00:00|-0.04|0.03|0.8681|
|.|         19|          6|        407|     32636032.12|          0|00:00:00|-0.04|0.03|0.8650|
|.|         10|          6|        407|     32610776.53|          0|00:00:00|-0.03|0.03|0.8611|
|.|          8|          6|        407|     32600364.61|          0|00:00:00|-0.02|0.03|0.8549|
|.|         11|          6|        407|     32582152.21|          0|00:00:00|-0.02|0.03|0.8561|
|=|         20|          6|        268|     32567856.35|          6|00:01:02|-0.02|0.03|0.8615|
+-+-----------+-----------+-----------+----------------+-----------+--------+-----+----+------+
Best-so-far configuration:         268    mean value:      32567856.35
Description of the best-so-far configuration:
    .ID. algorithm localsearch  alpha   beta    rho ants     q0 rasrank
268  268       acs           3 4.5862 3.9622 0.4103   63 0.3354      NA
    elitistants nnls dlb .PARENT.
268          NA   17   1      200

# 2025-03-23 02:07:25 -03: Elite configurations (first number is the configuration ID; listed from best to worst according to the sum of ranks):
    algorithm localsearch  alpha   beta    rho ants     q0 rasrank elitistants
268       acs           3 4.5862 3.9622 0.4103   63 0.3354      NA          NA
384       acs           3 4.6854 3.0407 0.4976   71 0.3418      NA          NA
295       acs           3 4.6490 0.7532 0.5077   64 0.7763      NA          NA
407       acs           3 4.7401 1.1120 0.7016   93 0.9898      NA          NA
406       acs           3 4.7849 3.3121 0.4343   68 0.4679      NA          NA
    nnls dlb
268   17   1
384   15   1
295   17   1
407   13   1
406   17   1
# Total CPU user time: 25931.8, CPU sys time: 156.806, Wall-clock time: 26077.43
    .ID. algorithm localsearch  alpha   beta    rho ants     q0 rasrank
268  268       acs           3 4.5862 3.9622 0.4103   63 0.3354      NA
384  384       acs           3 4.6854 3.0407 0.4976   71 0.3418      NA
295  295       acs           3 4.6490 0.7532 0.5077   64 0.7763      NA
407  407       acs           3 4.7401 1.1120 0.7016   93 0.9898      NA
406  406       acs           3 4.7849 3.3121 0.4343   68 0.4679      NA
    elitistants nnls dlb .PARENT. .RANK.   .WEIGHT.
268          NA   17   1      200     61 0.33333333
384          NA   15   1      268     65 0.26666667
295          NA   17   1      244     70 0.20000000
407          NA   13   1      298     72 0.13333333
406          NA   17   1      397     75 0.06666667
