# 2025-03-20 23:30:32 -03: Reading parameter file '/home/dianag/PruebasPablo/irace-runs/Runs-T/ACOTSP-N/Run/N_seed_1092837465/parameters.txt'.
# 2025-03-20 23:30:32 -03: 1 expression(s) specifying forbidden configurations read.
# 2025-03-20 23:30:32 -03: Initialization
# Elitist race
# Elitist new instances: 1
# Elitist limit: 2
# nbIterations: 5
# minNbSurvival: 5
# nbParameters: 11
# seed: 1092837465
# confidence level: 0.95
# budget: 2500
# mu: 5
# deterministic: FALSE

# 2025-03-20 23:30:32 -03: Iteration 1 of 5
# experimentsUsed: 0
# remainingBudget: 2500
# currentBudget: 500
# nbConfigurations: 83
# Markers:
     x No test is performed.
     c Configurations are discarded only due to capping.
     - The test is performed and some configurations are discarded.
     = The test is performed but no configuration is discarded.
     ! The test is performed and configurations could be discarded but elite configurations are preserved.
     . All alive configurations are elite and nothing is discarded.

+-+-----------+-----------+-----------+----------------+-----------+--------+-----+----+------+
| |   Instance|      Alive|       Best|       Mean best| Exp so far|  W time|  rho|KenW|  Qvar|
+-+-----------+-----------+-----------+----------------+-----------+--------+-----+----+------+
|x|          1|         83|         80|     32707248.00|         83|00:14:29|   NA|  NA|    NA|
|x|          2|         83|         62|     32616181.50|        166|00:14:29|+0.99|0.99|0.0017|
|x|          3|         83|         62|     32529798.33|        249|00:14:28|+0.98|0.99|0.0021|
|x|          4|         83|         62|     32595006.50|        332|00:14:28|+0.98|0.99|0.0024|
|-|          5|          4|         62|     32585657.80|        415|00:14:27|+0.56|0.65|0.2968|
+-+-----------+-----------+-----------+----------------+-----------+--------+-----+----+------+
Best-so-far configuration:          62    mean value:      32585657.80
Description of the best-so-far configuration:
   .ID. algorithm localsearch  alpha   beta    rho ants     q0 rasrank
62   62       acs           3 1.9444 9.5592 0.8353    9 0.2195      NA
   elitistants nnls dlb .PARENT.
62          NA   15   1       NA

# 2025-03-21 00:42:55 -03: Elite configurations (first number is the configuration ID; listed from best to worst according to the sum of ranks):
   algorithm localsearch  alpha   beta    rho ants     q0 rasrank elitistants
62       acs           3 1.9444 9.5592 0.8353    9 0.2195      NA          NA
80       acs           3 1.2803 3.2311 0.8894   22 0.8836      NA          NA
68       acs           2 3.4678 1.3561 0.4563   52 0.5711      NA          NA
75      mmas           3 3.1553 9.4811 0.2707   82     NA      NA          NA
   nnls dlb
62   15   1
80   26   1
68   12   0
75    9   1
# 2025-03-21 00:42:55 -03: Iteration 2 of 5
# experimentsUsed: 415
# remainingBudget: 2085
# currentBudget: 521
# nbConfigurations: 77
# Markers:
     x No test is performed.
     c Configurations are discarded only due to capping.
     - The test is performed and some configurations are discarded.
     = The test is performed but no configuration is discarded.
     ! The test is performed and configurations could be discarded but elite configurations are preserved.
     . All alive configurations are elite and nothing is discarded.

+-+-----------+-----------+-----------+----------------+-----------+--------+-----+----+------+
| |   Instance|      Alive|       Best|       Mean best| Exp so far|  W time|  rho|KenW|  Qvar|
+-+-----------+-----------+-----------+----------------+-----------+--------+-----+----+------+
|x|          6|         77|        108|     32921307.00|         77|00:13:19|   NA|  NA|    NA|
|x|          2|         77|         62|     32716935.00|        150|00:12:38|+0.98|0.99|0.0005|
|x|          5|         77|         62|     32660711.00|        223|00:12:38|+0.98|0.99|0.0006|
|x|          3|         77|         62|     32584791.25|        296|00:12:39|+0.98|0.98|0.0007|
|-|          1|          7|         62|     32616312.00|        369|00:12:39|+0.39|0.51|0.4851|
|-|          4|          4|         62|     32645365.17|        372|00:00:31|-0.03|0.14|0.8123|
+-+-----------+-----------+-----------+----------------+-----------+--------+-----+----+------+
Best-so-far configuration:          62    mean value:      32645365.17
Description of the best-so-far configuration:
   .ID. algorithm localsearch  alpha   beta    rho ants     q0 rasrank
62   62       acs           3 1.9444 9.5592 0.8353    9 0.2195      NA
   elitistants nnls dlb .PARENT.
62          NA   15   1       NA

# 2025-03-21 01:47:22 -03: Elite configurations (first number is the configuration ID; listed from best to worst according to the sum of ranks):
    algorithm localsearch  alpha   beta    rho ants     q0 rasrank elitistants
62        acs           3 1.9444 9.5592 0.8353    9 0.2195      NA          NA
130       acs           3 2.4099 5.2253 0.6945    6 0.4717      NA          NA
80        acs           3 1.2803 3.2311 0.8894   22 0.8836      NA          NA
108       acs           3 3.4661 9.1966 0.3377   11 0.0222      NA          NA
    nnls dlb
62    15   1
130   19   1
80    26   1
108   28   1
# 2025-03-21 01:47:22 -03: Iteration 3 of 5
# experimentsUsed: 787
# remainingBudget: 1713
# currentBudget: 571
# nbConfigurations: 74
# Markers:
     x No test is performed.
     c Configurations are discarded only due to capping.
     - The test is performed and some configurations are discarded.
     = The test is performed but no configuration is discarded.
     ! The test is performed and configurations could be discarded but elite configurations are preserved.
     . All alive configurations are elite and nothing is discarded.

+-+-----------+-----------+-----------+----------------+-----------+--------+-----+----+------+
| |   Instance|      Alive|       Best|       Mean best| Exp so far|  W time|  rho|KenW|  Qvar|
+-+-----------+-----------+-----------+----------------+-----------+--------+-----+----+------+
|x|          7|         74|        221|     32286441.00|         74|00:12:50|   NA|  NA|    NA|
|x|          4|         74|        221|     32544510.50|        144|00:12:09|+0.96|0.98|0.0025|
|x|          6|         74|         62|     32674058.67|        214|00:12:07|+0.97|0.98|0.0022|
|x|          1|         74|        221|     32668131.75|        284|00:12:09|+0.97|0.97|0.0022|
|-|          3|         10|        221|     32616460.20|        354|00:12:12|+0.02|0.22|0.8239|
|=|          5|         10|        221|     32608468.00|        360|00:01:02|+0.05|0.21|0.7950|
|=|          2|         10|         62|     32594262.00|        366|00:01:02|+0.11|0.24|0.7720|
|=|          8|         10|         62|     32581749.75|        376|00:01:44|+0.09|0.20|0.8148|
+-+-----------+-----------+-----------+----------------+-----------+--------+-----+----+------+
Best-so-far configuration:          62    mean value:      32581749.75
Description of the best-so-far configuration:
   .ID. algorithm localsearch  alpha   beta    rho ants     q0 rasrank
62   62       acs           3 1.9444 9.5592 0.8353    9 0.2195      NA
   elitistants nnls dlb .PARENT.
62          NA   15   1       NA

# 2025-03-21 02:52:42 -03: Elite configurations (first number is the configuration ID; listed from best to worst according to the sum of ranks):
    algorithm localsearch  alpha   beta    rho ants     q0 rasrank elitistants
62        acs           3 1.9444 9.5592 0.8353    9 0.2195      NA          NA
174       acs           3 2.5079 9.4113 0.8856    9 0.0490      NA          NA
221       acs           3 1.7259 8.9831 0.7265   15 0.3006      NA          NA
187       acs           3 1.8365 3.4783 0.7974   42 0.0076      NA          NA
215       acs           3 1.9140 2.7442 0.7855   33 0.7414      NA          NA
    nnls dlb
62    15   1
174   16   1
221   13   1
187   10   1
215   21   1
# 2025-03-21 02:52:42 -03: Iteration 4 of 5
# experimentsUsed: 1163
# remainingBudget: 1337
# currentBudget: 668
# nbConfigurations: 78
# Markers:
     x No test is performed.
     c Configurations are discarded only due to capping.
     - The test is performed and some configurations are discarded.
     = The test is performed but no configuration is discarded.
     ! The test is performed and configurations could be discarded but elite configurations are preserved.
     . All alive configurations are elite and nothing is discarded.

+-+-----------+-----------+-----------+----------------+-----------+--------+-----+----+------+
| |   Instance|      Alive|       Best|       Mean best| Exp so far|  W time|  rho|KenW|  Qvar|
+-+-----------+-----------+-----------+----------------+-----------+--------+-----+----+------+
|x|          9|         78|        229|     32652981.00|         78|00:13:33|   NA|  NA|    NA|
|x|          1|         78|        187|     32657879.50|        151|00:12:38|+0.83|0.92|0.0027|
|x|          8|         78|        282|     32613319.67|        224|00:12:38|+0.80|0.87|0.0022|
|x|          3|         78|        245|     32555371.75|        297|00:12:40|+0.80|0.85|0.0035|
|-|          5|         22|        238|     32550180.20|        370|00:12:38|-0.16|0.07|1.0938|
|=|          4|         22|        238|     32593122.50|        387|00:02:55|-0.08|0.10|0.9976|
|=|          2|         22|        245|     32574247.29|        404|00:02:57|-0.06|0.09|0.9879|
|=|          6|         22|        238|     32622172.00|        421|00:02:55|-0.02|0.11|0.9675|
|=|          7|         22|        245|     32587783.89|        438|00:02:56|-0.00|0.11|0.9546|
|=|         10|         22|        245|     32569745.70|        460|00:03:48|+0.01|0.11|0.9384|
+-+-----------+-----------+-----------+----------------+-----------+--------+-----+----+------+
Best-so-far configuration:         245    mean value:      32569745.70
Description of the best-so-far configuration:
    .ID. algorithm localsearch  alpha   beta    rho ants     q0 rasrank
245  245       acs           3 1.8551 3.7833 0.7317   47 0.1646      NA
    elitistants nnls dlb .PARENT.
245          NA   13   1      187

# 2025-03-21 04:12:26 -03: Elite configurations (first number is the configuration ID; listed from best to worst according to the sum of ranks):
    algorithm localsearch  alpha   beta    rho ants     q0 rasrank elitistants
245       acs           3 1.8551 3.7833 0.7317   47 0.1646      NA          NA
62        acs           3 1.9444 9.5592 0.8353    9 0.2195      NA          NA
237       acs           3 1.7673 8.8081 0.9154   16 0.0974      NA          NA
272       acs           3 2.0901 4.1671 0.7971   57 0.0435      NA          NA
238       acs           3 2.1728 3.2834 0.7479   47 0.1010      NA          NA
    nnls dlb
245   13   1
62    15   1
237   17   1
272   20   1
238   11   1
# 2025-03-21 04:12:26 -03: Iteration 5 of 5
# experimentsUsed: 1623
# remainingBudget: 877
# currentBudget: 877
# nbConfigurations: 84
# Markers:
     x No test is performed.
     c Configurations are discarded only due to capping.
     - The test is performed and some configurations are discarded.
     = The test is performed but no configuration is discarded.
     ! The test is performed and configurations could be discarded but elite configurations are preserved.
     . All alive configurations are elite and nothing is discarded.

+-+-----------+-----------+-----------+----------------+-----------+--------+-----+----+------+
| |   Instance|      Alive|       Best|       Mean best| Exp so far|  W time|  rho|KenW|  Qvar|
+-+-----------+-----------+-----------+----------------+-----------+--------+-----+----+------+
|x|         11|         84|        316|     32494807.00|         84|00:14:33|   NA|  NA|    NA|
|x|          4|         84|        350|     32648529.50|        163|00:13:41|+0.48|0.74|0.0561|
|x|          2|         84|        363|     32589946.67|        242|00:13:41|+0.49|0.66|0.0618|
|x|          8|         84|        363|     32560712.75|        321|00:13:41|+0.53|0.65|0.0558|
|-|          9|         26|        335|     32589887.80|        400|00:13:41|-0.04|0.17|1.0357|
|=|          3|         26|        335|     32551130.83|        421|00:03:37|-0.03|0.14|1.0225|
|=|          5|         26|        335|     32555136.29|        442|00:03:37|-0.05|0.10|1.0229|
|=|          6|         26|        343|     32600954.75|        463|00:03:38|-0.04|0.09|1.0138|
|=|          1|         26|        343|     32614836.89|        484|00:03:37|-0.04|0.08|0.9985|
|=|         10|         26|        343|     32594758.20|        505|00:03:37|-0.02|0.08|0.9721|
|=|          7|         26|        363|     32565375.91|        526|00:03:38|-0.00|0.09|0.9570|
|=|         12|         26|        363|     32559627.08|        552|00:04:29|+0.02|0.10|0.9398|
+-+-----------+-----------+-----------+----------------+-----------+--------+-----+----+------+
Best-so-far configuration:         363    mean value:      32559627.08
Description of the best-so-far configuration:
    .ID. algorithm localsearch  alpha   beta    rho ants     q0 rasrank
363  363       acs           3 2.4884 4.8168 0.6556   59 0.0817      NA
    elitistants nnls dlb .PARENT.
363          NA   15   1      245

# 2025-03-21 05:48:03 -03: Elite configurations (first number is the configuration ID; listed from best to worst according to the sum of ranks):
    algorithm localsearch  alpha   beta    rho ants     q0 rasrank elitistants
363       acs           3 2.4884 4.8168 0.6556   59 0.0817      NA          NA
332       acs           3 1.8027 3.2314 0.6458   45 0.0714      NA          NA
343       acs           3 1.6023 7.2712 0.9680   38 0.0228      NA          NA
316       acs           3 2.4815 4.5968 0.7028   53 0.1280      NA          NA
62        acs           3 1.9444 9.5592 0.8353    9 0.2195      NA          NA
    nnls dlb
363   15   1
332   16   1
343   11   1
316   16   1
62    15   1
# 2025-03-21 05:48:03 -03: Iteration 6 of 6
# experimentsUsed: 2175
# remainingBudget: 325
# currentBudget: 325
# nbConfigurations: 29
# Markers:
     x No test is performed.
     c Configurations are discarded only due to capping.
     - The test is performed and some configurations are discarded.
     = The test is performed but no configuration is discarded.
     ! The test is performed and configurations could be discarded but elite configurations are preserved.
     . All alive configurations are elite and nothing is discarded.

+-+-----------+-----------+-----------+----------------+-----------+--------+-----+----+------+
| |   Instance|      Alive|       Best|       Mean best| Exp so far|  W time|  rho|KenW|  Qvar|
+-+-----------+-----------+-----------+----------------+-----------+--------+-----+----+------+
|x|         13|         29|        388|     32307713.00|         29|00:05:01|   NA|  NA|    NA|
|x|          2|         29|        398|     32385618.50|         53|00:04:10|+0.57|0.78|0.1079|
|x|          3|         29|        398|     32368160.67|         77|00:04:10|+0.54|0.69|0.1548|
|x|          6|         29|        398|     32509461.75|        101|00:04:10|+0.52|0.64|0.1419|
|-|          5|         11|        398|     32511610.60|        125|00:04:09|+0.02|0.22|0.9753|
|=|         11|         11|        398|     32516808.33|        131|00:01:02|+0.02|0.18|0.9516|
|=|          8|         11|        398|     32512939.29|        137|00:01:02|+0.04|0.18|0.9137|
|=|         12|         11|        398|     32508411.12|        143|00:01:02|+0.02|0.14|0.9365|
|=|          7|         11|        398|     32487475.56|        149|00:01:02|+0.02|0.12|0.9177|
|=|          9|         11|        398|     32502665.90|        155|00:01:02|+0.02|0.12|0.9179|
|=|          1|         11|        398|     32521538.73|        161|00:01:02|+0.01|0.10|0.9195|
|=|          4|         11|        398|     32546761.58|        167|00:01:02|+0.03|0.11|0.9021|
|=|         10|         11|        398|     32537830.54|        173|00:01:02|+0.02|0.10|0.8989|
|=|         14|         11|        398|     32563183.36|        184|00:01:55|+0.03|0.10|0.8940|
+-+-----------+-----------+-----------+----------------+-----------+--------+-----+----+------+
Best-so-far configuration:         398    mean value:      32563183.36
Description of the best-so-far configuration:
    .ID. algorithm localsearch  alpha   beta    rho ants    q0 rasrank
398  398       acs           3 1.9915 4.1641 0.7069   50 0.102      NA
    elitistants nnls dlb .PARENT.
398          NA   17   1      332

# 2025-03-21 06:20:03 -03: Elite configurations (first number is the configuration ID; listed from best to worst according to the sum of ranks):
    algorithm localsearch  alpha   beta    rho ants     q0 rasrank elitistants
398       acs           3 1.9915 4.1641 0.7069   50 0.1020      NA          NA
363       acs           3 2.4884 4.8168 0.6556   59 0.0817      NA          NA
332       acs           3 1.8027 3.2314 0.6458   45 0.0714      NA          NA
343       acs           3 1.6023 7.2712 0.9680   38 0.0228      NA          NA
402       acs           3 1.2561 5.8568 0.9771   28 0.0569      NA          NA
    nnls dlb
398   17   1
363   15   1
332   16   1
343   11   1
402   11   1
# 2025-03-21 06:20:03 -03: Iteration 7 of 7
# experimentsUsed: 2359
# remainingBudget: 141
# currentBudget: 141
# nbConfigurations: 14
# Markers:
     x No test is performed.
     c Configurations are discarded only due to capping.
     - The test is performed and some configurations are discarded.
     = The test is performed but no configuration is discarded.
     ! The test is performed and configurations could be discarded but elite configurations are preserved.
     . All alive configurations are elite and nothing is discarded.

+-+-----------+-----------+-----------+----------------+-----------+--------+-----+----+------+
| |   Instance|      Alive|       Best|       Mean best| Exp so far|  W time|  rho|KenW|  Qvar|
+-+-----------+-----------+-----------+----------------+-----------+--------+-----+----+------+
|x|         15|         14|        407|     32328440.00|         14|00:02:26|   NA|  NA|    NA|
|x|          6|         14|        407|     32609004.50|         23|00:01:34|+0.49|0.75|0.3990|
|x|          7|         14|        402|     32507379.33|         32|00:01:34|+0.37|0.58|0.3439|
|x|         12|         14|        402|     32502597.25|         41|00:01:34|+0.42|0.56|0.3134|
|-|          5|         10|        402|     32510504.20|         50|00:01:34|-0.00|0.20|0.9594|
|=|          4|         10|        402|     32560436.67|         55|00:00:52|+0.00|0.17|0.9469|
|=|         11|         10|        402|     32562586.57|         60|00:00:52|+0.03|0.17|0.9065|
|=|         10|         10|        403|     32542882.75|         65|00:00:52|+0.03|0.15|0.8892|
|=|          8|         10|        403|     32537625.33|         70|00:00:52|+0.05|0.15|0.8748|
|=|          2|         10|        403|     32528510.00|         75|00:00:52|+0.07|0.16|0.8578|
|=|         14|         10|        403|     32557406.45|         80|00:00:52|+0.06|0.14|0.8645|
|=|          9|         10|        403|     32564743.25|         85|00:00:52|+0.06|0.14|0.8603|
|=|          3|         10|        403|     32549375.38|         90|00:00:52|+0.06|0.13|0.8664|
|-|          1|          6|        403|     32554729.71|         95|00:00:52|-0.00|0.07|0.8502|
|=|         13|          6|        403|     32542102.80|         96|00:00:10|-0.01|0.06|0.8630|
|=|         16|          6|        403|     32571775.56|        102|00:01:02|-0.01|0.06|0.8570|
+-+-----------+-----------+-----------+----------------+-----------+--------+-----+----+------+
Best-so-far configuration:         403    mean value:      32571775.56
Description of the best-so-far configuration:
    .ID. algorithm localsearch  alpha   beta    rho ants     q0 rasrank
403  403       acs           3 1.9362 3.5279 0.7469   50 0.2937      NA
    elitistants nnls dlb .PARENT.
403          NA   15   1      398

# 2025-03-21 06:37:51 -03: Elite configurations (first number is the configuration ID; listed from best to worst according to the sum of ranks):
    algorithm localsearch  alpha   beta    rho ants     q0 rasrank elitistants
403       acs           3 1.9362 3.5279 0.7469   50 0.2937      NA          NA
398       acs           3 1.9915 4.1641 0.7069   50 0.1020      NA          NA
332       acs           3 1.8027 3.2314 0.6458   45 0.0714      NA          NA
363       acs           3 2.4884 4.8168 0.6556   59 0.0817      NA          NA
343       acs           3 1.6023 7.2712 0.9680   38 0.0228      NA          NA
    nnls dlb
403   15   1
398   17   1
332   16   1
363   15   1
343   11   1
# 2025-03-21 06:37:51 -03: Iteration 8 of 8
# experimentsUsed: 2461
# remainingBudget: 39
# currentBudget: 39
# nbConfigurations: 7
# Markers:
     x No test is performed.
     c Configurations are discarded only due to capping.
     - The test is performed and some configurations are discarded.
     = The test is performed but no configuration is discarded.
     ! The test is performed and configurations could be discarded but elite configurations are preserved.
     . All alive configurations are elite and nothing is discarded.

+-+-----------+-----------+-----------+----------------+-----------+--------+-----+----+------+
| |   Instance|      Alive|       Best|       Mean best| Exp so far|  W time|  rho|KenW|  Qvar|
+-+-----------+-----------+-----------+----------------+-----------+--------+-----+----+------+
|x|         17|          7|        343|     32543417.00|          7|00:01:13|   NA|  NA|    NA|
|x|         15|          7|        403|     32489398.50|          9|00:00:20|-0.75|0.12|1.4674|
|x|          7|          7|        332|     32429383.67|         11|00:00:20|-0.33|0.11|1.0575|
|x|          6|          7|        403|     32548621.00|         13|00:00:21|-0.20|0.10|0.9458|
|=|         13|          7|        403|     32511962.00|         15|00:00:20|-0.11|0.11|0.8393|
|=|          5|          7|        403|     32513778.67|         17|00:00:20|-0.02|0.15|0.8283|
|=|         11|          7|        363|     32518462.29|         19|00:00:21|+0.01|0.15|0.7597|
|=|         14|          7|        363|     32559454.25|         21|00:00:20|+0.02|0.15|0.7972|
|=|         10|          7|        403|     32543003.44|         23|00:00:20|+0.05|0.15|0.7788|
|=|          2|          7|        403|     32533350.30|         25|00:00:20|+0.09|0.18|0.7447|
|=|          1|          7|        403|     32541621.73|         27|00:00:20|+0.08|0.17|0.7701|
|-|         12|          6|        403|     32539258.75|         29|00:00:20|-0.04|0.05|0.8791|
|=|          9|          6|        403|     32547427.15|         30|00:00:10|-0.02|0.06|0.8807|
|=|          8|          6|        403|     32543722.79|         31|00:00:10|-0.03|0.04|0.8826|
|=|          3|          6|        403|     32531805.33|         32|00:00:10|-0.03|0.04|0.8790|
|=|         16|          6|        398|     32565109.50|         33|00:00:10|-0.04|0.03|0.8805|
|=|          4|          6|        403|     32574805.00|         34|00:00:10|-0.04|0.02|0.8823|
+-+-----------+-----------+-----------+----------------+-----------+--------+-----+----+------+
Best-so-far configuration:         403    mean value:      32574805.00
Description of the best-so-far configuration:
    .ID. algorithm localsearch  alpha   beta    rho ants     q0 rasrank
403  403       acs           3 1.9362 3.5279 0.7469   50 0.2937      NA
    elitistants nnls dlb .PARENT.
403          NA   15   1      398

# 2025-03-21 06:43:46 -03: Elite configurations (first number is the configuration ID; listed from best to worst according to the sum of ranks):
    algorithm localsearch  alpha   beta    rho ants     q0 rasrank elitistants
403       acs           3 1.9362 3.5279 0.7469   50 0.2937      NA          NA
398       acs           3 1.9915 4.1641 0.7069   50 0.1020      NA          NA
332       acs           3 1.8027 3.2314 0.6458   45 0.0714      NA          NA
363       acs           3 2.4884 4.8168 0.6556   59 0.0817      NA          NA
413       acs           3 2.0546 3.6275 0.7848   54 0.3513      NA          NA
    nnls dlb
403   15   1
398   17   1
332   16   1
363   15   1
413   14   1
# 2025-03-21 06:43:46 -03: Stopped because there is not enough budget left to race more than the minimum (5).
# You may either increase the budget or set 'minNbSurvival' to a lower value.
# Iteration: 9
# nbIterations: 9
# experimentsUsed: 2495
# timeUsed: 0
# remainingBudget: 5
# currentBudget: 5
# number of elites: 5
# nbConfigurations: 5
# Total CPU user time: 25848.15, CPU sys time: 157.168, Wall-clock time: 25994.23
# 2025-03-21 06:43:46 -03: Starting post-selection:
# Configurations selected: 403, 398, 332, 363, 413.
# Pending instances: 0, 0, 0, 0, 0.
# 2025-03-21 06:43:47 -03: seed: 1092837465
# Configurations: 5
# Available experiments: 5
# minSurvival: 1
# Markers:
     x No test is performed.
     c Configurations are discarded only due to capping.
     - The test is performed and some configurations are discarded.
     = The test is performed but no configuration is discarded.
     ! The test is performed and configurations could be discarded but elite configurations are preserved.
     . All alive configurations are elite and nothing is discarded.

+-+-----------+-----------+-----------+----------------+-----------+--------+-----+----+------+
| |   Instance|      Alive|       Best|       Mean best| Exp so far|  W time|  rho|KenW|  Qvar|
+-+-----------+-----------+-----------+----------------+-----------+--------+-----+----+------+
|.|          4|          5|        332|     32762885.00|          0|00:00:00|   NA|  NA|    NA|
|.|         12|          5|        332|     32610397.50|          0|00:00:00|+0.30|0.65|0.4838|
|.|          6|          5|        332|     32725713.33|          0|00:00:00|-0.33|0.11|1.0379|
|.|         15|          5|        332|     32640308.00|          0|00:00:00|-0.22|0.09|0.9942|
|.|         11|          5|        332|     32623211.60|          0|00:00:00|-0.24|0.01|0.9852|
|.|          2|          5|        332|     32605694.00|          0|00:00:00|-0.19|0.01|0.9270|
|.|         10|          5|        332|     32573458.14|          0|00:00:00|-0.15|0.01|0.9147|
|.|          7|          5|        332|     32537953.50|          0|00:00:00|-0.13|0.01|0.8955|
|.|          1|          5|        332|     32548799.11|          0|00:00:00|-0.10|0.02|0.8738|
|.|          9|          5|        332|     32559588.70|          0|00:00:00|-0.09|0.02|0.8708|
|.|         16|          5|        332|     32596620.55|          0|00:00:00|-0.08|0.02|0.8718|
|.|          8|          5|        332|     32588745.67|          0|00:00:00|-0.08|0.01|0.8642|
|.|         14|          5|        332|     32608698.69|          0|00:00:00|-0.07|0.01|0.8470|
|.|          3|          5|        332|     32593557.50|          0|00:00:00|-0.07|0.01|0.8523|
|.|          5|          5|        332|     32591319.33|          0|00:00:00|-0.06|0.01|0.8438|
|.|         13|          5|        332|     32578527.88|          0|00:00:00|-0.05|0.01|0.8425|
|.|         17|          5|        332|     32580652.00|          0|00:00:00|-0.05|0.02|0.8415|
|=|         18|          5|        403|     32571459.78|          5|00:00:52|-0.05|0.01|0.8377|
+-+-----------+-----------+-----------+----------------+-----------+--------+-----+----+------+
Best-so-far configuration:         403    mean value:      32571459.78
Description of the best-so-far configuration:
    .ID. algorithm localsearch  alpha   beta    rho ants     q0 rasrank
403  403       acs           3 1.9362 3.5279 0.7469   50 0.2937      NA
    elitistants nnls dlb .PARENT.
403          NA   15   1      398

# 2025-03-21 06:44:39 -03: Elite configurations (first number is the configuration ID; listed from best to worst according to the sum of ranks):
    algorithm localsearch  alpha   beta    rho ants     q0 rasrank elitistants
403       acs           3 1.9362 3.5279 0.7469   50 0.2937      NA          NA
398       acs           3 1.9915 4.1641 0.7069   50 0.1020      NA          NA
413       acs           3 2.0546 3.6275 0.7848   54 0.3513      NA          NA
332       acs           3 1.8027 3.2314 0.6458   45 0.0714      NA          NA
363       acs           3 2.4884 4.8168 0.6556   59 0.0817      NA          NA
    nnls dlb
403   15   1
398   17   1
413   14   1
332   16   1
363   15   1
# Total CPU user time: 25899.98, CPU sys time: 157.486, Wall-clock time: 26046.35
    .ID. algorithm localsearch  alpha   beta    rho ants     q0 rasrank
403  403       acs           3 1.9362 3.5279 0.7469   50 0.2937      NA
398  398       acs           3 1.9915 4.1641 0.7069   50 0.1020      NA
413  413       acs           3 2.0546 3.6275 0.7848   54 0.3513      NA
332  332       acs           3 1.8027 3.2314 0.6458   45 0.0714      NA
363  363       acs           3 2.4884 4.8168 0.6556   59 0.0817      NA
    elitistants nnls dlb .PARENT. .RANK.   .WEIGHT.
403          NA   15   1      398     50 0.33333333
398          NA   17   1      332     53 0.26666667
413          NA   14   1      403     54 0.20000000
332          NA   16   1      245     56 0.13333333
363          NA   15   1      245     57 0.06666667
