# 2025-03-23 09:20:46 -03: Reading parameter file '/home/dianag/PruebasPablo/irace-runs/Runs-T/ACOTSP-SR/Run/SR_seed_8273645872/parameters.txt'.
# 2025-03-23 09:20:46 -03: 1 expression(s) specifying forbidden configurations read.
# 2025-03-23 09:20:46 -03: Initialization
# Elitist race
# Elitist new instances: 1
# Elitist limit: 2
# nbIterations: 5
# minNbSurvival: 5
# nbParameters: 11
# seed: 301952094
# confidence level: 0.95
# budget: 2500
# mu: 5
# deterministic: FALSE

# 2025-03-23 09:20:46 -03: Iteration 1 of 5
# experimentsUsed: 0
# remainingBudget: 2500
# currentBudget: 500
# nbConfigurations: 83
# Markers:
     x No test is performed.
     c Configurations are discarded only due to capping.
     - The test is performed and some configurations are discarded.
     = The test is performed but no configuration is discarded.
     ! The test is performed and configurations could be discarded but elite configurations are preserved.
     . All alive configurations are elite and nothing is discarded.

+-+-----------+-----------+-----------+----------------+-----------+--------+-----+----+------+
| |   Instance|      Alive|       Best|       Mean best| Exp so far|  W time|  rho|KenW|  Qvar|
+-+-----------+-----------+-----------+----------------+-----------+--------+-----+----+------+
|x|          1|         83|          6|     32889560.00|         83|00:14:28|   NA|  NA|    NA|
|x|          2|         83|          6|     32723541.50|        166|00:14:29|+0.98|0.99|0.0007|
|x|          3|         83|          6|     32798075.67|        249|00:14:28|+0.98|0.99|0.0011|
|x|          4|         83|          6|     32849174.25|        332|00:14:28|+0.98|0.99|0.0010|
|-|          5|          6|          6|     32772391.60|        415|00:14:28|+0.28|0.42|0.5884|
|-|          6|          4|         54|     32717016.50|        421|00:01:02|+0.05|0.21|0.6485|
+-+-----------+-----------+-----------+----------------+-----------+--------+-----+----+------+
Best-so-far configuration:          54    mean value:      32717016.50
Description of the best-so-far configuration:
   .ID. algorithm localsearch  alpha   beta  rho ants q0 rasrank elitistants
54   54       ras           3 2.8036 1.6348 0.17   14 NA       8          NA
   nnls dlb .PARENT.
54   22   0       NA

# 2025-03-23 10:34:13 -03: Elite configurations (first number is the configuration ID; listed from best to worst according to the sum of ranks):
   algorithm localsearch  alpha   beta    rho ants     q0 rasrank elitistants
54       ras           3 2.8036 1.6348 0.1700   14     NA       8          NA
6        acs           2 2.1005 2.1035 0.9899   54 0.1497      NA          NA
33       acs           2 3.2724 0.6973 0.5722   59 0.3841      NA          NA
58       acs           3 4.3661 7.2598 0.8506   44 0.9154      NA          NA
   nnls dlb
54   22   0
6    33   0
33   38   0
58   31   0
# 2025-03-23 10:34:13 -03: Iteration 2 of 5
# experimentsUsed: 421
# remainingBudget: 2079
# currentBudget: 519
# nbConfigurations: 77
# Markers:
     x No test is performed.
     c Configurations are discarded only due to capping.
     - The test is performed and some configurations are discarded.
     = The test is performed but no configuration is discarded.
     ! The test is performed and configurations could be discarded but elite configurations are preserved.
     . All alive configurations are elite and nothing is discarded.

+-+-----------+-----------+-----------+----------------+-----------+--------+-----+----+------+
| |   Instance|      Alive|       Best|       Mean best| Exp so far|  W time|  rho|KenW|  Qvar|
+-+-----------+-----------+-----------+----------------+-----------+--------+-----+----+------+
|x|          7|         77|         54|     32736715.00|         77|00:13:22|   NA|  NA|    NA|
|x|          1|         77|          6|     32860155.00|        150|00:12:41|+0.97|0.98|0.0007|
|x|          2|         77|          6|     32759277.67|        223|00:12:40|+0.97|0.98|0.0023|
|x|          5|         77|          6|     32685773.50|        296|00:12:40|+0.97|0.98|0.0018|
|-|          3|          7|          6|     32738047.60|        369|00:12:42|+0.08|0.26|0.7294|
|=|          6|          7|          6|     32677026.50|        372|00:00:31|+0.03|0.19|0.7581|
|=|          4|          7|         54|     32719830.57|        375|00:00:31|-0.01|0.13|0.8041|
|=|          8|          7|         54|     32707034.25|        382|00:01:13|+0.06|0.18|0.7546|
+-+-----------+-----------+-----------+----------------+-----------+--------+-----+----+------+
Best-so-far configuration:          54    mean value:      32707034.25
Description of the best-so-far configuration:
   .ID. algorithm localsearch  alpha   beta  rho ants q0 rasrank elitistants
54   54       ras           3 2.8036 1.6348 0.17   14 NA       8          NA
   nnls dlb .PARENT.
54   22   0       NA

# 2025-03-23 11:40:37 -03: Elite configurations (first number is the configuration ID; listed from best to worst according to the sum of ranks):
    algorithm localsearch  alpha   beta    rho ants     q0 rasrank elitistants
54        ras           3 2.8036 1.6348 0.1700   14     NA       8          NA
6         acs           2 2.1005 2.1035 0.9899   54 0.1497      NA          NA
137       acs           3 2.7477 4.1356 0.6848   45 0.6194      NA          NA
132       acs           2 3.5957 2.2652 0.5458   59 0.2053      NA          NA
58        acs           3 4.3661 7.2598 0.8506   44 0.9154      NA          NA
    nnls dlb
54    22   0
6     33   0
137   37   0
132   21   0
58    31   0
# 2025-03-23 11:40:37 -03: Iteration 3 of 5
# experimentsUsed: 803
# remainingBudget: 1697
# currentBudget: 565
# nbConfigurations: 67
# Markers:
     x No test is performed.
     c Configurations are discarded only due to capping.
     - The test is performed and some configurations are discarded.
     = The test is performed but no configuration is discarded.
     ! The test is performed and configurations could be discarded but elite configurations are preserved.
     . All alive configurations are elite and nothing is discarded.

+-+-----------+-----------+-----------+----------------+-----------+--------+-----+----+------+
| |   Instance|      Alive|       Best|       Mean best| Exp so far|  W time|  rho|KenW|  Qvar|
+-+-----------+-----------+-----------+----------------+-----------+--------+-----+----+------+
|x|          9|         67|        170|     32213356.00|         67|00:11:37|   NA|  NA|    NA|
|x|          7|         67|         54|     32520384.50|        129|00:10:45|+0.92|0.96|0.0012|
|x|          2|         67|        174|     32572093.67|        191|00:10:43|+0.91|0.94|0.0012|
|x|          3|         67|        181|     32664248.50|        253|00:10:43|+0.91|0.93|0.0028|
|-|          5|          9|        181|     32610448.20|        315|00:10:44|-0.03|0.18|0.9193|
|=|          6|          9|        181|     32555050.83|        319|00:00:41|+0.02|0.18|0.8404|
|=|          4|          9|        181|     32606510.86|        323|00:00:41|+0.08|0.21|0.8047|
|=|          1|          9|        181|     32647771.88|        327|00:00:41|+0.00|0.13|0.8723|
|=|          8|          9|         54|     32662258.67|        331|00:00:41|+0.01|0.12|0.8473|
|=|         10|          9|        181|     32632846.30|        340|00:01:33|+0.03|0.12|0.8210|
+-+-----------+-----------+-----------+----------------+-----------+--------+-----+----+------+
Best-so-far configuration:         181    mean value:      32632846.30
Description of the best-so-far configuration:
    .ID. algorithm localsearch  alpha   beta    rho ants     q0 rasrank
181  181       acs           3 2.8801 0.8203 0.9751   35 0.1227      NA
    elitistants nnls dlb .PARENT.
181          NA   20   0        6

# 2025-03-23 12:39:30 -03: Elite configurations (first number is the configuration ID; listed from best to worst according to the sum of ranks):
    algorithm localsearch  alpha   beta    rho ants     q0 rasrank elitistants
181       acs           3 2.8801 0.8203 0.9751   35 0.1227      NA          NA
170       ras           3 3.1927 5.2402 0.1962   46     NA      12          NA
54        ras           3 2.8036 1.6348 0.1700   14     NA       8          NA
132       acs           2 3.5957 2.2652 0.5458   59 0.2053      NA          NA
186       acs           3 3.7139 6.7604 0.8586   42 0.8092      NA          NA
    nnls dlb
181   20   0
170   20   1
54    22   0
132   21   0
186   32   0
# 2025-03-23 12:39:30 -03: Iteration 4 of 5
# experimentsUsed: 1143
# remainingBudget: 1357
# currentBudget: 678
# nbConfigurations: 66
# Markers:
     x No test is performed.
     c Configurations are discarded only due to capping.
     - The test is performed and some configurations are discarded.
     = The test is performed but no configuration is discarded.
     ! The test is performed and configurations could be discarded but elite configurations are preserved.
     . All alive configurations are elite and nothing is discarded.

+-+-----------+-----------+-----------+----------------+-----------+--------+-----+----+------+
| |   Instance|      Alive|       Best|       Mean best| Exp so far|  W time|  rho|KenW|  Qvar|
+-+-----------+-----------+-----------+----------------+-----------+--------+-----+----+------+
|x|         11|         66|        233|     32350063.00|         66|00:11:25|   NA|  NA|    NA|
|x|          9|         66|        259|     32323773.50|        127|00:10:33|+0.84|0.92|0.0031|
|x|          2|         66|        233|     32391830.00|        188|00:10:33|+0.84|0.89|0.0030|
|x|          1|         66|        233|     32500319.25|        249|00:10:32|+0.85|0.89|0.0036|
|-|          8|         13|        233|     32543858.20|        310|00:10:34|-0.09|0.13|0.9780|
|=|          4|         13|        233|     32602412.33|        318|00:01:23|-0.02|0.15|0.9338|
|=|          6|         13|        233|     32554027.43|        326|00:01:23|+0.05|0.18|0.9023|
|=|          3|         13|        233|     32595997.62|        334|00:01:23|+0.09|0.21|0.8548|
|-|          5|          8|        233|     32572690.00|        342|00:01:23|+0.15|0.25|0.7133|
|!|         10|          8|        233|     32555410.80|        345|00:00:31|+0.14|0.22|0.7135|
|-|          7|          2|        233|     32569608.09|        348|00:00:31|+0.13|0.21|0.4364|
+-+-----------+-----------+-----------+----------------+-----------+--------+-----+----+------+
Best-so-far configuration:         233    mean value:      32569608.09
Description of the best-so-far configuration:
    .ID. algorithm localsearch alpha   beta    rho ants     q0 rasrank
233  233       acs           3 1.848 2.7843 0.6652   34 0.3057      NA
    elitistants nnls dlb .PARENT.
233          NA   34   1      181

# 2025-03-23 13:39:47 -03: Elite configurations (first number is the configuration ID; listed from best to worst according to the sum of ranks):
    algorithm localsearch  alpha   beta    rho ants     q0 rasrank elitistants
233       acs           3 1.8480 2.7843 0.6652   34 0.3057      NA          NA
239       ras           3 2.9849 3.6950 0.3629   53     NA       8          NA
    nnls dlb
233   34   1
239   26   1
# 2025-03-23 13:39:47 -03: Iteration 5 of 5
# experimentsUsed: 1491
# remainingBudget: 1009
# currentBudget: 1009
# nbConfigurations: 85
# Markers:
     x No test is performed.
     c Configurations are discarded only due to capping.
     - The test is performed and some configurations are discarded.
     = The test is performed but no configuration is discarded.
     ! The test is performed and configurations could be discarded but elite configurations are preserved.
     . All alive configurations are elite and nothing is discarded.

+-+-----------+-----------+-----------+----------------+-----------+--------+-----+----+------+
| |   Instance|      Alive|       Best|       Mean best| Exp so far|  W time|  rho|KenW|  Qvar|
+-+-----------+-----------+-----------+----------------+-----------+--------+-----+----+------+
|x|         12|         85|        284|     32817531.00|         85|00:14:42|   NA|  NA|    NA|
|x|          6|         85|        326|     32556893.50|        168|00:14:21|+0.70|0.85|0.0011|
|x|          2|         85|        326|     32550722.00|        251|00:14:22|+0.73|0.82|0.0009|
|x|         10|         85|        326|     32502933.50|        334|00:14:25|+0.74|0.81|0.0015|
|-|          9|         28|        326|     32451486.20|        417|00:14:18|-0.11|0.11|1.0921|
|=|          7|         28|        326|     32509893.67|        443|00:04:29|-0.08|0.10|1.0529|
|=|          4|         28|        297|     32562552.71|        469|00:04:30|-0.04|0.11|1.0177|
|=|          1|         28|        328|     32590572.12|        495|00:04:30|+0.02|0.14|0.9577|
|=|          5|         28|        328|     32564567.33|        521|00:04:30|+0.04|0.15|0.9428|
|=|          8|         28|        307|     32568555.50|        547|00:04:31|+0.04|0.14|0.9569|
|-|          3|         22|        326|     32608402.91|        573|00:04:30|+0.01|0.10|0.9522|
|=|         11|         22|        326|     32590710.33|        593|00:03:29|+0.04|0.12|0.9332|
|=|         13|         22|        326|     32589914.31|        615|00:03:50|+0.03|0.11|0.9344|
+-+-----------+-----------+-----------+----------------+-----------+--------+-----+----+------+
Best-so-far configuration:         326    mean value:      32589914.31
Description of the best-so-far configuration:
    .ID. algorithm localsearch  alpha   beta    rho ants     q0 rasrank
326  326       acs           3 1.9739 4.2153 0.7839   27 0.2088      NA
    elitistants nnls dlb .PARENT.
326          NA   34   1      233

# 2025-03-23 15:26:20 -03: Elite configurations (first number is the configuration ID; listed from best to worst according to the sum of ranks):
    algorithm localsearch  alpha   beta    rho ants     q0 rasrank elitistants
326       acs           3 1.9739 4.2153 0.7839   27 0.2088      NA          NA
307       acs           3 1.4043 4.6531 0.6709   42 0.4342      NA          NA
306       acs           3 2.0781 1.9084 0.5867   30 0.6412      NA          NA
315       acs           3 1.8257 2.7018 0.6947   38 0.2388      NA          NA
233       acs           3 1.8480 2.7843 0.6652   34 0.3057      NA          NA
    nnls dlb
326   34   1
307   28   1
306   24   1
315   26   1
233   34   1
# 2025-03-23 15:26:20 -03: Iteration 6 of 6
# experimentsUsed: 2106
# remainingBudget: 394
# currentBudget: 394
# nbConfigurations: 32
# Markers:
     x No test is performed.
     c Configurations are discarded only due to capping.
     - The test is performed and some configurations are discarded.
     = The test is performed but no configuration is discarded.
     ! The test is performed and configurations could be discarded but elite configurations are preserved.
     . All alive configurations are elite and nothing is discarded.

+-+-----------+-----------+-----------+----------------+-----------+--------+-----+----+------+
| |   Instance|      Alive|       Best|       Mean best| Exp so far|  W time|  rho|KenW|  Qvar|
+-+-----------+-----------+-----------+----------------+-----------+--------+-----+----+------+
|x|         14|         32|        371|     32843665.00|         32|00:05:34|   NA|  NA|    NA|
|x|          7|         32|        384|     32764896.50|         59|00:04:42|+0.42|0.71|0.0467|
|x|         12|         32|        384|     32775977.33|         86|00:04:42|+0.53|0.69|0.0523|
|x|         10|         32|        384|     32680490.75|        113|00:04:42|+0.56|0.67|0.0483|
|-|         13|         12|        384|     32670504.40|        140|00:04:42|-0.14|0.09|1.0528|
|=|         11|         12|        384|     32618075.00|        147|00:01:13|-0.08|0.10|0.9964|
|=|          5|         12|        384|     32583247.29|        154|00:01:13|-0.03|0.12|0.9494|
|=|          3|         12|        384|     32617708.50|        161|00:01:13|+0.00|0.12|0.9191|
|=|          1|         12|        384|     32643038.11|        168|00:01:13|-0.02|0.09|0.9387|
|=|          6|         12|        384|     32608704.20|        175|00:01:13|-0.04|0.07|0.9500|
|=|          9|         12|        384|     32570104.36|        182|00:01:12|-0.02|0.08|0.9301|
|=|          2|         12|        384|     32571076.33|        189|00:01:12|-0.03|0.06|0.9382|
|=|          8|         12|        384|     32574841.69|        196|00:01:12|+0.00|0.08|0.9236|
|=|          4|         12|        384|     32598317.07|        203|00:01:12|-0.02|0.06|0.9382|
|=|         15|         12|        384|     32569827.20|        215|00:02:05|-0.01|0.06|0.9319|
+-+-----------+-----------+-----------+----------------+-----------+--------+-----+----+------+
Best-so-far configuration:         384    mean value:      32569827.20
Description of the best-so-far configuration:
    .ID. algorithm localsearch  alpha   beta    rho ants     q0 rasrank
384  384       acs           3 1.9467 3.3301 0.7068   38 0.1188      NA
    elitistants nnls dlb .PARENT.
384          NA   26   1      315

# 2025-03-23 16:03:47 -03: Elite configurations (first number is the configuration ID; listed from best to worst according to the sum of ranks):
    algorithm localsearch  alpha   beta    rho ants     q0 rasrank elitistants
384       acs           3 1.9467 3.3301 0.7068   38 0.1188      NA          NA
326       acs           3 1.9739 4.2153 0.7839   27 0.2088      NA          NA
307       acs           3 1.4043 4.6531 0.6709   42 0.4342      NA          NA
315       acs           3 1.8257 2.7018 0.6947   38 0.2388      NA          NA
378       acs           3 1.3088 2.9425 0.6332   27 0.6694      NA          NA
    nnls dlb
384   26   1
326   34   1
307   28   1
315   26   1
378   23   1
# 2025-03-23 16:03:47 -03: Iteration 7 of 7
# experimentsUsed: 2321
# remainingBudget: 179
# currentBudget: 179
# nbConfigurations: 15
# Markers:
     x No test is performed.
     c Configurations are discarded only due to capping.
     - The test is performed and some configurations are discarded.
     = The test is performed but no configuration is discarded.
     ! The test is performed and configurations could be discarded but elite configurations are preserved.
     . All alive configurations are elite and nothing is discarded.

+-+-----------+-----------+-----------+----------------+-----------+--------+-----+----+------+
| |   Instance|      Alive|       Best|       Mean best| Exp so far|  W time|  rho|KenW|  Qvar|
+-+-----------+-----------+-----------+----------------+-----------+--------+-----+----+------+
|x|         16|         15|        398|     32362442.00|         15|00:02:34|   NA|  NA|    NA|
|x|          8|         15|        315|     32492699.50|         25|00:01:44|+0.64|0.82|0.0559|
|x|          1|         15|        315|     32592529.00|         35|00:01:44|+0.69|0.79|0.0490|
|x|         13|         15|        326|     32612222.00|         45|00:01:43|+0.57|0.68|0.0522|
|-|          3|          8|        326|     32666710.00|         55|00:01:44|-0.10|0.12|0.8833|
|=|          9|          8|        326|     32596541.17|         58|00:00:31|-0.06|0.12|0.8821|
|=|          7|          8|        384|     32605379.00|         61|00:00:31|-0.02|0.12|0.8895|
|=|         12|          8|        384|     32629474.00|         64|00:00:31|+0.01|0.14|0.8404|
|=|          5|          8|        384|     32601119.22|         67|00:00:31|-0.01|0.11|0.8697|
|=|          6|          8|        384|     32570977.20|         70|00:00:30|-0.04|0.06|0.8970|
|=|         11|          8|        384|     32551427.27|         73|00:00:31|-0.01|0.08|0.8664|
|=|          4|          8|        384|     32580766.42|         76|00:00:31|-0.02|0.07|0.8805|
|=|         15|          8|        384|     32549243.54|         79|00:00:31|-0.04|0.04|0.9047|
|=|         10|          8|        384|     32538156.93|         82|00:00:30|-0.03|0.04|0.8915|
|=|         14|          8|        384|     32559141.53|         85|00:00:31|-0.02|0.05|0.8834|
|=|          2|          8|        384|     32560555.69|         88|00:00:31|-0.03|0.03|0.8985|
|=|         17|          8|        315|     32574435.53|         96|00:01:22|-0.02|0.04|0.8821|
+-+-----------+-----------+-----------+----------------+-----------+--------+-----+----+------+
Best-so-far configuration:         315    mean value:      32574435.53
Description of the best-so-far configuration:
    .ID. algorithm localsearch  alpha   beta    rho ants     q0 rasrank
315  315       acs           3 1.8257 2.7018 0.6947   38 0.2388      NA
    elitistants nnls dlb .PARENT.
315          NA   26   1      233

# 2025-03-23 16:20:25 -03: Elite configurations (first number is the configuration ID; listed from best to worst according to the sum of ranks):
    algorithm localsearch  alpha   beta    rho ants     q0 rasrank elitistants
315       acs           3 1.8257 2.7018 0.6947   38 0.2388      NA          NA
398       acs           3 1.6311 3.7457 0.6998   36 0.0367      NA          NA
384       acs           3 1.9467 3.3301 0.7068   38 0.1188      NA          NA
307       acs           3 1.4043 4.6531 0.6709   42 0.4342      NA          NA
378       acs           3 1.3088 2.9425 0.6332   27 0.6694      NA          NA
    nnls dlb
315   26   1
398   30   1
384   26   1
307   28   1
378   23   1
# 2025-03-23 16:20:25 -03: Iteration 8 of 8
# experimentsUsed: 2417
# remainingBudget: 83
# currentBudget: 83
# nbConfigurations: 9
# Markers:
     x No test is performed.
     c Configurations are discarded only due to capping.
     - The test is performed and some configurations are discarded.
     = The test is performed but no configuration is discarded.
     ! The test is performed and configurations could be discarded but elite configurations are preserved.
     . All alive configurations are elite and nothing is discarded.

+-+-----------+-----------+-----------+----------------+-----------+--------+-----+----+------+
| |   Instance|      Alive|       Best|       Mean best| Exp so far|  W time|  rho|KenW|  Qvar|
+-+-----------+-----------+-----------+----------------+-----------+--------+-----+----+------+
|x|         18|          9|        402|     32473621.00|          9|00:01:33|   NA|  NA|    NA|
|x|         11|          9|        403|     32440624.50|         13|00:00:41|+0.13|0.57|0.1073|
|x|         14|          9|        398|     32584714.33|         17|00:00:41|+0.20|0.47|0.0696|
|x|          9|          9|        384|     32485678.25|         21|00:00:41|+0.33|0.50|0.0561|
|-|         12|          7|        384|     32548170.40|         25|00:00:41|-0.08|0.14|0.9110|
|=|          1|          7|        384|     32597754.50|         27|00:00:20|-0.11|0.07|0.9361|
|=|          7|          7|        384|     32609056.29|         29|00:00:20|-0.02|0.13|0.8599|
|=|          5|          7|        384|     32579709.38|         31|00:00:20|-0.03|0.10|0.8789|
|=|          4|          7|        384|     32615685.78|         33|00:00:20|-0.02|0.10|0.8833|
|=|          3|          7|        384|     32640010.90|         35|00:00:20|+0.01|0.11|0.8530|
|=|          8|          7|        384|     32638194.09|         37|00:00:20|+0.03|0.12|0.8380|
|=|         10|          7|        384|     32617847.17|         39|00:00:20|+0.01|0.10|0.8501|
|=|          6|          7|        384|     32593374.23|         41|00:00:20|-0.02|0.06|0.8698|
|=|         13|          7|        384|     32596030.29|         43|00:00:21|-0.01|0.06|0.8520|
|=|          2|          7|        384|     32595079.47|         45|00:00:20|-0.04|0.03|0.8761|
|=|         15|          7|        384|     32568572.56|         47|00:00:20|-0.05|0.02|0.8929|
|=|         16|          7|        384|     32559920.24|         49|00:00:21|-0.05|0.02|0.8938|
|=|         17|          7|        307|     32572657.00|         51|00:00:20|-0.04|0.02|0.8899|
|=|         19|          7|        307|     32569703.32|         58|00:01:12|-0.04|0.02|0.8845|
+-+-----------+-----------+-----------+----------------+-----------+--------+-----+----+------+
Best-so-far configuration:         307    mean value:      32569703.32
Description of the best-so-far configuration:
    .ID. algorithm localsearch  alpha   beta    rho ants     q0 rasrank
307  307       acs           3 1.4043 4.6531 0.6709   42 0.4342      NA
    elitistants nnls dlb .PARENT.
307          NA   28   1      233

# 2025-03-23 16:30:28 -03: Elite configurations (first number is the configuration ID; listed from best to worst according to the sum of ranks):
    algorithm localsearch  alpha   beta    rho ants     q0 rasrank elitistants
307       acs           3 1.4043 4.6531 0.6709   42 0.4342      NA          NA
384       acs           3 1.9467 3.3301 0.7068   38 0.1188      NA          NA
315       acs           3 1.8257 2.7018 0.6947   38 0.2388      NA          NA
398       acs           3 1.6311 3.7457 0.6998   36 0.0367      NA          NA
378       acs           3 1.3088 2.9425 0.6332   27 0.6694      NA          NA
    nnls dlb
307   28   1
384   26   1
315   26   1
398   30   1
378   23   1
# 2025-03-23 16:30:28 -03: Iteration 9 of 9
# experimentsUsed: 2475
# remainingBudget: 25
# currentBudget: 25
# nbConfigurations: 6
# Markers:
     x No test is performed.
     c Configurations are discarded only due to capping.
     - The test is performed and some configurations are discarded.
     = The test is performed but no configuration is discarded.
     ! The test is performed and configurations could be discarded but elite configurations are preserved.
     . All alive configurations are elite and nothing is discarded.

+-+-----------+-----------+-----------+----------------+-----------+--------+-----+----+------+
| |   Instance|      Alive|       Best|       Mean best| Exp so far|  W time|  rho|KenW|  Qvar|
+-+-----------+-----------+-----------+----------------+-----------+--------+-----+----+------+
|x|         20|          6|        378|     32473959.00|          6|00:01:02|   NA|  NA|    NA|
|x|          6|          6|        378|     32364235.00|          7|00:00:10|+0.14|0.57|0.9712|
|x|         12|          6|        378|     32526380.33|          8|00:00:10|+0.18|0.45|0.7270|
|x|         13|          6|        378|     32548319.75|          9|00:00:10|+0.33|0.50|0.6167|
|=|          1|          6|        378|     32607740.00|         10|00:00:10|+0.29|0.43|0.7662|
|-|          4|          5|        378|     32662056.67|         11|00:00:10|+0.11|0.26|0.7540|
|.|          7|          5|        378|     32670725.14|         11|00:00:00|+0.01|0.15|0.8086|
|.|         18|          5|        378|     32653984.50|         11|00:00:00|+0.08|0.20|0.7717|
|.|         15|          5|        378|     32593053.89|         11|00:00:00|+0.04|0.15|0.8159|
|.|          8|          5|        378|     32597016.90|         11|00:00:00|+0.06|0.16|0.7824|
|.|          5|          5|        378|     32574746.45|         11|00:00:00|+0.01|0.10|0.7998|
|.|          9|          5|        378|     32549369.92|         11|00:00:00|+0.01|0.09|0.8016|
|.|          3|          5|        378|     32576691.38|         11|00:00:00|-0.01|0.07|0.8119|
|.|          2|          5|        378|     32572652.43|         11|00:00:00|-0.03|0.04|0.8302|
|.|         10|          5|        378|     32560419.60|         11|00:00:00|-0.01|0.06|0.8140|
|.|         14|          5|        378|     32580131.56|         11|00:00:00|-0.03|0.03|0.8236|
|.|         11|          5|        378|     32569514.76|         11|00:00:00|-0.04|0.02|0.8248|
|.|         19|          5|        378|     32564811.61|         11|00:00:00|-0.03|0.02|0.8181|
|.|         17|          5|        378|     32569989.74|         11|00:00:00|-0.04|0.01|0.8291|
|.|         16|          5|        378|     32563014.00|         11|00:00:00|-0.05|0.00|0.8368|
+-+-----------+-----------+-----------+----------------+-----------+--------+-----+----+------+
Best configuration for the instances in this race: 378
Best-so-far configuration:         384    mean value:      32561129.00
Description of the best-so-far configuration:
    .ID. algorithm localsearch  alpha   beta    rho ants     q0 rasrank
384  384       acs           3 1.9467 3.3301 0.7068   38 0.1188      NA
    elitistants nnls dlb .PARENT.
384          NA   26   1      315

# 2025-03-23 16:32:22 -03: Elite configurations (first number is the configuration ID; listed from best to worst according to the sum of ranks):
    algorithm localsearch  alpha   beta    rho ants     q0 rasrank elitistants
384       acs           3 1.9467 3.3301 0.7068   38 0.1188      NA          NA
378       acs           3 1.3088 2.9425 0.6332   27 0.6694      NA          NA
307       acs           3 1.4043 4.6531 0.6709   42 0.4342      NA          NA
315       acs           3 1.8257 2.7018 0.6947   38 0.2388      NA          NA
398       acs           3 1.6311 3.7457 0.6998   36 0.0367      NA          NA
    nnls dlb
384   26   1
378   23   1
307   28   1
315   26   1
398   30   1
# 2025-03-23 16:32:22 -03: Stopped because there is not enough budget left to race more than the minimum (5).
# You may either increase the budget or set 'minNbSurvival' to a lower value.
# Iteration: 10
# nbIterations: 10
# experimentsUsed: 2486
# timeUsed: 0
# remainingBudget: 14
# currentBudget: 14
# number of elites: 5
# nbConfigurations: 5
# Total CPU user time: 25752.43, CPU sys time: 154.822, Wall-clock time: 25896.27
# 2025-03-23 16:32:22 -03: Starting post-selection:
# Configurations selected: 384, 378, 307, 315, 398, 326.
# Pending instances: 1, 1, 1, 1, 1, 4.
# 2025-03-23 16:32:23 -03: seed: 301952094
# Configurations: 6
# Available experiments: 14
# minSurvival: 1
# Markers:
     x No test is performed.
     c Configurations are discarded only due to capping.
     - The test is performed and some configurations are discarded.
     = The test is performed but no configuration is discarded.
     ! The test is performed and configurations could be discarded but elite configurations are preserved.
     . All alive configurations are elite and nothing is discarded.

+-+-----------+-----------+-----------+----------------+-----------+--------+-----+----+------+
| |   Instance|      Alive|       Best|       Mean best| Exp so far|  W time|  rho|KenW|  Qvar|
+-+-----------+-----------+-----------+----------------+-----------+--------+-----+----+------+
|.|          7|          6|        384|     32676867.00|          0|00:00:00|   NA|  NA|    NA|
|x|         18|          6|        384|     32613310.00|          1|00:00:10|-0.77|0.11|1.5028|
|.|          2|          6|        384|     32602796.00|          1|00:00:00|-0.45|0.03|1.1808|
|.|          8|          6|        384|     32607103.50|          1|00:00:00|-0.27|0.05|1.0463|
|.|         13|          6|        384|     32611794.60|          1|00:00:00|-0.09|0.13|0.9028|
|.|         10|          6|        384|     32575500.67|          1|00:00:00|+0.02|0.18|0.8100|
|.|          9|          6|        384|     32519587.14|          1|00:00:00|-0.00|0.14|0.8538|
|.|         14|          6|        384|     32561254.50|          1|00:00:00|-0.09|0.05|0.9094|
|.|         17|          6|        384|     32579327.11|          1|00:00:00|-0.10|0.02|0.9226|
|.|         11|          6|        384|     32556987.20|          1|00:00:00|-0.10|0.01|0.9227|
|x|         20|          6|        326|     32557109.00|          2|00:00:10|-0.08|0.02|0.9001|
|.|          1|          6|        326|     32576343.83|          2|00:00:00|-0.05|0.03|0.8960|
|.|         16|          6|        326|     32569188.62|          2|00:00:00|-0.07|0.02|0.9009|
|.|          4|          6|        326|     32595735.21|          2|00:00:00|-0.06|0.01|0.8928|
|.|          6|          6|        326|     32572041.00|          2|00:00:00|-0.05|0.02|0.8861|
|.|         12|          6|        326|     32590880.00|          2|00:00:00|-0.05|0.02|0.8799|
|.|          5|          6|        326|     32580967.47|          2|00:00:00|-0.05|0.01|0.8785|
|.|         15|          6|        326|     32555950.50|          2|00:00:00|-0.06|0.00|0.8797|
|.|          3|          6|        326|     32573251.11|          2|00:00:00|-0.05|0.00|0.8769|
|=|         19|          6|        384|     32561129.00|          3|00:00:10|-0.05|0.00|0.8718|
|=|         21|          6|        384|     32544136.62|          9|00:01:02|-0.04|0.00|0.8671|
+-+-----------+-----------+-----------+----------------+-----------+--------+-----+----+------+
Best-so-far configuration:         384    mean value:      32544136.62
Description of the best-so-far configuration:
    .ID. algorithm localsearch  alpha   beta    rho ants     q0 rasrank
384  384       acs           3 1.9467 3.3301 0.7068   38 0.1188      NA
    elitistants nnls dlb .PARENT.
384          NA   26   1      315

# 2025-03-23 16:33:56 -03: Elite configurations (first number is the configuration ID; listed from best to worst according to the sum of ranks):
    algorithm localsearch  alpha   beta    rho ants     q0 rasrank elitistants
384       acs           3 1.9467 3.3301 0.7068   38 0.1188      NA          NA
398       acs           3 1.6311 3.7457 0.6998   36 0.0367      NA          NA
378       acs           3 1.3088 2.9425 0.6332   27 0.6694      NA          NA
315       acs           3 1.8257 2.7018 0.6947   38 0.2388      NA          NA
326       acs           3 1.9739 4.2153 0.7839   27 0.2088      NA          NA
    nnls dlb
384   26   1
398   30   1
378   23   1
315   26   1
326   34   1
# Total CPU user time: 25845.92, CPU sys time: 155.453, Wall-clock time: 25990.35
    .ID. algorithm localsearch  alpha   beta    rho ants     q0 rasrank
384  384       acs           3 1.9467 3.3301 0.7068   38 0.1188      NA
398  398       acs           3 1.6311 3.7457 0.6998   36 0.0367      NA
378  378       acs           3 1.3088 2.9425 0.6332   27 0.6694      NA
315  315       acs           3 1.8257 2.7018 0.6947   38 0.2388      NA
326  326       acs           3 1.9739 4.2153 0.7839   27 0.2088      NA
    elitistants nnls dlb .PARENT. .RANK.   .WEIGHT.
384          NA   26   1      315     70 0.33333333
398          NA   30   1      384     71 0.26666667
378          NA   23   1      306     73 0.20000000
315          NA   26   1      233     74 0.13333333
326          NA   34   1      233     76 0.06666667
