# 2025-03-20 16:17:47 -03: Reading parameter file '/home/dianag/PruebasPablo/irace-runs/Runs-T/ACOTSP-N/Run/N_seed_5463728192/parameters.txt'.
# 2025-03-20 16:17:47 -03: 1 expression(s) specifying forbidden configurations read.
# 2025-03-20 16:17:47 -03: Initialization
# Elitist race
# Elitist new instances: 1
# Elitist limit: 2
# nbIterations: 5
# minNbSurvival: 5
# nbParameters: 11
# seed: 404549573
# confidence level: 0.95
# budget: 2500
# mu: 5
# deterministic: FALSE

# 2025-03-20 16:17:47 -03: Iteration 1 of 5
# experimentsUsed: 0
# remainingBudget: 2500
# currentBudget: 500
# nbConfigurations: 83
# Markers:
     x No test is performed.
     c Configurations are discarded only due to capping.
     - The test is performed and some configurations are discarded.
     = The test is performed but no configuration is discarded.
     ! The test is performed and configurations could be discarded but elite configurations are preserved.
     . All alive configurations are elite and nothing is discarded.

+-+-----------+-----------+-----------+----------------+-----------+--------+-----+----+------+
| |   Instance|      Alive|       Best|       Mean best| Exp so far|  W time|  rho|KenW|  Qvar|
+-+-----------+-----------+-----------+----------------+-----------+--------+-----+----+------+
|x|          1|         83|         79|     32555497.00|         83|00:14:28|   NA|  NA|    NA|
|x|          2|         83|         30|     32764074.50|        166|00:14:28|+0.97|0.99|0.0031|
|x|          3|         83|         30|     32866944.00|        249|00:14:28|+0.97|0.98|0.0024|
|x|          4|         83|         30|     32725816.00|        332|00:14:28|+0.97|0.98|0.0028|
|-|          5|          4|         30|     32658449.60|        415|00:14:23|+0.36|0.49|0.4321|
+-+-----------+-----------+-----------+----------------+-----------+--------+-----+----+------+
Best-so-far configuration:          30    mean value:      32658449.60
Description of the best-so-far configuration:
   .ID. algorithm localsearch  alpha   beta    rho ants     q0 rasrank
30   30       acs           3 3.6523 4.1689 0.2722   56 0.8389      NA
   elitistants nnls dlb .PARENT.
30          NA   29   1       NA

# 2025-03-20 17:30:05 -03: Elite configurations (first number is the configuration ID; listed from best to worst according to the sum of ranks):
   algorithm localsearch  alpha   beta    rho ants     q0 rasrank elitistants
30       acs           3 3.6523 4.1689 0.2722   56 0.8389      NA          NA
13       ras           3 1.9335 1.3564 0.4269   35     NA      16          NA
56      mmas           2 1.0741 0.5752 0.9374   39     NA      NA          NA
51      mmas           3 2.9491 9.3252 0.5661   51     NA      NA          NA
   nnls dlb
30   29   1
13    7   0
56   22   0
51   40   1
# 2025-03-20 17:30:05 -03: Iteration 2 of 5
# experimentsUsed: 415
# remainingBudget: 2085
# currentBudget: 521
# nbConfigurations: 77
# Markers:
     x No test is performed.
     c Configurations are discarded only due to capping.
     - The test is performed and some configurations are discarded.
     = The test is performed but no configuration is discarded.
     ! The test is performed and configurations could be discarded but elite configurations are preserved.
     . All alive configurations are elite and nothing is discarded.

+-+-----------+-----------+-----------+----------------+-----------+--------+-----+----+------+
| |   Instance|      Alive|       Best|       Mean best| Exp so far|  W time|  rho|KenW|  Qvar|
+-+-----------+-----------+-----------+----------------+-----------+--------+-----+----+------+
|x|          6|         77|         30|     32429212.00|         77|00:13:22|   NA|  NA|    NA|
|x|          5|         77|         30|     32409098.00|        150|00:12:42|+0.97|0.99|0.0007|
|x|          2|         77|         30|     32596725.00|        223|00:12:40|+0.97|0.98|0.0009|
|x|          1|         77|         30|     32586586.25|        296|00:12:41|+0.98|0.98|0.0010|
|-|          4|          6|         30|     32529755.40|        369|00:12:37|+0.67|0.73|0.3591|
|-|          3|          3|         30|     32620243.33|        371|00:00:20|+0.20|0.33|0.5717|
+-+-----------+-----------+-----------+----------------+-----------+--------+-----+----+------+
Best-so-far configuration:          30    mean value:      32620243.33
Description of the best-so-far configuration:
   .ID. algorithm localsearch  alpha   beta    rho ants     q0 rasrank
30   30       acs           3 3.6523 4.1689 0.2722   56 0.8389      NA
   elitistants nnls dlb .PARENT.
30          NA   29   1       NA

# 2025-03-20 18:34:31 -03: Elite configurations (first number is the configuration ID; listed from best to worst according to the sum of ranks):
    algorithm localsearch  alpha   beta    rho ants     q0 rasrank elitistants
30        acs           3 3.6523 4.1689 0.2722   56 0.8389      NA          NA
106      mmas           3 4.0983 5.0664 0.1290   39     NA      NA          NA
138       acs           3 3.4910 7.5187 0.3935   50 0.9934      NA          NA
    nnls dlb
30    29   1
106   20   1
138   16   1
# 2025-03-20 18:34:31 -03: Iteration 3 of 5
# experimentsUsed: 786
# remainingBudget: 1714
# currentBudget: 571
# nbConfigurations: 73
# Markers:
     x No test is performed.
     c Configurations are discarded only due to capping.
     - The test is performed and some configurations are discarded.
     = The test is performed but no configuration is discarded.
     ! The test is performed and configurations could be discarded but elite configurations are preserved.
     . All alive configurations are elite and nothing is discarded.

+-+-----------+-----------+-----------+----------------+-----------+--------+-----+----+------+
| |   Instance|      Alive|       Best|       Mean best| Exp so far|  W time|  rho|KenW|  Qvar|
+-+-----------+-----------+-----------+----------------+-----------+--------+-----+----+------+
|x|          7|         73|        221|     32475369.00|         73|00:12:38|   NA|  NA|    NA|
|x|          6|         73|        197|     32427397.00|        143|00:12:06|+0.92|0.96|0.0072|
|x|          3|         73|        197|     32639963.33|        213|00:12:06|+0.91|0.94|0.0067|
|x|          4|         73|        221|     32567453.50|        283|00:12:07|+0.91|0.93|0.0060|
|-|          5|          9|        221|     32522830.60|        353|00:12:06|+0.00|0.20|0.7959|
|=|          1|          9|        221|     32522911.17|        359|00:01:02|+0.11|0.26|0.7561|
|=|          2|          9|        197|     32586987.86|        365|00:01:02|+0.08|0.21|0.7519|
|-|          8|          4|        197|     32588606.12|        374|00:01:32|+0.05|0.17|0.7371|
+-+-----------+-----------+-----------+----------------+-----------+--------+-----+----+------+
Best-so-far configuration:         197    mean value:      32588606.12
Description of the best-so-far configuration:
    .ID. algorithm localsearch  alpha  beta    rho ants     q0 rasrank
197  197       acs           3 4.9289 3.803 0.3602   66 0.6689      NA
    elitistants nnls dlb .PARENT.
197          NA   40   1       30

# 2025-03-20 19:39:14 -03: Elite configurations (first number is the configuration ID; listed from best to worst according to the sum of ranks):
    algorithm localsearch  alpha   beta    rho ants     q0 rasrank elitistants
197       acs           3 4.9289 3.8030 0.3602   66 0.6689      NA          NA
221       acs           3 2.6760 6.9931 0.1692   40 0.8818      NA          NA
173       acs           3 3.7862 3.0841 0.5650   59 0.5978      NA          NA
30        acs           3 3.6523 4.1689 0.2722   56 0.8389      NA          NA
    nnls dlb
197   40   1
221   17   1
173   17   1
30    29   1
# 2025-03-20 19:39:14 -03: Iteration 4 of 5
# experimentsUsed: 1160
# remainingBudget: 1340
# currentBudget: 670
# nbConfigurations: 78
# Markers:
     x No test is performed.
     c Configurations are discarded only due to capping.
     - The test is performed and some configurations are discarded.
     = The test is performed but no configuration is discarded.
     ! The test is performed and configurations could be discarded but elite configurations are preserved.
     . All alive configurations are elite and nothing is discarded.

+-+-----------+-----------+-----------+----------------+-----------+--------+-----+----+------+
| |   Instance|      Alive|       Best|       Mean best| Exp so far|  W time|  rho|KenW|  Qvar|
+-+-----------+-----------+-----------+----------------+-----------+--------+-----+----+------+
|x|          9|         78|        267|     32787512.00|         78|00:13:31|   NA|  NA|    NA|
|x|          1|         78|        268|     32642759.50|        152|00:12:50|+0.75|0.88|0.0035|
|x|          4|         78|        237|     32539363.00|        226|00:12:50|+0.75|0.84|0.0057|
|x|          5|         78|        237|     32495242.50|        300|00:12:50|+0.75|0.82|0.0050|
|-|          8|         27|        267|     32517846.00|        374|00:12:49|-0.09|0.13|1.0366|
|=|          3|         27|        267|     32600306.17|        397|00:03:58|-0.01|0.15|0.9575|
|=|          2|         27|        267|     32649650.57|        420|00:03:59|+0.04|0.17|0.8989|
|=|          6|         27|        237|     32616591.88|        443|00:03:59|+0.01|0.13|0.9237|
|=|          7|         27|        237|     32600959.78|        466|00:03:58|+0.05|0.16|0.8978|
|=|         10|         27|        267|     32607096.70|        493|00:04:41|+0.04|0.14|0.9195|
+-+-----------+-----------+-----------+----------------+-----------+--------+-----+----+------+
Best-so-far configuration:         267    mean value:      32607096.70
Description of the best-so-far configuration:
    .ID. algorithm localsearch alpha   beta    rho ants     q0 rasrank
267  267       acs           3  3.21 4.4392 0.6251   64 0.3725      NA
    elitistants nnls dlb .PARENT.
267          NA   23   1      173

# 2025-03-20 21:04:43 -03: Elite configurations (first number is the configuration ID; listed from best to worst according to the sum of ranks):
    algorithm localsearch  alpha   beta    rho ants     q0 rasrank elitistants
267       acs           3 3.2100 4.4392 0.6251   64 0.3725      NA          NA
237       acs           3 2.3541 6.9339 0.4405   50 0.8238      NA          NA
221       acs           3 2.6760 6.9931 0.1692   40 0.8818      NA          NA
278       acs           3 2.3794 9.5213 0.3454   40 0.8105      NA          NA
248       acs           3 1.8410 6.4131 0.2153   39 0.8946      NA          NA
    nnls dlb
267   23   1
237   18   1
221   17   1
278   17   1
248   27   1
# 2025-03-20 21:04:43 -03: Iteration 5 of 5
# experimentsUsed: 1653
# remainingBudget: 847
# currentBudget: 847
# nbConfigurations: 81
# Markers:
     x No test is performed.
     c Configurations are discarded only due to capping.
     - The test is performed and some configurations are discarded.
     = The test is performed but no configuration is discarded.
     ! The test is performed and configurations could be discarded but elite configurations are preserved.
     . All alive configurations are elite and nothing is discarded.

+-+-----------+-----------+-----------+----------------+-----------+--------+-----+----+------+
| |   Instance|      Alive|       Best|       Mean best| Exp so far|  W time|  rho|KenW|  Qvar|
+-+-----------+-----------+-----------+----------------+-----------+--------+-----+----+------+
|x|         11|         81|        357|     32419530.00|         81|00:14:00|   NA|  NA|    NA|
|x|          9|         81|        267|     32617197.50|        157|00:13:09|+0.67|0.83|0.1274|
|x|          8|         81|        267|     32605841.00|        233|00:13:11|+0.65|0.76|0.1076|
|x|          5|         81|        267|     32536877.50|        309|00:13:09|+0.63|0.72|0.1111|
|-|          3|         15|        267|     32632023.40|        385|00:13:08|+0.01|0.21|0.9253|
|=|         10|         15|        267|     32610921.83|        395|00:01:44|-0.00|0.17|0.9350|
|=|          1|         15|        267|     32611095.00|        405|00:01:44|-0.04|0.11|0.9687|
|=|          2|         15|        267|     32652922.75|        415|00:01:44|-0.03|0.10|0.9695|
|=|          4|         15|        267|     32611094.56|        425|00:01:44|-0.03|0.09|0.9707|
|=|          6|         15|        267|     32604037.80|        435|00:01:43|-0.04|0.06|0.9917|
|=|          7|         15|        376|     32586451.91|        445|00:01:43|-0.03|0.06|0.9841|
|=|         12|         15|        267|     32564972.75|        460|00:02:35|-0.03|0.06|0.9763|
+-+-----------+-----------+-----------+----------------+-----------+--------+-----+----+------+
Best-so-far configuration:         267    mean value:      32564972.75
Description of the best-so-far configuration:
    .ID. algorithm localsearch alpha   beta    rho ants     q0 rasrank
267  267       acs           3  3.21 4.4392 0.6251   64 0.3725      NA
    elitistants nnls dlb .PARENT.
267          NA   23   1      173

# 2025-03-20 22:24:23 -03: Elite configurations (first number is the configuration ID; listed from best to worst according to the sum of ranks):
    algorithm localsearch  alpha   beta    rho ants     q0 rasrank elitistants
267       acs           3 3.2100 4.4392 0.6251   64 0.3725      NA          NA
340       acs           3 3.4498 6.1753 0.6070   62 0.2966      NA          NA
237       acs           3 2.3541 6.9339 0.4405   50 0.8238      NA          NA
376       acs           3 2.2733 6.7611 0.4732   49 0.6846      NA          NA
248       acs           3 1.8410 6.4131 0.2153   39 0.8946      NA          NA
    nnls dlb
267   23   1
340   19   1
237   18   1
376   21   1
248   27   1
# 2025-03-20 22:24:23 -03: Iteration 6 of 6
# experimentsUsed: 2113
# remainingBudget: 387
# currentBudget: 387
# nbConfigurations: 34
# Markers:
     x No test is performed.
     c Configurations are discarded only due to capping.
     - The test is performed and some configurations are discarded.
     = The test is performed but no configuration is discarded.
     ! The test is performed and configurations could be discarded but elite configurations are preserved.
     . All alive configurations are elite and nothing is discarded.

+-+-----------+-----------+-----------+----------------+-----------+--------+-----+----+------+
| |   Instance|      Alive|       Best|       Mean best| Exp so far|  W time|  rho|KenW|  Qvar|
+-+-----------+-----------+-----------+----------------+-----------+--------+-----+----+------+
|x|         13|         34|        392|     32322667.00|         34|00:05:52|   NA|  NA|    NA|
|x|          4|         34|        384|     32293770.50|         63|00:05:01|+0.18|0.59|0.2690|
|x|         10|         34|        384|     32359576.67|         92|00:05:01|+0.33|0.55|0.2337|
|x|          8|         34|        384|     32414793.75|        121|00:05:02|+0.38|0.53|0.2756|
|-|         11|         18|        267|     32429139.00|        150|00:05:02|-0.14|0.09|1.0662|
|=|          1|         18|        267|     32459638.17|        163|00:02:15|-0.14|0.05|1.0793|
|=|          3|         18|        402|     32527159.14|        176|00:02:14|-0.10|0.06|1.0508|
|=|          5|         18|        402|     32501866.75|        189|00:02:15|-0.06|0.08|0.9982|
|=|          9|         18|        267|     32543103.89|        202|00:02:14|-0.04|0.07|0.9718|
|=|          2|         18|        267|     32583365.20|        215|00:02:15|-0.06|0.04|0.9931|
|=|         12|         18|        267|     32554134.09|        228|00:02:14|-0.04|0.05|0.9665|
|=|          7|         18|        267|     32547745.58|        241|00:02:15|-0.03|0.06|0.9460|
|=|          6|         18|        267|     32547190.31|        254|00:02:14|-0.03|0.05|0.9433|
|=|         14|         18|        267|     32537391.14|        272|00:03:06|-0.01|0.06|0.9309|
+-+-----------+-----------+-----------+----------------+-----------+--------+-----+----+------+
Best-so-far configuration:         267    mean value:      32537391.14
Description of the best-so-far configuration:
    .ID. algorithm localsearch alpha   beta    rho ants     q0 rasrank
267  267       acs           3  3.21 4.4392 0.6251   64 0.3725      NA
    elitistants nnls dlb .PARENT.
267          NA   23   1      173

# 2025-03-20 23:11:30 -03: Elite configurations (first number is the configuration ID; listed from best to worst according to the sum of ranks):
    algorithm localsearch  alpha   beta    rho ants     q0 rasrank elitistants
267       acs           3 3.2100 4.4392 0.6251   64 0.3725      NA          NA
399       acs           3 3.2543 5.2929 0.5022   60 0.2906      NA          NA
378       acs           3 2.6384 3.9915 0.6409   53 0.4423      NA          NA
402       acs           3 3.3644 2.8911 0.6892   68 0.4914      NA          NA
340       acs           3 3.4498 6.1753 0.6070   62 0.2966      NA          NA
    nnls dlb
267   23   1
399   17   1
378   22   1
402   24   1
340   19   1
# 2025-03-20 23:11:30 -03: Iteration 7 of 7
# experimentsUsed: 2385
# remainingBudget: 115
# currentBudget: 115
# nbConfigurations: 12
# Markers:
     x No test is performed.
     c Configurations are discarded only due to capping.
     - The test is performed and some configurations are discarded.
     = The test is performed but no configuration is discarded.
     ! The test is performed and configurations could be discarded but elite configurations are preserved.
     . All alive configurations are elite and nothing is discarded.

+-+-----------+-----------+-----------+----------------+-----------+--------+-----+----+------+
| |   Instance|      Alive|       Best|       Mean best| Exp so far|  W time|  rho|KenW|  Qvar|
+-+-----------+-----------+-----------+----------------+-----------+--------+-----+----+------+
|x|         15|         12|        267|     32774228.00|         12|00:02:04|   NA|  NA|    NA|
|x|         10|         12|        267|     32639821.00|         19|00:01:12|-0.02|0.49|0.3551|
|x|         11|         12|        267|     32575508.33|         26|00:01:12|+0.08|0.39|0.4383|
|x|          5|         12|        267|     32514128.00|         33|00:01:13|+0.18|0.38|0.3799|
|=|          1|         12|        402|     32518456.40|         40|00:01:12|+0.13|0.30|0.5071|
|-|          4|         11|        267|     32490852.50|         47|00:01:13|-0.06|0.12|0.9485|
|=|          6|         11|        402|     32471908.00|         53|00:01:02|-0.08|0.07|0.9942|
|=|          2|         11|        267|     32553919.88|         59|00:01:02|-0.09|0.04|0.9912|
|=|         14|         11|        409|     32527175.33|         65|00:01:02|-0.08|0.04|0.9800|
|=|          9|         11|        409|     32554897.10|         71|00:01:02|-0.05|0.06|0.9477|
|=|         13|         11|        267|     32542061.27|         77|00:01:02|-0.03|0.07|0.9292|
|=|          7|         11|        267|     32536678.83|         83|00:01:02|-0.04|0.05|0.9373|
|=|          3|         11|        267|     32573288.69|         89|00:01:02|-0.03|0.05|0.9307|
|=|          8|         11|        267|     32573991.50|         95|00:01:02|-0.01|0.06|0.9171|
|=|         12|         11|        267|     32553180.27|        101|00:01:01|-0.01|0.05|0.9174|
|=|         16|         11|        267|     32548938.50|        112|00:01:54|-0.03|0.04|0.9268|
+-+-----------+-----------+-----------+----------------+-----------+--------+-----+----+------+
Best-so-far configuration:         267    mean value:      32548938.50
Description of the best-so-far configuration:
    .ID. algorithm localsearch alpha   beta    rho ants     q0 rasrank
267  267       acs           3  3.21 4.4392 0.6251   64 0.3725      NA
    elitistants nnls dlb .PARENT.
267          NA   23   1      173

# 2025-03-20 23:30:57 -03: Elite configurations (first number is the configuration ID; listed from best to worst according to the sum of ranks):
    algorithm localsearch  alpha   beta    rho ants     q0 rasrank elitistants
267       acs           3 3.2100 4.4392 0.6251   64 0.3725      NA          NA
412       acs           3 3.5663 6.5472 0.4691   58 0.2541      NA          NA
340       acs           3 3.4498 6.1753 0.6070   62 0.2966      NA          NA
378       acs           3 2.6384 3.9915 0.6409   53 0.4423      NA          NA
402       acs           3 3.3644 2.8911 0.6892   68 0.4914      NA          NA
    nnls dlb
267   23   1
412   17   1
340   19   1
378   22   1
402   24   1
# 2025-03-20 23:30:57 -03: Stopped because there is not enough budget left to race more than the minimum (5).
# You may either increase the budget or set 'minNbSurvival' to a lower value.
# Iteration: 8
# nbIterations: 8
# experimentsUsed: 2497
# timeUsed: 0
# remainingBudget: 3
# currentBudget: 3
# number of elites: 5
# nbConfigurations: 5
# Total CPU user time: 25842.44, CPU sys time: 158.017, Wall-clock time: 25989.37
# 2025-03-20 23:30:57 -03: Starting post-selection:
# Configurations selected: 267, 412, 340.
# Pending instances: 0, 0, 0.
# 2025-03-20 23:30:57 -03: seed: 404549573
# Configurations: 3
# Available experiments: 3
# minSurvival: 1
# Markers:
     x No test is performed.
     c Configurations are discarded only due to capping.
     - The test is performed and some configurations are discarded.
     = The test is performed but no configuration is discarded.
     ! The test is performed and configurations could be discarded but elite configurations are preserved.
     . All alive configurations are elite and nothing is discarded.

+-+-----------+-----------+-----------+----------------+-----------+--------+-----+----+------+
| |   Instance|      Alive|       Best|       Mean best| Exp so far|  W time|  rho|KenW|  Qvar|
+-+-----------+-----------+-----------+----------------+-----------+--------+-----+----+------+
|.|          7|          3|        267|     32477472.00|          0|00:00:00|   NA|  NA|    NA|
|.|         13|          3|        267|     32405636.50|          0|00:00:00|+0.50|0.75|0.0693|
|.|         11|          3|        267|     32419385.33|          0|00:00:00|+0.67|0.78|0.1087|
|.|          5|          3|        267|     32397035.75|          0|00:00:00|+0.25|0.44|0.6274|
|.|          6|          3|        267|     32425734.00|          0|00:00:00|-0.05|0.16|0.7877|
|.|          4|          3|        267|     32400856.50|          0|00:00:00|+0.10|0.25|0.6957|
|.|         15|          3|        267|     32454195.29|          0|00:00:00|+0.21|0.33|0.6253|
|.|          1|          3|        267|     32473937.62|          0|00:00:00|+0.09|0.20|0.6841|
|.|         14|          3|        267|     32466833.67|          0|00:00:00|+0.00|0.11|0.7111|
|.|          3|          3|        267|     32521411.00|          0|00:00:00|-0.03|0.07|0.6895|
|.|         12|          3|        267|     32497812.09|          0|00:00:00|-0.06|0.03|0.7131|
|.|          2|          3|        267|     32535137.50|          0|00:00:00|-0.04|0.05|0.6883|
|.|         10|          3|        267|     32532851.08|          0|00:00:00|-0.04|0.04|0.6879|
|.|         16|          3|        267|     32529455.43|          0|00:00:00|-0.04|0.04|0.6968|
|.|          9|          3|        267|     32546659.20|          0|00:00:00|-0.03|0.04|0.6887|
|.|          8|          3|        267|     32548938.50|          0|00:00:00|-0.04|0.03|0.6905|
|=|         17|          3|        267|     32541680.29|          3|00:00:30|-0.01|0.04|0.6816|
+-+-----------+-----------+-----------+----------------+-----------+--------+-----+----+------+
Best-so-far configuration:         267    mean value:      32541680.29
Description of the best-so-far configuration:
    .ID. algorithm localsearch alpha   beta    rho ants     q0 rasrank
267  267       acs           3  3.21 4.4392 0.6251   64 0.3725      NA
    elitistants nnls dlb .PARENT.
267          NA   23   1      173

# 2025-03-20 23:31:28 -03: Elite configurations (first number is the configuration ID; listed from best to worst according to the sum of ranks):
    algorithm localsearch  alpha   beta    rho ants     q0 rasrank elitistants
267       acs           3 3.2100 4.4392 0.6251   64 0.3725      NA          NA
412       acs           3 3.5663 6.5472 0.4691   58 0.2541      NA          NA
340       acs           3 3.4498 6.1753 0.6070   62 0.2966      NA          NA
    nnls dlb
267   23   1
412   17   1
340   19   1
# Total CPU user time: 25873.27, CPU sys time: 158.194, Wall-clock time: 26020.37
    .ID. algorithm localsearch  alpha   beta    rho ants     q0 rasrank
267  267       acs           3 3.2100 4.4392 0.6251   64 0.3725      NA
412  412       acs           3 3.5663 6.5472 0.4691   58 0.2541      NA
340  340       acs           3 3.4498 6.1753 0.6070   62 0.2966      NA
    elitistants nnls dlb .PARENT. .RANK.  .WEIGHT.
267          NA   23   1      173     30 0.5000000
412          NA   17   1      399     35 0.3333333
340          NA   19   1      267     37 0.1666667
