# 2025-03-21 13:59:12 -03: Reading parameter file '/home/dianag/PruebasPablo/irace-runs/Runs-T/ACOTSP-N/Run/N_seed_6473829102/parameters.txt'.
# 2025-03-21 13:59:12 -03: 1 expression(s) specifying forbidden configurations read.
# 2025-03-21 13:59:13 -03: Initialization
# Elitist race
# Elitist new instances: 1
# Elitist limit: 2
# nbIterations: 5
# minNbSurvival: 5
# nbParameters: 11
# seed: 1634496642
# confidence level: 0.95
# budget: 2500
# mu: 5
# deterministic: FALSE

# 2025-03-21 13:59:13 -03: Iteration 1 of 5
# experimentsUsed: 0
# remainingBudget: 2500
# currentBudget: 500
# nbConfigurations: 83
# Markers:
     x No test is performed.
     c Configurations are discarded only due to capping.
     - The test is performed and some configurations are discarded.
     = The test is performed but no configuration is discarded.
     ! The test is performed and configurations could be discarded but elite configurations are preserved.
     . All alive configurations are elite and nothing is discarded.

+-+-----------+-----------+-----------+----------------+-----------+--------+-----+----+------+
| |   Instance|      Alive|       Best|       Mean best| Exp so far|  W time|  rho|KenW|  Qvar|
+-+-----------+-----------+-----------+----------------+-----------+--------+-----+----+------+
|x|          1|         83|         12|     32506987.00|         83|00:14:28|   NA|  NA|    NA|
|x|          2|         83|         12|     32602629.50|        166|00:14:28|+0.98|0.99|0.0008|
|x|          3|         83|         12|     32555934.00|        249|00:14:28|+0.98|0.99|0.0008|
|x|          4|         83|         12|     32570432.50|        332|00:14:28|+0.97|0.98|0.0009|
|-|          5|          6|         12|     32522011.00|        415|00:14:23|+0.51|0.61|0.3631|
|-|          6|          2|         12|     32588171.17|        421|00:01:02|+0.33|0.44|0.3333|
+-+-----------+-----------+-----------+----------------+-----------+--------+-----+----+------+
Best-so-far configuration:          12    mean value:      32588171.17
Description of the best-so-far configuration:
   .ID. algorithm localsearch  alpha   beta    rho ants     q0 rasrank
12   12       acs           3 2.4425 7.7469 0.5168   34 0.7792      NA
   elitistants nnls dlb .PARENT.
12          NA   11   0       NA

# 2025-03-21 15:12:33 -03: Elite configurations (first number is the configuration ID; listed from best to worst according to the sum of ranks):
   algorithm localsearch  alpha   beta    rho ants     q0 rasrank elitistants
12       acs           3 2.4425 7.7469 0.5168   34 0.7792      NA          NA
28       eas           3 3.2237 5.5594 0.6715   61     NA      NA          41
   nnls dlb
12   11   0
28   36   1
# 2025-03-21 15:12:33 -03: Iteration 2 of 5
# experimentsUsed: 421
# remainingBudget: 2079
# currentBudget: 519
# nbConfigurations: 75
# Markers:
     x No test is performed.
     c Configurations are discarded only due to capping.
     - The test is performed and some configurations are discarded.
     = The test is performed but no configuration is discarded.
     ! The test is performed and configurations could be discarded but elite configurations are preserved.
     . All alive configurations are elite and nothing is discarded.

+-+-----------+-----------+-----------+----------------+-----------+--------+-----+----+------+
| |   Instance|      Alive|       Best|       Mean best| Exp so far|  W time|  rho|KenW|  Qvar|
+-+-----------+-----------+-----------+----------------+-----------+--------+-----+----+------+
|x|          7|         75|        153|     32617058.00|         75|00:13:01|   NA|  NA|    NA|
|x|          3|         75|        153|     32539023.50|        148|00:12:37|+0.97|0.99|0.0041|
|x|          4|         75|        153|     32565350.00|        221|00:12:41|+0.96|0.97|0.0038|
|x|          6|         75|        153|     32642605.75|        294|00:12:42|+0.95|0.96|0.0037|
|-|          2|          6|         96|     32661377.00|        367|00:12:43|+0.15|0.32|0.5471|
|=|          1|          6|        153|     32630870.83|        371|00:00:41|+0.17|0.31|0.5209|
|-|          5|          4|        153|     32579884.29|        375|00:00:41|+0.07|0.20|0.6197|
+-+-----------+-----------+-----------+----------------+-----------+--------+-----+----+------+
Best-so-far configuration:         153    mean value:      32579884.29
Description of the best-so-far configuration:
    .ID. algorithm localsearch alpha   beta    rho ants     q0 rasrank
153  153       acs           3 2.279 1.3432 0.1515   30 0.5381      NA
    elitistants nnls dlb .PARENT.
153          NA    8   0       12

# 2025-03-21 16:17:43 -03: Elite configurations (first number is the configuration ID; listed from best to worst according to the sum of ranks):
    algorithm localsearch  alpha   beta    rho ants     q0 rasrank elitistants
153       acs           3 2.2790 1.3432 0.1515   30 0.5381      NA          NA
96        acs           3 2.3785 3.4059 0.2393   16 0.6130      NA          NA
12        acs           3 2.4425 7.7469 0.5168   34 0.7792      NA          NA
28        eas           3 3.2237 5.5594 0.6715   61     NA      NA          41
    nnls dlb
153    8   0
96    10   1
12    11   0
28    36   1
# 2025-03-21 16:17:43 -03: Iteration 3 of 5
# experimentsUsed: 796
# remainingBudget: 1704
# currentBudget: 568
# nbConfigurations: 74
# Markers:
     x No test is performed.
     c Configurations are discarded only due to capping.
     - The test is performed and some configurations are discarded.
     = The test is performed but no configuration is discarded.
     ! The test is performed and configurations could be discarded but elite configurations are preserved.
     . All alive configurations are elite and nothing is discarded.

+-+-----------+-----------+-----------+----------------+-----------+--------+-----+----+------+
| |   Instance|      Alive|       Best|       Mean best| Exp so far|  W time|  rho|KenW|  Qvar|
+-+-----------+-----------+-----------+----------------+-----------+--------+-----+----+------+
|x|          8|         74|        205|     32344788.00|         74|00:12:48|   NA|  NA|    NA|
|x|          4|         74|         96|     32464747.50|        144|00:12:09|+0.96|0.98|0.0020|
|x|          2|         74|         96|     32533372.33|        214|00:12:12|+0.94|0.96|0.0018|
|x|          1|         74|        184|     32549301.50|        284|00:12:11|+0.95|0.96|0.0016|
|-|          6|         11|         96|     32616382.40|        354|00:12:09|+0.09|0.27|0.8406|
|=|          7|         11|        210|     32605897.00|        361|00:01:12|+0.06|0.22|0.8591|
|=|          3|         11|        210|     32582289.57|        368|00:01:12|+0.11|0.24|0.7945|
|-|          5|          6|        210|     32550071.88|        375|00:01:12|+0.02|0.14|0.8117|
|=|          9|          6|        210|     32553743.56|        381|00:01:02|-0.00|0.11|0.8115|
|=|         10|          6|        210|     32540763.30|        387|00:01:02|+0.04|0.14|0.7803|
+-+-----------+-----------+-----------+----------------+-----------+--------+-----+----+------+
Best-so-far configuration:         210    mean value:      32540763.30
Description of the best-so-far configuration:
    .ID. algorithm localsearch  alpha   beta    rho ants     q0 rasrank
210  210       acs           3 3.0509 6.5531 0.3579   28 0.2562      NA
    elitistants nnls dlb .PARENT.
210          NA   19   1       96

# 2025-03-21 17:24:58 -03: Elite configurations (first number is the configuration ID; listed from best to worst according to the sum of ranks):
    algorithm localsearch  alpha   beta    rho ants     q0 rasrank elitistants
210       acs           3 3.0509 6.5531 0.3579   28 0.2562      NA          NA
188       acs           3 3.0301 8.9301 0.7134   46 0.8340      NA          NA
153       acs           3 2.2790 1.3432 0.1515   30 0.5381      NA          NA
96        acs           3 2.3785 3.4059 0.2393   16 0.6130      NA          NA
12        acs           3 2.4425 7.7469 0.5168   34 0.7792      NA          NA
    nnls dlb
210   19   1
188   23   1
153    8   0
96    10   1
12    11   0
# 2025-03-21 17:24:58 -03: Iteration 4 of 5
# experimentsUsed: 1183
# remainingBudget: 1317
# currentBudget: 658
# nbConfigurations: 64
# Markers:
     x No test is performed.
     c Configurations are discarded only due to capping.
     - The test is performed and some configurations are discarded.
     = The test is performed but no configuration is discarded.
     ! The test is performed and configurations could be discarded but elite configurations are preserved.
     . All alive configurations are elite and nothing is discarded.

+-+-----------+-----------+-----------+----------------+-----------+--------+-----+----+------+
| |   Instance|      Alive|       Best|       Mean best| Exp so far|  W time|  rho|KenW|  Qvar|
+-+-----------+-----------+-----------+----------------+-----------+--------+-----+----+------+
|x|         11|         64|        248|     32544978.00|         64|00:11:03|   NA|  NA|    NA|
|x|          5|         64|         96|     32405019.50|        123|00:10:11|+0.73|0.87|0.0046|
|x|          3|         64|        244|     32423426.33|        182|00:10:17|+0.72|0.81|0.0045|
|x|          6|         64|        284|     32519551.00|        241|00:10:16|+0.73|0.80|0.0050|
|-|          2|         15|        284|     32554673.40|        300|00:10:11|-0.01|0.19|0.9743|
|=|          8|         15|        284|     32516502.00|        310|00:01:43|+0.04|0.20|0.9101|
|=|          1|         15|        284|     32515574.14|        320|00:01:43|-0.01|0.14|0.9498|
|=|          4|         15|        284|     32520053.25|        330|00:01:44|+0.03|0.15|0.9175|
|=|         10|         15|        284|     32508641.78|        340|00:01:43|+0.05|0.15|0.8964|
|=|          7|         15|        284|     32520701.40|        350|00:01:43|+0.06|0.15|0.8893|
|=|          9|         15|        284|     32526867.91|        360|00:01:43|+0.04|0.13|0.8982|
|=|         12|         15|        284|     32522650.08|        375|00:02:35|+0.03|0.11|0.9077|
+-+-----------+-----------+-----------+----------------+-----------+--------+-----+----+------+
Best-so-far configuration:         284    mean value:      32522650.08
Description of the best-so-far configuration:
    .ID. algorithm localsearch alpha   beta    rho ants     q0 rasrank
284  284       acs           3 2.533 9.5814 0.9935   54 0.7889      NA
    elitistants nnls dlb .PARENT.
284          NA   22   1      188

# 2025-03-21 18:29:57 -03: Elite configurations (first number is the configuration ID; listed from best to worst according to the sum of ranks):
    algorithm localsearch  alpha   beta    rho ants     q0 rasrank elitistants
284       acs           3 2.5330 9.5814 0.9935   54 0.7889      NA          NA
279       acs           3 2.1823 8.1271 0.5714   44 0.7039      NA          NA
250       acs           3 2.8832 4.5243 0.6238   53 0.1107      NA          NA
210       acs           3 3.0509 6.5531 0.3579   28 0.2562      NA          NA
244       acs           3 3.4649 8.2881 0.3537   45 0.5155      NA          NA
    nnls dlb
284   22   1
279   23   1
250   30   1
210   19   1
244   13   1
# 2025-03-21 18:29:57 -03: Iteration 5 of 5
# experimentsUsed: 1558
# remainingBudget: 942
# currentBudget: 942
# nbConfigurations: 77
# Markers:
     x No test is performed.
     c Configurations are discarded only due to capping.
     - The test is performed and some configurations are discarded.
     = The test is performed but no configuration is discarded.
     ! The test is performed and configurations could be discarded but elite configurations are preserved.
     . All alive configurations are elite and nothing is discarded.

+-+-----------+-----------+-----------+----------------+-----------+--------+-----+----+------+
| |   Instance|      Alive|       Best|       Mean best| Exp so far|  W time|  rho|KenW|  Qvar|
+-+-----------+-----------+-----------+----------------+-----------+--------+-----+----+------+
|x|         13|         77|        344|     32549837.00|         77|00:13:18|   NA|  NA|    NA|
|x|          9|         77|        313|     32532068.50|        149|00:12:26|+0.42|0.71|0.0062|
|x|          8|         77|        319|     32487541.00|        221|00:12:31|+0.48|0.66|0.0059|
|x|         11|         77|        338|     32510307.50|        293|00:12:33|+0.51|0.63|0.0056|
|-|          2|         36|        319|     32545152.40|        365|00:12:30|-0.09|0.13|1.0436|
|=|          5|         36|        297|     32495123.83|        396|00:05:21|-0.04|0.13|0.9966|
|=|          7|         36|        319|     32504875.29|        427|00:05:19|-0.03|0.12|0.9852|
|=|          6|         36|        319|     32543137.75|        458|00:05:22|-0.01|0.11|0.9720|
|=|          4|         36|        319|     32545843.89|        489|00:05:20|+0.01|0.12|0.9565|
|=|          1|         36|        319|     32542349.00|        520|00:05:22|+0.04|0.14|0.9216|
|=|         12|         36|        319|     32535524.73|        551|00:05:20|+0.04|0.12|0.9257|
|-|         10|         23|        319|     32529717.58|        582|00:05:20|-0.03|0.06|0.9708|
|=|          3|         23|        295|     32526739.54|        600|00:03:06|-0.02|0.06|0.9616|
|=|         14|         23|        295|     32533086.14|        623|00:03:59|-0.02|0.06|0.9614|
+-+-----------+-----------+-----------+----------------+-----------+--------+-----+----+------+
Best-so-far configuration:         295    mean value:      32533086.14
Description of the best-so-far configuration:
    .ID. algorithm localsearch alpha   beta    rho ants    q0 rasrank
295  295       acs           3 3.142 7.2189 0.1591   49 0.596      NA
    elitistants nnls dlb .PARENT.
295          NA   11   1      244

# 2025-03-21 20:17:50 -03: Elite configurations (first number is the configuration ID; listed from best to worst according to the sum of ranks):
    algorithm localsearch  alpha   beta    rho ants     q0 rasrank elitistants
295       acs           3 3.1420 7.2189 0.1591   49 0.5960      NA          NA
319       acs           3 3.3686 9.6912 0.3551   44 0.4007      NA          NA
297       acs           3 4.0982 6.6817 0.2796   52 0.3374      NA          NA
314       acs           3 2.6350 3.6240 0.6861   56 0.0136      NA          NA
288       acs           3 3.0004 8.5721 0.8980   57 0.7576      NA          NA
    nnls dlb
295   11   1
319   13   1
297   22   1
314   25   1
288   20   1
# 2025-03-21 20:17:50 -03: Iteration 6 of 6
# experimentsUsed: 2181
# remainingBudget: 319
# currentBudget: 319
# nbConfigurations: 25
# Markers:
     x No test is performed.
     c Configurations are discarded only due to capping.
     - The test is performed and some configurations are discarded.
     = The test is performed but no configuration is discarded.
     ! The test is performed and configurations could be discarded but elite configurations are preserved.
     . All alive configurations are elite and nothing is discarded.

+-+-----------+-----------+-----------+----------------+-----------+--------+-----+----+------+
| |   Instance|      Alive|       Best|       Mean best| Exp so far|  W time|  rho|KenW|  Qvar|
+-+-----------+-----------+-----------+----------------+-----------+--------+-----+----+------+
|x|         15|         25|        369|     32239666.00|         25|00:04:21|   NA|  NA|    NA|
|x|         14|         25|        369|     32426427.50|         45|00:03:29|+0.07|0.54|0.0575|
|x|         11|         25|        369|     32477462.00|         65|00:03:28|+0.31|0.54|0.0475|
|x|          3|         25|        369|     32460870.00|         85|00:03:28|+0.37|0.53|0.0429|
|-|         13|         15|        369|     32491185.40|        105|00:03:28|-0.06|0.15|0.8905|
|=|          7|         15|        364|     32515315.33|        115|00:01:42|-0.11|0.08|0.9670|
|=|         10|         15|        364|     32500644.14|        125|00:01:43|-0.07|0.08|0.9476|
|=|          5|         15|        364|     32474838.88|        135|00:01:44|-0.05|0.08|0.9405|
|=|          1|         15|        297|     32479700.78|        145|00:01:43|-0.05|0.07|0.9373|
|=|          9|         15|        297|     32483449.80|        155|00:01:42|-0.06|0.05|0.9542|
|=|         12|         15|        295|     32482951.45|        165|00:01:44|-0.05|0.04|0.9682|
|=|          4|         15|        295|     32486915.42|        175|00:01:44|-0.03|0.06|0.9425|
|=|          2|         15|        295|     32502838.62|        185|00:01:42|-0.03|0.05|0.9404|
|=|          8|         15|        364|     32491947.64|        195|00:01:44|-0.04|0.03|0.9594|
|=|          6|         15|        364|     32516256.73|        205|00:01:44|-0.04|0.03|0.9535|
|=|         16|         15|        295|     32513443.69|        220|00:02:36|-0.04|0.03|0.9519|
+-+-----------+-----------+-----------+----------------+-----------+--------+-----+----+------+
Best-so-far configuration:         295    mean value:      32513443.69
Description of the best-so-far configuration:
    .ID. algorithm localsearch alpha   beta    rho ants    q0 rasrank
295  295       acs           3 3.142 7.2189 0.1591   49 0.596      NA
    elitistants nnls dlb .PARENT.
295          NA   11   1      244

# 2025-03-21 20:56:00 -03: Elite configurations (first number is the configuration ID; listed from best to worst according to the sum of ranks):
    algorithm localsearch  alpha   beta    rho ants     q0 rasrank elitistants
295       acs           3 3.1420 7.2189 0.1591   49 0.5960      NA          NA
364       acs           3 4.0274 8.5990 0.3998   56 0.2927      NA          NA
314       acs           3 2.6350 3.6240 0.6861   56 0.0136      NA          NA
377       acs           3 3.7762 5.9203 0.1894   59 0.5323      NA          NA
297       acs           3 4.0982 6.6817 0.2796   52 0.3374      NA          NA
    nnls dlb
295   11   1
364   17   1
314   25   1
377   11   1
297   22   1
# 2025-03-21 20:56:00 -03: Iteration 7 of 7
# experimentsUsed: 2401
# remainingBudget: 99
# currentBudget: 99
# nbConfigurations: 10
# Markers:
     x No test is performed.
     c Configurations are discarded only due to capping.
     - The test is performed and some configurations are discarded.
     = The test is performed but no configuration is discarded.
     ! The test is performed and configurations could be discarded but elite configurations are preserved.
     . All alive configurations are elite and nothing is discarded.

+-+-----------+-----------+-----------+----------------+-----------+--------+-----+----+------+
| |   Instance|      Alive|       Best|       Mean best| Exp so far|  W time|  rho|KenW|  Qvar|
+-+-----------+-----------+-----------+----------------+-----------+--------+-----+----+------+
|x|         17|         10|        378|     32607116.00|         10|00:01:44|   NA|  NA|    NA|
|x|         10|         10|        295|     32506872.50|         15|00:00:52|-0.07|0.47|0.9483|
|x|         11|         10|        295|     32521300.33|         20|00:00:52|+0.06|0.38|0.7928|
|x|          5|         10|        295|     32459995.50|         25|00:00:52|-0.02|0.23|0.8545|
|=|          7|         10|        295|     32497156.40|         30|00:00:52|-0.08|0.13|0.9241|
|=|         15|         10|        377|     32469344.50|         35|00:00:52|-0.02|0.15|0.8831|
|=|          4|         10|        295|     32477976.00|         40|00:00:52|+0.01|0.15|0.8534|
|=|         13|         10|        364|     32489581.88|         45|00:00:52|-0.03|0.10|0.8864|
|=|         14|         10|        364|     32505687.56|         50|00:00:52|-0.03|0.09|0.8932|
|=|          2|         10|        364|     32526037.00|         55|00:00:52|-0.01|0.09|0.8766|
|=|          8|         10|        364|     32510801.18|         60|00:00:52|+0.01|0.10|0.8612|
|=|         16|         10|        364|     32505922.33|         65|00:00:52|+0.03|0.11|0.8335|
|=|          6|         10|        379|     32525706.92|         70|00:00:52|+0.05|0.12|0.8330|
|=|          3|         10|        377|     32521226.14|         75|00:00:52|+0.04|0.10|0.8469|
|=|          9|         10|        377|     32520173.33|         80|00:00:52|+0.06|0.12|0.8249|
|=|         12|         10|        295|     32516685.75|         85|00:00:52|+0.04|0.10|0.8390|
|=|          1|         10|        377|     32520657.88|         90|00:00:52|+0.05|0.11|0.8262|
+-+-----------+-----------+-----------+----------------+-----------+--------+-----+----+------+
Best-so-far configuration:         377    mean value:      32520657.88
Description of the best-so-far configuration:
    .ID. algorithm localsearch  alpha   beta    rho ants     q0 rasrank
377  377       acs           3 3.7762 5.9203 0.1894   59 0.5323      NA
    elitistants nnls dlb .PARENT.
377          NA   11   1      295

# 2025-03-21 21:11:42 -03: Elite configurations (first number is the configuration ID; listed from best to worst according to the sum of ranks):
    algorithm localsearch  alpha   beta    rho ants     q0 rasrank elitistants
377       acs           3 3.7762 5.9203 0.1894   59 0.5323      NA          NA
295       acs           3 3.1420 7.2189 0.1591   49 0.5960      NA          NA
364       acs           3 4.0274 8.5990 0.3998   56 0.2927      NA          NA
379       acs           3 3.5861 8.2241 0.3465   55 0.1417      NA          NA
382       acs           3 3.8584 9.9330 0.3430   48 0.3172      NA          NA
    nnls dlb
377   11   1
295   11   1
364   17   1
379   20   1
382   16   1
# 2025-03-21 21:11:42 -03: Stopped because there is not enough budget left to race more than the minimum (5).
# You may either increase the budget or set 'minNbSurvival' to a lower value.
# Iteration: 8
# nbIterations: 8
# experimentsUsed: 2491
# timeUsed: 0
# remainingBudget: 9
# currentBudget: 9
# number of elites: 5
# nbConfigurations: 5
# Total CPU user time: 25807.23, CPU sys time: 153.408, Wall-clock time: 25949.63
# 2025-03-21 21:11:42 -03: Starting post-selection:
# Configurations selected: 377, 295, 364, 379, 382, 314, 297, 378, 380.
# Pending instances: 0, 0, 0, 0, 0, 0, 0, 0, 0.
# 2025-03-21 21:11:42 -03: seed: 1634496642
# Configurations: 9
# Available experiments: 9
# minSurvival: 1
# Markers:
     x No test is performed.
     c Configurations are discarded only due to capping.
     - The test is performed and some configurations are discarded.
     = The test is performed but no configuration is discarded.
     ! The test is performed and configurations could be discarded but elite configurations are preserved.
     . All alive configurations are elite and nothing is discarded.

+-+-----------+-----------+-----------+----------------+-----------+--------+-----+----+------+
| |   Instance|      Alive|       Best|       Mean best| Exp so far|  W time|  rho|KenW|  Qvar|
+-+-----------+-----------+-----------+----------------+-----------+--------+-----+----+------+
|.|          3|          9|        377|     32388045.00|          0|00:00:00|   NA|  NA|    NA|
|.|         13|          9|        377|     32495911.50|          0|00:00:00|+0.47|0.73|0.2857|
|.|         17|          9|        377|     32533263.33|          0|00:00:00|+0.08|0.39|0.7111|
|.|          2|          9|        377|     32583256.50|          0|00:00:00|+0.02|0.26|0.8078|
|.|          4|          9|        377|     32579048.20|          0|00:00:00|+0.03|0.23|0.8284|
|.|         11|          9|        377|     32580244.17|          0|00:00:00|+0.09|0.24|0.7718|
|.|          5|          9|        377|     32543417.86|          0|00:00:00|+0.04|0.18|0.7925|
|.|          9|          9|        377|     32538669.88|          0|00:00:00|+0.08|0.19|0.7575|
|.|          1|          9|        377|     32536276.33|          0|00:00:00|+0.11|0.21|0.7435|
|.|          6|          9|        377|     32563070.70|          0|00:00:00|+0.08|0.17|0.7845|
|.|         16|          9|        377|     32545819.91|          0|00:00:00|+0.11|0.19|0.7679|
|.|          8|          9|        377|     32531352.42|          0|00:00:00|+0.08|0.16|0.8085|
|.|          7|          9|        377|     32535490.38|          0|00:00:00|+0.05|0.13|0.8358|
|.|         14|          9|        377|     32543247.00|          0|00:00:00|+0.05|0.12|0.8288|
|.|         12|          9|        377|     32542460.93|          0|00:00:00|+0.02|0.09|0.8463|
|.|         10|          9|        377|     32536183.38|          0|00:00:00|+0.03|0.09|0.8418|
|.|         15|          9|        377|     32520657.88|          0|00:00:00|+0.01|0.06|0.8674|
|=|         18|          9|        377|     32502108.06|          9|00:01:34|+0.02|0.08|0.8512|
+-+-----------+-----------+-----------+----------------+-----------+--------+-----+----+------+
Best-so-far configuration:         377    mean value:      32502108.06
Description of the best-so-far configuration:
    .ID. algorithm localsearch  alpha   beta    rho ants     q0 rasrank
377  377       acs           3 3.7762 5.9203 0.1894   59 0.5323      NA
    elitistants nnls dlb .PARENT.
377          NA   11   1      295

# 2025-03-21 21:13:16 -03: Elite configurations (first number is the configuration ID; listed from best to worst according to the sum of ranks):
    algorithm localsearch  alpha   beta    rho ants     q0 rasrank elitistants
377       acs           3 3.7762 5.9203 0.1894   59 0.5323      NA          NA
364       acs           3 4.0274 8.5990 0.3998   56 0.2927      NA          NA
382       acs           3 3.8584 9.9330 0.3430   48 0.3172      NA          NA
295       acs           3 3.1420 7.2189 0.1591   49 0.5960      NA          NA
379       acs           3 3.5861 8.2241 0.3465   55 0.1417      NA          NA
    nnls dlb
377   11   1
364   17   1
382   16   1
295   11   1
379   20   1
# Total CPU user time: 25900.87, CPU sys time: 153.967, Wall-clock time: 26043.79
    .ID. algorithm localsearch  alpha   beta    rho ants     q0 rasrank
377  377       acs           3 3.7762 5.9203 0.1894   59 0.5323      NA
364  364       acs           3 4.0274 8.5990 0.3998   56 0.2927      NA
382  382       acs           3 3.8584 9.9330 0.3430   48 0.3172      NA
295  295       acs           3 3.1420 7.2189 0.1591   49 0.5960      NA
379  379       acs           3 3.5861 8.2241 0.3465   55 0.1417      NA
    elitistants nnls dlb .PARENT. .RANK.   .WEIGHT.
377          NA   11   1      295     76 0.33333333
364          NA   17   1      297     80 0.26666667
382          NA   16   1      364     85 0.20000000
295          NA   11   1      244     86 0.13333333
379          NA   20   1      364     86 0.06666667
