# 2025-03-24 21:27:36 -03: Reading parameter file '/home/dianag/PruebasPablo/irace-runs/Runs-T/ACOTSP-SR/Run/SR_seed_1029384756/parameters.txt'.
# 2025-03-24 21:27:36 -03: 1 expression(s) specifying forbidden configurations read.
# 2025-03-24 21:27:36 -03: Initialization
# Elitist race
# Elitist new instances: 1
# Elitist limit: 2
# nbIterations: 5
# minNbSurvival: 5
# nbParameters: 11
# seed: 1029384756
# confidence level: 0.95
# budget: 2500
# mu: 5
# deterministic: FALSE

# 2025-03-24 21:27:36 -03: Iteration 1 of 5
# experimentsUsed: 0
# remainingBudget: 2500
# currentBudget: 500
# nbConfigurations: 83
# Markers:
     x No test is performed.
     c Configurations are discarded only due to capping.
     - The test is performed and some configurations are discarded.
     = The test is performed but no configuration is discarded.
     ! The test is performed and configurations could be discarded but elite configurations are preserved.
     . All alive configurations are elite and nothing is discarded.

+-+-----------+-----------+-----------+----------------+-----------+--------+-----+----+------+
| |   Instance|      Alive|       Best|       Mean best| Exp so far|  W time|  rho|KenW|  Qvar|
+-+-----------+-----------+-----------+----------------+-----------+--------+-----+----+------+
|x|          1|         83|         22|     32832717.00|         83|00:14:28|   NA|  NA|    NA|
|x|          2|         83|         22|     32747743.50|        166|00:14:28|+0.97|0.99|0.0008|
|x|          3|         83|         22|     32773015.67|        249|00:14:28|+0.98|0.98|0.0009|
|x|          4|         83|         22|     32746446.50|        332|00:14:28|+0.98|0.98|0.0011|
|-|          5|          7|         22|     32744901.20|        415|00:14:24|+0.19|0.35|0.7217|
|-|          6|          4|         22|     32704670.83|        422|00:01:12|-0.16|0.03|0.8752|
+-+-----------+-----------+-----------+----------------+-----------+--------+-----+----+------+
Best-so-far configuration:          22    mean value:      32704670.83
Description of the best-so-far configuration:
   .ID. algorithm localsearch  alpha   beta    rho ants q0 rasrank elitistants
22   22      mmas           3 4.4279 1.7103 0.1684    7 NA      NA          NA
   nnls dlb .PARENT.
22   35   1       NA

# 2025-03-24 22:41:08 -03: Elite configurations (first number is the configuration ID; listed from best to worst according to the sum of ranks):
   algorithm localsearch  alpha   beta    rho ants     q0 rasrank elitistants
22      mmas           3 4.4279 1.7103 0.1684    7     NA      NA          NA
9        acs           3 2.7092 3.2728 0.3231   34 0.4865      NA          NA
73      mmas           3 1.4201 3.3509 0.7794   57     NA      NA          NA
78       acs           3 3.2951 9.6009 0.4082   45 0.6505      NA          NA
   nnls dlb
22   35   1
9    37   0
73   33   0
78   50   0
# 2025-03-24 22:41:08 -03: Iteration 2 of 5
# experimentsUsed: 422
# remainingBudget: 2078
# currentBudget: 519
# nbConfigurations: 77
# Markers:
     x No test is performed.
     c Configurations are discarded only due to capping.
     - The test is performed and some configurations are discarded.
     = The test is performed but no configuration is discarded.
     ! The test is performed and configurations could be discarded but elite configurations are preserved.
     . All alive configurations are elite and nothing is discarded.

+-+-----------+-----------+-----------+----------------+-----------+--------+-----+----+------+
| |   Instance|      Alive|       Best|       Mean best| Exp so far|  W time|  rho|KenW|  Qvar|
+-+-----------+-----------+-----------+----------------+-----------+--------+-----+----+------+
|x|          7|         77|        100|     32569695.00|         77|00:13:20|   NA|  NA|    NA|
|x|          3|         77|        100|     32657366.00|        150|00:12:40|+0.96|0.98|0.0024|
|x|          2|         77|        100|     32657489.67|        223|00:12:38|+0.96|0.97|0.0017|
|x|          6|         77|         89|     32633054.75|        296|00:12:37|+0.96|0.97|0.0015|
|-|          4|         10|         89|     32617580.60|        369|00:12:36|+0.45|0.56|0.5107|
|-|          1|          9|         89|     32642310.50|        375|00:01:02|+0.52|0.60|0.4404|
|-|          5|          5|         89|     32642428.29|        380|00:00:52|+0.00|0.15|0.8339|
+-+-----------+-----------+-----------+----------------+-----------+--------+-----+----+------+
Best-so-far configuration:          89    mean value:      32642428.29
Description of the best-so-far configuration:
   .ID. algorithm localsearch  alpha   beta    rho ants     q0 rasrank
89   89       acs           3 2.6112 5.2889 0.6436   22 0.0208      NA
   elitistants nnls dlb .PARENT.
89          NA   19   0        9

# 2025-03-24 23:46:56 -03: Elite configurations (first number is the configuration ID; listed from best to worst according to the sum of ranks):
    algorithm localsearch  alpha   beta    rho ants     q0 rasrank elitistants
89        acs           3 2.6112 5.2889 0.6436   22 0.0208      NA          NA
100       acs           3 4.3035 6.7909 0.2961   24 0.6928      NA          NA
152       acs           3 3.9199 2.0626 0.4195   43 0.3550      NA          NA
113      mmas           3 4.8022 2.4036 0.1933   44     NA      NA          NA
147      mmas           3 4.1652 0.5345 0.1672   41     NA      NA          NA
    nnls dlb
89    19   0
100   27   1
152   46   1
113   26   1
147   47   1
# 2025-03-24 23:46:56 -03: Iteration 3 of 5
# experimentsUsed: 802
# remainingBudget: 1698
# currentBudget: 566
# nbConfigurations: 75
# Markers:
     x No test is performed.
     c Configurations are discarded only due to capping.
     - The test is performed and some configurations are discarded.
     = The test is performed but no configuration is discarded.
     ! The test is performed and configurations could be discarded but elite configurations are preserved.
     . All alive configurations are elite and nothing is discarded.

+-+-----------+-----------+-----------+----------------+-----------+--------+-----+----+------+
| |   Instance|      Alive|       Best|       Mean best| Exp so far|  W time|  rho|KenW|  Qvar|
+-+-----------+-----------+-----------+----------------+-----------+--------+-----+----+------+
|x|          8|         75|        213|     32741316.00|         75|00:12:59|   NA|  NA|    NA|
|x|          4|         75|        213|     32602717.50|        145|00:12:06|+0.88|0.94|0.0011|
|x|          3|         75|        226|     32665144.33|        215|00:12:07|+0.85|0.90|0.0022|
|x|          5|         75|        226|     32657778.50|        285|00:12:06|+0.85|0.88|0.0035|
|-|          7|         17|        226|     32643123.40|        355|00:12:05|+0.17|0.34|0.8110|
|-|          2|         13|        186|     32649622.00|        367|00:02:04|+0.18|0.32|0.8199|
|=|          1|         13|        186|     32671755.71|        375|00:01:23|+0.10|0.23|0.8735|
|=|          6|         13|        186|     32641664.25|        383|00:01:23|+0.09|0.20|0.8707|
|-|          9|         10|        186|     32647500.78|        396|00:02:15|-0.01|0.10|0.9248|
|=|         10|         10|        186|     32638094.00|        406|00:01:43|+0.01|0.11|0.8998|
|=|         11|         10|        186|     32644213.73|        416|00:01:42|+0.02|0.11|0.8787|
+-+-----------+-----------+-----------+----------------+-----------+--------+-----+----+------+
Best-so-far configuration:         186    mean value:      32644213.73
Description of the best-so-far configuration:
    .ID. algorithm localsearch  alpha   beta   rho ants     q0 rasrank
186  186       acs           3 2.8831 6.9147 0.523   35 0.1089      NA
    elitistants nnls dlb .PARENT.
186          NA   13   0       89

# 2025-03-25 00:58:55 -03: Elite configurations (first number is the configuration ID; listed from best to worst according to the sum of ranks):
    algorithm localsearch  alpha   beta    rho ants     q0 rasrank elitistants
186       acs           3 2.8831 6.9147 0.5230   35 0.1089      NA          NA
226       acs           3 4.7304 8.0212 0.1570   40 0.6449      NA          NA
206      mmas           3 3.5363 5.9391 0.1730   32     NA      NA          NA
222       acs           3 4.3113 4.6385 0.5028   16 0.4541      NA          NA
171       acs           3 4.1288 2.2520 0.3522   64 0.5225      NA          NA
    nnls dlb
186   13   0
226   38   1
206   34   1
222   22   1
171   47   1
# 2025-03-25 00:58:55 -03: Iteration 4 of 5
# experimentsUsed: 1218
# remainingBudget: 1282
# currentBudget: 641
# nbConfigurations: 58
# Markers:
     x No test is performed.
     c Configurations are discarded only due to capping.
     - The test is performed and some configurations are discarded.
     = The test is performed but no configuration is discarded.
     ! The test is performed and configurations could be discarded but elite configurations are preserved.
     . All alive configurations are elite and nothing is discarded.

+-+-----------+-----------+-----------+----------------+-----------+--------+-----+----+------+
| |   Instance|      Alive|       Best|       Mean best| Exp so far|  W time|  rho|KenW|  Qvar|
+-+-----------+-----------+-----------+----------------+-----------+--------+-----+----+------+
|x|         12|         58|        264|     32322844.00|         58|00:10:00|   NA|  NA|    NA|
|x|          6|         58|        235|     32383014.00|        111|00:09:09|+0.63|0.82|0.1673|
|x|          1|         58|        222|     32493128.33|        164|00:09:09|+0.57|0.72|0.1898|
|x|          3|         58|        222|     32533673.00|        217|00:09:08|+0.58|0.68|0.1797|
|-|         11|         17|        222|     32563858.40|        270|00:09:09|+0.09|0.27|0.8291|
|=|          7|         17|        222|     32587124.83|        282|00:02:04|-0.02|0.15|0.9461|
|=|         10|         17|        243|     32575462.43|        294|00:02:04|-0.01|0.13|0.9469|
|=|          8|         17|        245|     32602923.00|        306|00:02:04|-0.04|0.09|0.9821|
|=|          4|         17|        245|     32599534.11|        318|00:02:04|-0.02|0.09|0.9601|
|=|          9|         17|        235|     32601469.00|        330|00:02:04|+0.01|0.11|0.9310|
|=|          2|         17|        243|     32592272.09|        342|00:02:04|+0.02|0.11|0.9083|
|=|          5|         17|        243|     32596165.33|        354|00:02:05|+0.04|0.12|0.9029|
|=|         13|         17|        230|     32584491.77|        371|00:02:56|+0.04|0.11|0.9062|
+-+-----------+-----------+-----------+----------------+-----------+--------+-----+----+------+
Best-so-far configuration:         230    mean value:      32584491.77
Description of the best-so-far configuration:
    .ID. algorithm localsearch  alpha   beta    rho ants     q0 rasrank
230  230       acs           3 2.9296 8.0694 0.5454   48 0.2191      NA
    elitistants nnls dlb .PARENT.
230          NA   10   0      186

# 2025-03-25 02:03:03 -03: Elite configurations (first number is the configuration ID; listed from best to worst according to the sum of ranks):
    algorithm localsearch  alpha   beta    rho ants     q0 rasrank elitistants
230       acs           3 2.9296 8.0694 0.5454   48 0.2191      NA          NA
235       acs           3 3.1627 7.1916 0.5757   38 0.2616      NA          NA
238       acs           3 2.4773 5.1688 0.6564   37 0.0765      NA          NA
245       acs           3 2.8224 5.7826 0.1789   37 0.5806      NA          NA
243       acs           3 3.4507 2.8197 0.5543   13 0.5509      NA          NA
    nnls dlb
230   10   0
235   10   0
238   13   1
245   40   1
243   22   1
# 2025-03-25 02:03:03 -03: Iteration 5 of 5
# experimentsUsed: 1589
# remainingBudget: 911
# currentBudget: 911
# nbConfigurations: 69
# Markers:
     x No test is performed.
     c Configurations are discarded only due to capping.
     - The test is performed and some configurations are discarded.
     = The test is performed but no configuration is discarded.
     ! The test is performed and configurations could be discarded but elite configurations are preserved.
     . All alive configurations are elite and nothing is discarded.

+-+-----------+-----------+-----------+----------------+-----------+--------+-----+----+------+
| |   Instance|      Alive|       Best|       Mean best| Exp so far|  W time|  rho|KenW|  Qvar|
+-+-----------+-----------+-----------+----------------+-----------+--------+-----+----+------+
|x|         14|         69|        339|     32628802.00|         69|00:11:56|   NA|  NA|    NA|
|x|          8|         69|        339|     32683276.50|        133|00:11:02|+0.36|0.68|0.0031|
|x|         10|         69|        339|     32631013.33|        197|00:11:03|+0.30|0.54|0.0030|
|x|          2|         69|        310|     32617881.50|        261|00:11:03|+0.38|0.54|0.0025|
|-|          3|         34|        310|     32633741.80|        325|00:11:04|-0.10|0.12|1.0596|
|=|          5|         34|        310|     32628736.83|        354|00:05:02|-0.03|0.14|1.0029|
|=|          1|         34|        310|     32641134.71|        383|00:05:01|-0.01|0.14|0.9676|
|=|         13|         34|        310|     32590358.12|        412|00:05:00|+0.02|0.15|0.9401|
|-|          9|         14|        310|     32594416.00|        441|00:05:00|+0.06|0.17|0.8649|
|!|          7|         14|        310|     32589082.10|        450|00:01:33|+0.09|0.19|0.8423|
|=|         12|         14|        310|     32571740.82|        459|00:01:33|+0.05|0.14|0.8784|
|=|         11|         14|        310|     32580345.75|        468|00:01:33|+0.04|0.12|0.8977|
|=|          4|         14|        310|     32577372.08|        477|00:01:32|+0.04|0.11|0.8954|
|=|          6|         14|        282|     32561291.50|        486|00:01:33|+0.05|0.11|0.8968|
|-|         15|          8|        282|     32557393.53|        500|00:02:24|-0.02|0.05|0.8842|
|=|         16|          8|        282|     32550400.50|        508|00:01:23|-0.01|0.06|0.8748|
|=|         17|          8|        282|     32547248.65|        516|00:01:23|+0.00|0.06|0.8675|
+-+-----------+-----------+-----------+----------------+-----------+--------+-----+----+------+
Best-so-far configuration:         282    mean value:      32547248.65
Description of the best-so-far configuration:
    .ID. algorithm localsearch  alpha   beta    rho ants     q0 rasrank
282  282       acs           3 1.6845 3.8549 0.5132   42 0.1942      NA
    elitistants nnls dlb .PARENT.
282          NA   10   1      238

# 2025-03-25 03:32:16 -03: Elite configurations (first number is the configuration ID; listed from best to worst according to the sum of ranks):
    algorithm localsearch  alpha   beta    rho ants     q0 rasrank elitistants
282       acs           3 1.6845 3.8549 0.5132   42 0.1942      NA          NA
310       acs           3 2.8033 5.6229 0.1154   46 0.8192      NA          NA
300       acs           3 1.8968 5.5075 0.6423   20 0.0859      NA          NA
287       acs           3 1.9511 2.7353 0.5609   33 0.0854      NA          NA
280       acs           3 2.0946 4.4523 0.7497   18 0.1318      NA          NA
    nnls dlb
282   10   1
310   31   1
300   12   1
287   18   1
280   12   1
# 2025-03-25 03:32:16 -03: Iteration 6 of 6
# experimentsUsed: 2105
# remainingBudget: 395
# currentBudget: 395
# nbConfigurations: 26
# Markers:
     x No test is performed.
     c Configurations are discarded only due to capping.
     - The test is performed and some configurations are discarded.
     = The test is performed but no configuration is discarded.
     ! The test is performed and configurations could be discarded but elite configurations are preserved.
     . All alive configurations are elite and nothing is discarded.

+-+-----------+-----------+-----------+----------------+-----------+--------+-----+----+------+
| |   Instance|      Alive|       Best|       Mean best| Exp so far|  W time|  rho|KenW|  Qvar|
+-+-----------+-----------+-----------+----------------+-----------+--------+-----+----+------+
|x|         18|         26|        300|     32443893.00|         26|00:04:28|   NA|  NA|    NA|
|x|         10|         26|        300|     32479460.00|         47|00:03:37|+0.27|0.64|0.0928|
|x|          5|         26|        300|     32514862.67|         68|00:03:37|+0.43|0.62|0.0784|
|x|          1|         26|        349|     32558715.75|         89|00:03:38|+0.40|0.55|0.0850|
|-|          8|         14|        349|     32596412.00|        110|00:03:37|-0.06|0.15|1.0208|
|=|         12|         14|        300|     32559979.33|        119|00:01:33|+0.02|0.18|0.9451|
|=|         16|         14|        349|     32536975.57|        128|00:01:33|+0.04|0.18|0.9072|
|=|         14|         14|        349|     32547126.50|        137|00:01:33|+0.05|0.17|0.8745|
|=|         15|         14|        349|     32551345.56|        146|00:01:33|+0.02|0.13|0.8894|
|=|          9|         14|        349|     32558901.80|        155|00:01:34|+0.05|0.15|0.8494|
|=|         11|         14|        300|     32574021.73|        164|00:01:33|+0.04|0.13|0.8653|
|=|          4|         14|        349|     32567482.25|        173|00:01:33|+0.02|0.10|0.8830|
|=|          3|         14|        300|     32579929.08|        182|00:01:33|+0.01|0.09|0.8909|
|=|         17|         14|        347|     32569361.93|        191|00:01:33|+0.03|0.10|0.8711|
|=|          2|         14|        300|     32579010.40|        200|00:01:33|+0.03|0.09|0.8754|
|=|         13|         14|        300|     32559159.31|        209|00:01:33|+0.04|0.10|0.8671|
|=|          7|         14|        300|     32562266.88|        218|00:01:33|+0.03|0.09|0.8685|
|=|          6|         14|        300|     32552196.56|        227|00:01:34|+0.04|0.09|0.8624|
|=|         19|         14|        282|     32517835.00|        241|00:02:25|+0.04|0.09|0.8676|
+-+-----------+-----------+-----------+----------------+-----------+--------+-----+----+------+
Best-so-far configuration:         282    mean value:      32517835.00
Description of the best-so-far configuration:
    .ID. algorithm localsearch  alpha   beta    rho ants     q0 rasrank
282  282       acs           3 1.6845 3.8549 0.5132   42 0.1942      NA
    elitistants nnls dlb .PARENT.
282          NA   10   1      238

# 2025-03-25 04:13:57 -03: Elite configurations (first number is the configuration ID; listed from best to worst according to the sum of ranks):
    algorithm localsearch  alpha   beta    rho ants     q0 rasrank elitistants
282       acs           3 1.6845 3.8549 0.5132   42 0.1942      NA          NA
300       acs           3 1.8968 5.5075 0.6423   20 0.0859      NA          NA
347       acs           3 1.7135 5.1212 0.5222   15 0.1030      NA          NA
310       acs           3 2.8033 5.6229 0.1154   46 0.8192      NA          NA
349       acs           3 3.1008 6.3870 0.1894   52 0.7592      NA          NA
    nnls dlb
282   10   1
300   12   1
347   16   1
310   31   1
349   30   1
# 2025-03-25 04:13:57 -03: Iteration 7 of 7
# experimentsUsed: 2346
# remainingBudget: 154
# currentBudget: 154
# nbConfigurations: 12
# Markers:
     x No test is performed.
     c Configurations are discarded only due to capping.
     - The test is performed and some configurations are discarded.
     = The test is performed but no configuration is discarded.
     ! The test is performed and configurations could be discarded but elite configurations are preserved.
     . All alive configurations are elite and nothing is discarded.

+-+-----------+-----------+-----------+----------------+-----------+--------+-----+----+------+
| |   Instance|      Alive|       Best|       Mean best| Exp so far|  W time|  rho|KenW|  Qvar|
+-+-----------+-----------+-----------+----------------+-----------+--------+-----+----+------+
|x|         20|         12|        370|     32308156.00|         12|00:02:04|   NA|  NA|    NA|
|x|          5|         12|        349|     32446440.50|         19|00:01:12|+0.34|0.67|0.5840|
|x|         14|         12|        349|     32503688.00|         26|00:01:12|+0.29|0.53|0.6284|
|x|         16|         12|        349|     32477996.50|         33|00:01:12|+0.26|0.45|0.6804|
|-|          1|          8|        349|     32509460.20|         40|00:01:12|+0.07|0.26|0.7631|
|=|          2|          8|        349|     32522974.67|         43|00:00:31|+0.11|0.26|0.7880|
|=|          4|          8|        349|     32521077.14|         46|00:00:31|+0.05|0.18|0.8468|
|=|         12|          8|        349|     32502923.38|         49|00:00:31|+0.00|0.13|0.8737|
|=|         10|          8|        349|     32506097.22|         52|00:00:31|+0.03|0.14|0.8604|
|=|          7|          8|        370|     32521449.40|         55|00:00:30|-0.02|0.08|0.8953|
|=|          8|          8|        370|     32541121.00|         58|00:00:30|-0.04|0.06|0.9038|
|=|          3|          8|        370|     32551141.42|         61|00:00:30|-0.03|0.05|0.9047|
|=|          6|          8|        370|     32539247.15|         64|00:00:30|-0.03|0.05|0.9054|
|=|         17|          8|        370|     32539457.29|         67|00:00:30|-0.03|0.04|0.9047|
|=|         13|          8|        370|     32522053.07|         70|00:00:31|-0.03|0.04|0.9115|
|=|         18|          8|        370|     32521109.81|         73|00:00:30|-0.03|0.04|0.9103|
|=|          9|          8|        370|     32528843.53|         76|00:00:31|-0.03|0.03|0.9014|
|=|         11|          8|        370|     32535878.72|         79|00:00:31|-0.01|0.04|0.8894|
|=|         19|          8|        370|     32509641.21|         82|00:00:31|-0.01|0.05|0.8764|
|=|         15|          8|        370|     32510313.25|         85|00:00:31|-0.01|0.04|0.8754|
|=|         21|          8|        370|     32524957.38|         93|00:01:23|-0.00|0.04|0.8733|
+-+-----------+-----------+-----------+----------------+-----------+--------+-----+----+------+
Best-so-far configuration:         370    mean value:      32524957.38
Description of the best-so-far configuration:
    .ID. algorithm localsearch  alpha   beta    rho ants     q0 rasrank
370  370       acs           3 1.8558 5.6353 0.5417   22 0.0381      NA
    elitistants nnls dlb .PARENT.
370          NA   15   1      347

# 2025-03-25 04:30:02 -03: Elite configurations (first number is the configuration ID; listed from best to worst according to the sum of ranks):
    algorithm localsearch  alpha   beta    rho ants     q0 rasrank elitistants
370       acs           3 1.8558 5.6353 0.5417   22 0.0381      NA          NA
300       acs           3 1.8968 5.5075 0.6423   20 0.0859      NA          NA
347       acs           3 1.7135 5.1212 0.5222   15 0.1030      NA          NA
282       acs           3 1.6845 3.8549 0.5132   42 0.1942      NA          NA
368       acs           3 1.7464 3.3470 0.4501   42 0.2626      NA          NA
    nnls dlb
370   15   1
300   12   1
347   16   1
282   10   1
368    9   1
# 2025-03-25 04:30:02 -03: Iteration 8 of 8
# experimentsUsed: 2439
# remainingBudget: 61
# currentBudget: 61
# nbConfigurations: 7
# Markers:
     x No test is performed.
     c Configurations are discarded only due to capping.
     - The test is performed and some configurations are discarded.
     = The test is performed but no configuration is discarded.
     ! The test is performed and configurations could be discarded but elite configurations are preserved.
     . All alive configurations are elite and nothing is discarded.

+-+-----------+-----------+-----------+----------------+-----------+--------+-----+----+------+
| |   Instance|      Alive|       Best|       Mean best| Exp so far|  W time|  rho|KenW|  Qvar|
+-+-----------+-----------+-----------+----------------+-----------+--------+-----+----+------+
|x|         22|          7|        368|     32617414.00|          7|00:01:13|   NA|  NA|    NA|
|x|         11|          7|        368|     32610848.00|          9|00:00:20|+0.64|0.82|0.3021|
|x|          5|          7|        347|     32618652.33|         11|00:00:20|+0.39|0.60|0.3495|
|x|          9|          7|        347|     32625709.75|         13|00:00:20|+0.46|0.60|0.3308|
|-|          8|          5|        347|     32644996.60|         15|00:00:20|+0.07|0.26|0.6780|
|.|         15|          5|        347|     32626202.83|         15|00:00:00|+0.01|0.17|0.7189|
|.|         21|          5|        347|     32643173.86|         15|00:00:00|+0.07|0.20|0.6531|
|.|         18|          5|        347|     32619818.25|         15|00:00:00|+0.07|0.19|0.6804|
|.|         17|          5|        347|     32604835.56|         15|00:00:00|+0.12|0.22|0.6750|
|.|          2|          5|        347|     32607177.50|         15|00:00:00|+0.02|0.12|0.7528|
|.|         12|          5|        347|     32583378.91|         15|00:00:00|+0.03|0.12|0.7727|
|.|          1|          5|        347|     32593850.42|         15|00:00:00|-0.01|0.07|0.8050|
|.|         13|          5|        347|     32569552.77|         15|00:00:00|-0.01|0.07|0.8149|
|.|          4|          5|        347|     32563082.79|         15|00:00:00|+0.01|0.08|0.8030|
|.|         10|          5|        347|     32563850.07|         15|00:00:00|-0.03|0.04|0.8279|
|.|         20|          5|        347|     32551304.94|         15|00:00:00|-0.04|0.02|0.8353|
|.|         19|          5|        347|     32520515.41|         15|00:00:00|-0.03|0.03|0.8219|
|.|         14|          5|        347|     32528895.50|         15|00:00:00|-0.04|0.02|0.8296|
|.|         16|          5|        347|     32525018.47|         15|00:00:00|-0.05|0.01|0.8379|
|.|          7|          5|        347|     32527786.05|         15|00:00:00|-0.04|0.01|0.8302|
|.|          6|          5|        347|     32523086.95|         15|00:00:00|-0.04|0.01|0.8295|
|.|          3|          5|        347|     32529864.73|         15|00:00:00|-0.04|0.01|0.8336|
+-+-----------+-----------+-----------+----------------+-----------+--------+-----+----+------+
Best-so-far configuration:         347    mean value:      32529864.73
Description of the best-so-far configuration:
    .ID. algorithm localsearch  alpha   beta    rho ants    q0 rasrank
347  347       acs           3 1.7135 5.1212 0.5222   15 0.103      NA
    elitistants nnls dlb .PARENT.
347          NA   16   1      300

# 2025-03-25 04:32:39 -03: Elite configurations (first number is the configuration ID; listed from best to worst according to the sum of ranks):
    algorithm localsearch  alpha   beta    rho ants     q0 rasrank elitistants
347       acs           3 1.7135 5.1212 0.5222   15 0.1030      NA          NA
370       acs           3 1.8558 5.6353 0.5417   22 0.0381      NA          NA
300       acs           3 1.8968 5.5075 0.6423   20 0.0859      NA          NA
282       acs           3 1.6845 3.8549 0.5132   42 0.1942      NA          NA
368       acs           3 1.7464 3.3470 0.4501   42 0.2626      NA          NA
    nnls dlb
347   16   1
370   15   1
300   12   1
282   10   1
368    9   1
# 2025-03-25 04:32:39 -03: Iteration 9 of 9
# experimentsUsed: 2454
# remainingBudget: 46
# currentBudget: 46
# nbConfigurations: 6
# Markers:
     x No test is performed.
     c Configurations are discarded only due to capping.
     - The test is performed and some configurations are discarded.
     = The test is performed but no configuration is discarded.
     ! The test is performed and configurations could be discarded but elite configurations are preserved.
     . All alive configurations are elite and nothing is discarded.

+-+-----------+-----------+-----------+----------------+-----------+--------+-----+----+------+
| |   Instance|      Alive|       Best|       Mean best| Exp so far|  W time|  rho|KenW|  Qvar|
+-+-----------+-----------+-----------+----------------+-----------+--------+-----+----+------+
|x|         23|          6|        370|     32759552.00|          6|00:01:02|   NA|  NA|    NA|
|x|          1|          6|        370|     32712010.00|          7|00:00:10|+0.20|0.60|0.5204|
|x|         15|          6|        370|     32649034.00|          8|00:00:10|+0.12|0.42|0.7541|
|x|         17|          6|        282|     32614717.25|          9|00:00:10|-0.03|0.23|0.7755|
|=|         10|          6|        370|     32594404.20|         10|00:00:10|-0.02|0.18|0.8365|
|=|          3|          6|        370|     32605564.50|         11|00:00:10|-0.01|0.16|0.8764|
|=|          7|          6|        370|     32604572.29|         12|00:00:10|-0.01|0.13|0.8597|
|=|         13|          6|        370|     32563800.00|         13|00:00:10|-0.05|0.08|0.8969|
|=|         12|          6|        370|     32541887.56|         14|00:00:10|-0.04|0.07|0.8844|
|=|          8|          6|        370|     32561482.50|         15|00:00:10|-0.02|0.08|0.8853|
|=|          9|          6|        347|     32574340.45|         16|00:00:10|-0.06|0.03|0.9017|
|=|          2|          6|        370|     32571246.17|         17|00:00:10|-0.05|0.04|0.8911|
|=|         21|          6|        347|     32591615.38|         18|00:00:10|-0.05|0.03|0.8926|
|=|         20|          6|        370|     32570067.86|         19|00:00:10|-0.04|0.03|0.8810|
|=|          6|          6|        370|     32558497.73|         20|00:00:10|-0.03|0.04|0.8719|
|=|         18|          6|        370|     32555276.69|         21|00:00:10|-0.04|0.02|0.8791|
|=|         19|          6|        370|     32524811.35|         22|00:00:10|-0.04|0.02|0.8751|
|=|          5|          6|        300|     32528317.78|         23|00:00:10|-0.04|0.02|0.8714|
|=|         11|          6|        347|     32536271.95|         24|00:00:10|-0.04|0.01|0.8742|
|=|          4|          6|        347|     32533407.00|         25|00:00:10|-0.03|0.02|0.8662|
|=|         14|          6|        347|     32539976.05|         26|00:00:10|-0.04|0.01|0.8640|
|=|         16|          6|        374|     32529029.41|         27|00:00:10|-0.04|0.01|0.8619|
|=|         22|          6|        347|     32540389.74|         28|00:00:10|-0.04|0.01|0.8637|
|=|         24|          6|        347|     32540335.83|         34|00:01:02|-0.04|0.01|0.8590|
+-+-----------+-----------+-----------+----------------+-----------+--------+-----+----+------+
Best-so-far configuration:         347    mean value:      32540335.83
Description of the best-so-far configuration:
    .ID. algorithm localsearch  alpha   beta    rho ants    q0 rasrank
347  347       acs           3 1.7135 5.1212 0.5222   15 0.103      NA
    elitistants nnls dlb .PARENT.
347          NA   16   1      300

# 2025-03-25 04:38:34 -03: Elite configurations (first number is the configuration ID; listed from best to worst according to the sum of ranks):
    algorithm localsearch  alpha   beta    rho ants     q0 rasrank elitistants
347       acs           3 1.7135 5.1212 0.5222   15 0.1030      NA          NA
374       acs           3 1.5565 4.4436 0.5234   38 0.2765      NA          NA
282       acs           3 1.6845 3.8549 0.5132   42 0.1942      NA          NA
370       acs           3 1.8558 5.6353 0.5417   22 0.0381      NA          NA
300       acs           3 1.8968 5.5075 0.6423   20 0.0859      NA          NA
    nnls dlb
347   16   1
374   13   1
282   10   1
370   15   1
300   12   1
# 2025-03-25 04:38:34 -03: Stopped because there is not enough budget left to race more than the minimum (5).
# You may either increase the budget or set 'minNbSurvival' to a lower value.
# Iteration: 10
# nbIterations: 10
# experimentsUsed: 2488
# timeUsed: 0
# remainingBudget: 12
# currentBudget: 12
# number of elites: 5
# nbConfigurations: 5
# Total CPU user time: 25716.36, CPU sys time: 152.672, Wall-clock time: 25857.98
# 2025-03-25 04:38:34 -03: Starting post-selection:
# Configurations selected: 347, 374, 282, 370, 300, 368, 310.
# Pending instances: 1, 1, 1, 1, 1, 1, 4.
# 2025-03-25 04:38:35 -03: seed: 1029384756
# Configurations: 7
# Available experiments: 12
# minSurvival: 1
# Markers:
     x No test is performed.
     c Configurations are discarded only due to capping.
     - The test is performed and some configurations are discarded.
     = The test is performed but no configuration is discarded.
     ! The test is performed and configurations could be discarded but elite configurations are preserved.
     . All alive configurations are elite and nothing is discarded.

+-+-----------+-----------+-----------+----------------+-----------+--------+-----+----+------+
| |   Instance|      Alive|       Best|       Mean best| Exp so far|  W time|  rho|KenW|  Qvar|
+-+-----------+-----------+-----------+----------------+-----------+--------+-----+----+------+
|.|         19|          7|        374|     31994717.00|          0|00:00:00|   NA|  NA|    NA|
|.|         10|          7|        374|     32284779.00|          0|00:00:00|-0.75|0.12|1.4387|
|.|          9|          7|        374|     32391133.33|          0|00:00:00|-0.19|0.21|0.9214|
|.|          3|          7|        374|     32465472.75|          0|00:00:00|-0.16|0.13|0.9859|
|x|         23|          7|        370|     32518719.40|          1|00:00:10|-0.14|0.09|1.0284|
|.|          4|          7|        370|     32521171.33|          1|00:00:00|-0.12|0.07|0.9931|
|.|         16|          7|        370|     32499102.29|          1|00:00:00|-0.09|0.07|0.9460|
|x|         22|          7|        370|     32526723.38|          2|00:00:10|-0.11|0.02|0.9664|
|.|          2|          7|        370|     32533481.44|          2|00:00:00|-0.08|0.04|0.9443|
|.|         21|          7|        370|     32561917.30|          2|00:00:00|-0.10|0.01|0.9451|
|x|         24|          7|        347|     32561298.73|          3|00:00:10|-0.09|0.01|0.9343|
|.|          5|          7|        347|     32565662.08|          3|00:00:00|-0.09|0.00|0.9212|
|.|         18|          7|        347|     32557251.85|          3|00:00:00|-0.07|0.01|0.9109|
|.|         11|          7|        347|     32560881.21|          3|00:00:00|-0.06|0.01|0.9019|
|.|         15|          7|        347|     32558971.40|          3|00:00:00|-0.06|0.01|0.8918|
|.|          7|          7|        347|     32560308.81|          3|00:00:00|-0.05|0.02|0.8768|
|.|         13|          7|        347|     32543701.29|          3|00:00:00|-0.05|0.01|0.8816|
|.|          6|          7|        347|     32537334.83|          3|00:00:00|-0.05|0.00|0.8937|
|.|          1|          7|        347|     32546371.79|          3|00:00:00|-0.05|0.00|0.8969|
|.|          8|          7|        347|     32555160.40|          3|00:00:00|-0.04|0.01|0.8917|
|.|         17|          7|        347|     32551818.19|          3|00:00:00|-0.03|0.02|0.8865|
|.|         12|          7|        347|     32542435.23|          3|00:00:00|-0.03|0.02|0.8830|
|.|         20|          7|        347|     32534639.26|          3|00:00:00|-0.02|0.02|0.8798|
|.|         14|          7|        347|     32540335.83|          3|00:00:00|-0.02|0.02|0.8764|
|=|         25|          7|        347|     32538554.32|         10|00:01:12|-0.02|0.02|0.8717|
+-+-----------+-----------+-----------+----------------+-----------+--------+-----+----+------+
Best-so-far configuration:         347    mean value:      32538554.32
Description of the best-so-far configuration:
    .ID. algorithm localsearch  alpha   beta    rho ants    q0 rasrank
347  347       acs           3 1.7135 5.1212 0.5222   15 0.103      NA
    elitistants nnls dlb .PARENT.
347          NA   16   1      300

# 2025-03-25 04:40:19 -03: Elite configurations (first number is the configuration ID; listed from best to worst according to the sum of ranks):
    algorithm localsearch  alpha   beta    rho ants     q0 rasrank elitistants
347       acs           3 1.7135 5.1212 0.5222   15 0.1030      NA          NA
374       acs           3 1.5565 4.4436 0.5234   38 0.2765      NA          NA
282       acs           3 1.6845 3.8549 0.5132   42 0.1942      NA          NA
370       acs           3 1.8558 5.6353 0.5417   22 0.0381      NA          NA
368       acs           3 1.7464 3.3470 0.4501   42 0.2626      NA          NA
    nnls dlb
347   16   1
374   13   1
282   10   1
370   15   1
368    9   1
# Total CPU user time: 25820.07, CPU sys time: 153.314, Wall-clock time: 25962.28
    .ID. algorithm localsearch  alpha   beta    rho ants     q0 rasrank
347  347       acs           3 1.7135 5.1212 0.5222   15 0.1030      NA
374  374       acs           3 1.5565 4.4436 0.5234   38 0.2765      NA
282  282       acs           3 1.6845 3.8549 0.5132   42 0.1942      NA
370  370       acs           3 1.8558 5.6353 0.5417   22 0.0381      NA
368  368       acs           3 1.7464 3.3470 0.4501   42 0.2626      NA
    elitistants nnls dlb .PARENT. .RANK.   .WEIGHT.
347          NA   16   1      300     91 0.33333333
374          NA   13   1      282     91 0.26666667
282          NA   10   1      238     98 0.20000000
370          NA   15   1      347    101 0.13333333
368          NA    9   1      282    102 0.06666667
