# 2025-03-25 11:52:44 -03: Reading parameter file '/home/dianag/PruebasPablo/irace-runs/Runs-T/ACOTSP-SR/Run/SR_seed_2837461928/parameters.txt'.
# 2025-03-25 11:52:44 -03: 1 expression(s) specifying forbidden configurations read.
# 2025-03-25 11:52:44 -03: Initialization
# Elitist race
# Elitist new instances: 1
# Elitist limit: 2
# nbIterations: 5
# minNbSurvival: 5
# nbParameters: 11
# seed: 1038703393
# confidence level: 0.95
# budget: 2500
# mu: 5
# deterministic: FALSE

# 2025-03-25 11:52:44 -03: Iteration 1 of 5
# experimentsUsed: 0
# remainingBudget: 2500
# currentBudget: 500
# nbConfigurations: 83
# Markers:
     x No test is performed.
     c Configurations are discarded only due to capping.
     - The test is performed and some configurations are discarded.
     = The test is performed but no configuration is discarded.
     ! The test is performed and configurations could be discarded but elite configurations are preserved.
     . All alive configurations are elite and nothing is discarded.

+-+-----------+-----------+-----------+----------------+-----------+--------+-----+----+------+
| |   Instance|      Alive|       Best|       Mean best| Exp so far|  W time|  rho|KenW|  Qvar|
+-+-----------+-----------+-----------+----------------+-----------+--------+-----+----+------+
|x|          1|         83|         80|     32424684.00|         83|00:14:29|   NA|  NA|    NA|
|x|          2|         83|         14|     32428245.50|        166|00:14:28|+0.98|0.99|0.0005|
|x|          3|         83|         14|     32478452.00|        249|00:14:28|+0.98|0.99|0.0007|
|x|          4|         83|         14|     32521231.50|        332|00:14:28|+0.98|0.99|0.0008|
|-|          5|          2|         14|     32491096.80|        415|00:14:26|+0.20|0.36|0.4000|
+-+-----------+-----------+-----------+----------------+-----------+--------+-----+----+------+
Best-so-far configuration:          14    mean value:      32491096.80
Description of the best-so-far configuration:
   .ID. algorithm localsearch  alpha   beta    rho ants q0 rasrank elitistants
14   14      mmas           3 4.5102 8.9068 0.3224   64 NA      NA          NA
   nnls dlb .PARENT.
14   29   1       NA

# 2025-03-25 13:05:06 -03: Elite configurations (first number is the configuration ID; listed from best to worst according to the sum of ranks):
   algorithm localsearch  alpha   beta    rho ants    q0 rasrank elitistants
14      mmas           3 4.5102 8.9068 0.3224   64    NA      NA          NA
50       acs           3 3.9633 3.7505 0.6163   45 0.452      NA          NA
   nnls dlb
14   29   1
50   41   1
# 2025-03-25 13:05:06 -03: Iteration 2 of 5
# experimentsUsed: 415
# remainingBudget: 2085
# currentBudget: 521
# nbConfigurations: 75
# Markers:
     x No test is performed.
     c Configurations are discarded only due to capping.
     - The test is performed and some configurations are discarded.
     = The test is performed but no configuration is discarded.
     ! The test is performed and configurations could be discarded but elite configurations are preserved.
     . All alive configurations are elite and nothing is discarded.

+-+-----------+-----------+-----------+----------------+-----------+--------+-----+----+------+
| |   Instance|      Alive|       Best|       Mean best| Exp so far|  W time|  rho|KenW|  Qvar|
+-+-----------+-----------+-----------+----------------+-----------+--------+-----+----+------+
|x|          6|         75|         50|     32648843.00|         75|00:13:03|   NA|  NA|    NA|
|x|          2|         75|         50|     32532697.00|        148|00:12:38|+0.96|0.98|0.0031|
|x|          5|         75|         50|     32471488.67|        221|00:12:39|+0.95|0.97|0.0042|
|x|          4|         75|        147|     32512185.00|        294|00:12:37|+0.96|0.97|0.0039|
|-|          1|          6|        147|     32503343.00|        367|00:12:38|+0.23|0.38|0.6194|
|-|          3|          3|        147|     32503239.33|        371|00:00:41|-0.07|0.11|0.7340|
+-+-----------+-----------+-----------+----------------+-----------+--------+-----+----+------+
Best-so-far configuration:         147    mean value:      32503239.33
Description of the best-so-far configuration:
    .ID. algorithm localsearch  alpha   beta    rho ants     q0 rasrank
147  147       acs           3 3.5546 3.7483 0.8231   33 0.1806      NA
    elitistants nnls dlb .PARENT.
147          NA   42   1       50

# 2025-03-25 14:09:25 -03: Elite configurations (first number is the configuration ID; listed from best to worst according to the sum of ranks):
    algorithm localsearch  alpha   beta    rho ants     q0 rasrank elitistants
147       acs           3 3.5546 3.7483 0.8231   33 0.1806      NA          NA
14       mmas           3 4.5102 8.9068 0.3224   64     NA      NA          NA
50        acs           3 3.9633 3.7505 0.6163   45 0.4520      NA          NA
    nnls dlb
147   42   1
14    29   1
50    41   1
# 2025-03-25 14:09:25 -03: Iteration 3 of 5
# experimentsUsed: 786
# remainingBudget: 1714
# currentBudget: 571
# nbConfigurations: 73
# Markers:
     x No test is performed.
     c Configurations are discarded only due to capping.
     - The test is performed and some configurations are discarded.
     = The test is performed but no configuration is discarded.
     ! The test is performed and configurations could be discarded but elite configurations are preserved.
     . All alive configurations are elite and nothing is discarded.

+-+-----------+-----------+-----------+----------------+-----------+--------+-----+----+------+
| |   Instance|      Alive|       Best|       Mean best| Exp so far|  W time|  rho|KenW|  Qvar|
+-+-----------+-----------+-----------+----------------+-----------+--------+-----+----+------+
|x|          7|         73|        197|     32641233.00|         73|00:12:37|   NA|  NA|    NA|
|x|          3|         73|        201|     32575072.00|        143|00:12:11|+0.87|0.94|0.0008|
|x|          5|         73|        201|     32464944.00|        213|00:12:09|+0.89|0.92|0.0012|
|x|          1|         73|        201|     32440063.25|        283|00:12:06|+0.90|0.92|0.0010|
|-|          4|          9|        201|     32471767.80|        353|00:12:08|+0.41|0.53|0.3972|
|-|          6|          7|        201|     32487418.50|        359|00:01:02|+0.55|0.62|0.3183|
|-|          2|          2|        201|     32471376.29|        363|00:00:41|+0.43|0.51|0.2857|
+-+-----------+-----------+-----------+----------------+-----------+--------+-----+----+------+
Best-so-far configuration:         201    mean value:      32471376.29
Description of the best-so-far configuration:
    .ID. algorithm localsearch  alpha   beta    rho ants     q0 rasrank
201  201       acs           3 4.8055 3.8258 0.6401   74 0.2398      NA
    elitistants nnls dlb .PARENT.
201          NA   21   1      147

# 2025-03-25 15:12:22 -03: Elite configurations (first number is the configuration ID; listed from best to worst according to the sum of ranks):
    algorithm localsearch  alpha   beta    rho ants     q0 rasrank elitistants
201       acs           3 4.8055 3.8258 0.6401   74 0.2398      NA          NA
190       acs           3 2.6539 5.4352 0.4954   52 0.2590      NA          NA
    nnls dlb
201   21   1
190   41   1
# 2025-03-25 15:12:22 -03: Iteration 4 of 5
# experimentsUsed: 1149
# remainingBudget: 1351
# currentBudget: 675
# nbConfigurations: 76
# Markers:
     x No test is performed.
     c Configurations are discarded only due to capping.
     - The test is performed and some configurations are discarded.
     = The test is performed but no configuration is discarded.
     ! The test is performed and configurations could be discarded but elite configurations are preserved.
     . All alive configurations are elite and nothing is discarded.

+-+-----------+-----------+-----------+----------------+-----------+--------+-----+----+------+
| |   Instance|      Alive|       Best|       Mean best| Exp so far|  W time|  rho|KenW|  Qvar|
+-+-----------+-----------+-----------+----------------+-----------+--------+-----+----+------+
|x|          8|         76|        272|     32585749.00|         76|00:13:11|   NA|  NA|    NA|
|x|          4|         76|        230|     32573557.00|        150|00:12:49|+0.94|0.97|0.0030|
|x|          2|         76|        297|     32509211.33|        224|00:12:49|+0.93|0.95|0.0026|
|x|          3|         76|        201|     32514490.75|        298|00:12:48|+0.93|0.95|0.0029|
|-|          1|          8|        297|     32478648.00|        372|00:12:48|-0.03|0.18|0.9549|
|=|          7|          8|        201|     32515030.83|        378|00:01:02|+0.07|0.23|0.8559|
|=|          6|          8|        201|     32522265.29|        384|00:01:02|+0.13|0.26|0.7845|
|-|          5|          4|        201|     32487568.12|        390|00:01:02|-0.01|0.11|0.7718|
+-+-----------+-----------+-----------+----------------+-----------+--------+-----+----+------+
Best-so-far configuration:         201    mean value:      32487568.12
Description of the best-so-far configuration:
    .ID. algorithm localsearch  alpha   beta    rho ants     q0 rasrank
201  201       acs           3 4.8055 3.8258 0.6401   74 0.2398      NA
    elitistants nnls dlb .PARENT.
201          NA   21   1      147

# 2025-03-25 16:19:56 -03: Elite configurations (first number is the configuration ID; listed from best to worst according to the sum of ranks):
    algorithm localsearch  alpha   beta    rho ants     q0 rasrank elitistants
201       acs           3 4.8055 3.8258 0.6401   74 0.2398      NA          NA
265       acs           3 4.6928 6.7059 0.4394   70 0.1726      NA          NA
297       acs           3 4.1298 4.4401 0.6201   66 0.1382      NA          NA
254       acs           3 4.3114 4.3359 0.6950   71 0.3400      NA          NA
    nnls dlb
201   21   1
265    9   1
297   22   1
254   19   1
# 2025-03-25 16:19:56 -03: Iteration 5 of 5
# experimentsUsed: 1539
# remainingBudget: 961
# currentBudget: 961
# nbConfigurations: 99
# Markers:
     x No test is performed.
     c Configurations are discarded only due to capping.
     - The test is performed and some configurations are discarded.
     = The test is performed but no configuration is discarded.
     ! The test is performed and configurations could be discarded but elite configurations are preserved.
     . All alive configurations are elite and nothing is discarded.

+-+-----------+-----------+-----------+----------------+-----------+--------+-----+----+------+
| |   Instance|      Alive|       Best|       Mean best| Exp so far|  W time|  rho|KenW|  Qvar|
+-+-----------+-----------+-----------+----------------+-----------+--------+-----+----+------+
|x|          9|         99|        315|     32521363.00|         99|00:17:08|   NA|  NA|    NA|
|x|          7|         99|        368|     32599822.00|        194|00:16:25|+0.69|0.84|0.0030|
|x|          3|         99|        201|     32570360.00|        289|00:16:26|+0.72|0.81|0.0022|
|x|          1|         99|        323|     32516626.25|        384|00:16:28|+0.72|0.79|0.0020|
|-|          4|         27|        323|     32529032.40|        479|00:16:27|-0.11|0.11|1.0526|
|=|          8|         27|        323|     32538121.33|        502|00:03:59|-0.02|0.15|0.9782|
|=|          5|         27|        323|     32495066.86|        525|00:03:59|+0.02|0.16|0.9271|
|=|          6|         27|        201|     32510794.75|        548|00:03:58|+0.02|0.15|0.9266|
|=|          2|         27|        201|     32495720.11|        571|00:03:59|+0.06|0.16|0.8939|
|-|         10|         13|        201|     32507831.40|        598|00:04:40|-0.02|0.08|0.9293|
|=|         11|         13|        201|     32511591.45|        611|00:02:14|-0.02|0.07|0.9191|
|=|         12|         13|        323|     32523933.08|        624|00:02:15|-0.03|0.06|0.9438|
+-+-----------+-----------+-----------+----------------+-----------+--------+-----+----+------+
Best-so-far configuration:         323    mean value:      32523933.08
Description of the best-so-far configuration:
    .ID. algorithm localsearch  alpha   beta    rho ants     q0 rasrank
323  323       acs           3 3.7712 5.5153 0.7396   67 0.4137      NA
    elitistants nnls dlb .PARENT.
323          NA   19   1      254

# 2025-03-25 18:08:01 -03: Elite configurations (first number is the configuration ID; listed from best to worst according to the sum of ranks):
    algorithm localsearch  alpha   beta    rho ants     q0 rasrank elitistants
323       acs           3 3.7712 5.5153 0.7396   67 0.4137      NA          NA
201       acs           3 4.8055 3.8258 0.6401   74 0.2398      NA          NA
367       acs           3 3.5974 7.5030 0.5599   62 0.2019      NA          NA
304       acs           3 3.6721 2.2657 0.7215   66 0.2823      NA          NA
366       acs           3 4.3237 3.3903 0.6923   65 0.3082      NA          NA
    nnls dlb
323   19   1
201   21   1
367   11   1
304   20   1
366   24   1
# 2025-03-25 18:08:01 -03: Iteration 6 of 6
# experimentsUsed: 2163
# remainingBudget: 337
# currentBudget: 337
# nbConfigurations: 30
# Markers:
     x No test is performed.
     c Configurations are discarded only due to capping.
     - The test is performed and some configurations are discarded.
     = The test is performed but no configuration is discarded.
     ! The test is performed and configurations could be discarded but elite configurations are preserved.
     . All alive configurations are elite and nothing is discarded.

+-+-----------+-----------+-----------+----------------+-----------+--------+-----+----+------+
| |   Instance|      Alive|       Best|       Mean best| Exp so far|  W time|  rho|KenW|  Qvar|
+-+-----------+-----------+-----------+----------------+-----------+--------+-----+----+------+
|x|         13|         30|        323|     32479825.00|         30|00:05:12|   NA|  NA|    NA|
|x|          7|         30|        323|     32547935.00|         55|00:04:20|+0.65|0.82|0.2330|
|x|         10|         30|        304|     32567940.67|         80|00:04:19|+0.53|0.69|0.3321|
|x|          2|         30|        304|     32525837.75|        105|00:04:19|+0.46|0.60|0.3987|
|-|          5|         14|        304|     32474004.40|        130|00:04:19|-0.10|0.12|1.0290|
|=|         11|         14|        323|     32472207.50|        139|00:01:33|-0.05|0.12|0.9809|
|=|          4|         14|        323|     32487414.57|        148|00:01:34|-0.02|0.13|0.9577|
|=|          3|         14|        323|     32492070.12|        157|00:01:33|+0.02|0.14|0.9175|
|=|          1|         14|        367|     32476392.11|        166|00:01:33|+0.08|0.18|0.8669|
|=|          8|         14|        323|     32485156.60|        175|00:01:33|+0.07|0.16|0.8701|
|=|         12|         14|        323|     32505498.55|        184|00:01:33|+0.06|0.15|0.8743|
|=|          9|         14|        323|     32512903.83|        193|00:01:33|+0.05|0.13|0.8835|
|=|          6|         14|        323|     32520540.15|        202|00:01:33|+0.05|0.12|0.8871|
|-|         14|         12|        323|     32492356.50|        216|00:02:25|-0.04|0.04|0.9488|
|=|         15|         12|        323|     32499405.87|        228|00:02:05|-0.03|0.04|0.9364|
|=|         16|         12|        367|     32522686.44|        240|00:02:05|-0.03|0.03|0.9445|
+-+-----------+-----------+-----------+----------------+-----------+--------+-----+----+------+
Best-so-far configuration:         367    mean value:      32522686.44
Description of the best-so-far configuration:
    .ID. algorithm localsearch  alpha  beta    rho ants     q0 rasrank
367  367       acs           3 3.5974 7.503 0.5599   62 0.2019      NA
    elitistants nnls dlb .PARENT.
367          NA   11   1      265

# 2025-03-25 18:49:37 -03: Elite configurations (first number is the configuration ID; listed from best to worst according to the sum of ranks):
    algorithm localsearch  alpha   beta    rho ants     q0 rasrank elitistants
367       acs           3 3.5974 7.5030 0.5599   62 0.2019      NA          NA
323       acs           3 3.7712 5.5153 0.7396   67 0.4137      NA          NA
418       acs           3 3.5815 5.6761 0.7969   62 0.3839      NA          NA
396       acs           3 4.2577 4.0896 0.7110   73 0.2004      NA          NA
399       acs           3 3.8565 5.4770 0.7078   65 0.4729      NA          NA
    nnls dlb
367   11   1
323   19   1
418   20   1
396   19   1
399   15   1
# 2025-03-25 18:49:37 -03: Iteration 7 of 7
# experimentsUsed: 2403
# remainingBudget: 97
# currentBudget: 97
# nbConfigurations: 10
# Markers:
     x No test is performed.
     c Configurations are discarded only due to capping.
     - The test is performed and some configurations are discarded.
     = The test is performed but no configuration is discarded.
     ! The test is performed and configurations could be discarded but elite configurations are preserved.
     . All alive configurations are elite and nothing is discarded.

+-+-----------+-----------+-----------+----------------+-----------+--------+-----+----+------+
| |   Instance|      Alive|       Best|       Mean best| Exp so far|  W time|  rho|KenW|  Qvar|
+-+-----------+-----------+-----------+----------------+-----------+--------+-----+----+------+
|x|         17|         10|        425|     32376404.00|         10|00:01:44|   NA|  NA|    NA|
|x|          8|         10|        399|     32495113.50|         15|00:00:52|+0.53|0.76|0.4375|
|x|          5|         10|        323|     32407907.33|         20|00:00:52|+0.19|0.46|0.7525|
|x|         13|         10|        323|     32425886.75|         25|00:00:52|+0.33|0.50|0.6535|
|=|         15|         10|        323|     32460328.80|         30|00:00:52|+0.09|0.27|0.7974|
|=|          7|         10|        323|     32486281.50|         35|00:00:52|+0.07|0.22|0.8201|
|=|          4|         10|        323|     32499478.00|         40|00:00:52|+0.09|0.22|0.7869|
|=|          6|         10|        323|     32513565.25|         45|00:00:51|+0.10|0.21|0.7763|
|-|         14|          7|        323|     32470499.00|         50|00:00:52|+0.04|0.15|0.8504|
|=|          3|          7|        323|     32475915.00|         52|00:00:20|-0.02|0.08|0.8874|
|=|         11|          7|        323|     32476711.36|         54|00:00:20|+0.01|0.10|0.8602|
|=|          2|          7|        367|     32478209.33|         56|00:00:20|+0.00|0.09|0.8636|
|=|         10|          7|        367|     32486488.00|         58|00:00:20|-0.02|0.06|0.8818|
|=|          9|          7|        367|     32495152.86|         60|00:00:20|-0.02|0.05|0.8749|
|=|         12|          7|        367|     32509294.53|         62|00:00:20|-0.03|0.04|0.8820|
|=|         16|          7|        367|     32528139.75|         64|00:00:20|-0.04|0.03|0.8878|
|=|          1|          7|        367|     32516016.29|         66|00:00:20|-0.02|0.04|0.8701|
|=|         18|          7|        367|     32529714.61|         73|00:01:12|-0.00|0.05|0.8631|
+-+-----------+-----------+-----------+----------------+-----------+--------+-----+----+------+
Best-so-far configuration:         367    mean value:      32529714.61
Description of the best-so-far configuration:
    .ID. algorithm localsearch  alpha  beta    rho ants     q0 rasrank
367  367       acs           3 3.5974 7.503 0.5599   62 0.2019      NA
    elitistants nnls dlb .PARENT.
367          NA   11   1      265

# 2025-03-25 19:02:18 -03: Elite configurations (first number is the configuration ID; listed from best to worst according to the sum of ranks):
    algorithm localsearch  alpha   beta    rho ants     q0 rasrank elitistants
367       acs           3 3.5974 7.5030 0.5599   62 0.2019      NA          NA
323       acs           3 3.7712 5.5153 0.7396   67 0.4137      NA          NA
418       acs           3 3.5815 5.6761 0.7969   62 0.3839      NA          NA
425       acs           3 3.7393 6.3318 0.5393   67 0.1277      NA          NA
399       acs           3 3.8565 5.4770 0.7078   65 0.4729      NA          NA
    nnls dlb
367   11   1
323   19   1
418   20   1
425   12   1
399   15   1
# 2025-03-25 19:02:18 -03: Iteration 8 of 8
# experimentsUsed: 2476
# remainingBudget: 24
# currentBudget: 24
# nbConfigurations: 6
# Markers:
     x No test is performed.
     c Configurations are discarded only due to capping.
     - The test is performed and some configurations are discarded.
     = The test is performed but no configuration is discarded.
     ! The test is performed and configurations could be discarded but elite configurations are preserved.
     . All alive configurations are elite and nothing is discarded.

+-+-----------+-----------+-----------+----------------+-----------+--------+-----+----+------+
| |   Instance|      Alive|       Best|       Mean best| Exp so far|  W time|  rho|KenW|  Qvar|
+-+-----------+-----------+-----------+----------------+-----------+--------+-----+----+------+
|x|         19|          6|        367|     32253499.00|          6|00:01:02|   NA|  NA|    NA|
|x|          9|          6|        426|     32439408.50|          7|00:00:10|-0.60|0.20|1.5233|
|x|         10|          6|        367|     32482375.67|          8|00:00:10|-0.35|0.10|1.1302|
|x|         12|          6|        367|     32538601.25|          9|00:00:10|-0.21|0.09|0.9470|
|=|         15|          6|        367|     32544064.00|         10|00:00:10|-0.02|0.19|0.7832|
|=|          4|          6|        367|     32544930.50|         11|00:00:10|+0.10|0.25|0.6732|
|=|          8|          6|        367|     32556881.57|         12|00:00:10|+0.09|0.22|0.6537|
|=|          3|          6|        367|     32548934.88|         13|00:00:10|+0.17|0.27|0.5912|
|=|         17|          6|        367|     32533419.22|         14|00:00:10|+0.13|0.22|0.6129|
|-|          7|          5|        367|     32548634.20|         15|00:00:10|-0.04|0.07|0.8274|
|.|          6|          5|        367|     32557184.82|         15|00:00:00|-0.06|0.03|0.8567|
|.|         18|          5|        367|     32574301.58|         15|00:00:00|-0.03|0.05|0.8421|
|.|         13|          5|        367|     32569293.77|         15|00:00:00|-0.06|0.03|0.8454|
|.|          1|          5|        367|     32551632.86|         15|00:00:00|-0.03|0.04|0.8221|
|.|         14|          5|        367|     32522348.53|         15|00:00:00|-0.03|0.04|0.8261|
|.|          5|          5|        367|     32508482.94|         15|00:00:00|-0.03|0.03|0.8323|
|.|         11|          5|        367|     32506888.71|         15|00:00:00|-0.03|0.03|0.8276|
|.|         16|          5|        367|     32523773.67|         15|00:00:00|-0.03|0.02|0.8306|
|.|          2|          5|        367|     32515176.95|         15|00:00:00|-0.02|0.03|0.8174|
+-+-----------+-----------+-----------+----------------+-----------+--------+-----+----+------+
Best-so-far configuration:         367    mean value:      32515176.95
Description of the best-so-far configuration:
    .ID. algorithm localsearch  alpha  beta    rho ants     q0 rasrank
367  367       acs           3 3.5974 7.503 0.5599   62 0.2019      NA
    elitistants nnls dlb .PARENT.
367          NA   11   1      265

# 2025-03-25 19:04:54 -03: Elite configurations (first number is the configuration ID; listed from best to worst according to the sum of ranks):
    algorithm localsearch  alpha   beta    rho ants     q0 rasrank elitistants
367       acs           3 3.5974 7.5030 0.5599   62 0.2019      NA          NA
418       acs           3 3.5815 5.6761 0.7969   62 0.3839      NA          NA
323       acs           3 3.7712 5.5153 0.7396   67 0.4137      NA          NA
425       acs           3 3.7393 6.3318 0.5393   67 0.1277      NA          NA
399       acs           3 3.8565 5.4770 0.7078   65 0.4729      NA          NA
    nnls dlb
367   11   1
418   20   1
323   19   1
425   12   1
399   15   1
# 2025-03-25 19:04:54 -03: Stopped because there is not enough budget left to race more than the minimum (5).
# You may either increase the budget or set 'minNbSurvival' to a lower value.
# Iteration: 9
# nbIterations: 9
# experimentsUsed: 2491
# timeUsed: 0
# remainingBudget: 9
# currentBudget: 9
# number of elites: 5
# nbConfigurations: 5
# Total CPU user time: 25784.94, CPU sys time: 156.501, Wall-clock time: 25930.72
# 2025-03-25 19:04:55 -03: Starting post-selection:
# Configurations selected: 367, 418, 323, 425, 399, 396.
# Pending instances: 1, 1, 1, 1, 1, 2.
# 2025-03-25 19:04:55 -03: seed: 1038703393
# Configurations: 6
# Available experiments: 9
# minSurvival: 1
# Markers:
     x No test is performed.
     c Configurations are discarded only due to capping.
     - The test is performed and some configurations are discarded.
     = The test is performed but no configuration is discarded.
     ! The test is performed and configurations could be discarded but elite configurations are preserved.
     . All alive configurations are elite and nothing is discarded.

+-+-----------+-----------+-----------+----------------+-----------+--------+-----+----+------+
| |   Instance|      Alive|       Best|       Mean best| Exp so far|  W time|  rho|KenW|  Qvar|
+-+-----------+-----------+-----------+----------------+-----------+--------+-----+----+------+
|.|         16|          6|        399|     32797560.00|          0|00:00:00|   NA|  NA|    NA|
|.|          3|          6|        399|     32647412.00|          0|00:00:00|+0.43|0.71|0.4004|
|.|          9|          6|        399|     32625434.33|          0|00:00:00|+0.20|0.47|0.6520|
|.|         18|          6|        399|     32670733.50|          0|00:00:00|-0.10|0.18|0.9943|
|.|         14|          6|        399|     32559677.00|          0|00:00:00|-0.03|0.18|0.9088|
|.|          4|          6|        399|     32563998.33|          0|00:00:00|-0.01|0.16|0.8727|
|.|         17|          6|        399|     32537473.00|          0|00:00:00|-0.09|0.07|0.9174|
|.|          5|          6|        399|     32501183.75|          0|00:00:00|-0.07|0.06|0.9062|
|x|         19|          6|        418|     32476629.33|          1|00:00:10|-0.05|0.07|0.8911|
|.|         11|          6|        418|     32482029.00|          1|00:00:00|-0.06|0.05|0.8903|
|.|          2|          6|        418|     32474069.18|          1|00:00:00|-0.05|0.04|0.8838|
|.|          7|          6|        418|     32485618.00|          1|00:00:00|-0.05|0.03|0.8850|
|.|         12|          6|        418|     32501951.46|          1|00:00:00|-0.04|0.04|0.8791|
|.|          6|          6|        418|     32508487.71|          1|00:00:00|-0.04|0.03|0.8876|
|.|          8|          6|        418|     32519114.07|          1|00:00:00|-0.05|0.02|0.8869|
|.|          1|          6|        418|     32508788.75|          1|00:00:00|-0.03|0.03|0.8749|
|.|         15|          6|        418|     32512736.94|          1|00:00:00|-0.01|0.05|0.8604|
|.|         10|          6|        418|     32519393.00|          1|00:00:00|-0.01|0.04|0.8547|
|.|         13|          6|        418|     32520468.58|          1|00:00:00|-0.02|0.03|0.8532|
|=|         20|          6|        367|     32512565.90|          7|00:01:02|-0.01|0.04|0.8416|
+-+-----------+-----------+-----------+----------------+-----------+--------+-----+----+------+
Best-so-far configuration:         367    mean value:      32512565.90
Description of the best-so-far configuration:
    .ID. algorithm localsearch  alpha  beta    rho ants     q0 rasrank
367  367       acs           3 3.5974 7.503 0.5599   62 0.2019      NA
    elitistants nnls dlb .PARENT.
367          NA   11   1      265

# 2025-03-25 19:06:07 -03: Elite configurations (first number is the configuration ID; listed from best to worst according to the sum of ranks):
    algorithm localsearch  alpha   beta    rho ants     q0 rasrank elitistants
367       acs           3 3.5974 7.5030 0.5599   62 0.2019      NA          NA
418       acs           3 3.5815 5.6761 0.7969   62 0.3839      NA          NA
425       acs           3 3.7393 6.3318 0.5393   67 0.1277      NA          NA
323       acs           3 3.7712 5.5153 0.7396   67 0.4137      NA          NA
399       acs           3 3.8565 5.4770 0.7078   65 0.4729      NA          NA
    nnls dlb
367   11   1
418   20   1
425   12   1
323   19   1
399   15   1
# Total CPU user time: 25857.46, CPU sys time: 156.985, Wall-clock time: 26003.68
    .ID. algorithm localsearch  alpha   beta    rho ants     q0 rasrank
367  367       acs           3 3.5974 7.5030 0.5599   62 0.2019      NA
418  418       acs           3 3.5815 5.6761 0.7969   62 0.3839      NA
425  425       acs           3 3.7393 6.3318 0.5393   67 0.1277      NA
323  323       acs           3 3.7712 5.5153 0.7396   67 0.4137      NA
399  399       acs           3 3.8565 5.4770 0.7078   65 0.4729      NA
    elitistants nnls dlb .PARENT. .RANK.   .WEIGHT.
367          NA   11   1      265     56 0.33333333
418          NA   20   1      323     68 0.26666667
425          NA   12   1      367     70 0.20000000
323          NA   19   1      254     72 0.13333333
399          NA   15   1      323     75 0.06666667
