# 2025-03-24 14:13:01 -03: Reading parameter file '/home/dianag/PruebasPablo/irace-runs/Runs-T/ACOTSP-SR/Run/SR_seed_2719384650/parameters.txt'.
# 2025-03-24 14:13:01 -03: 1 expression(s) specifying forbidden configurations read.
# 2025-03-24 14:13:01 -03: Initialization
# Elitist race
# Elitist new instances: 1
# Elitist limit: 2
# nbIterations: 5
# minNbSurvival: 5
# nbParameters: 11
# seed: 1477594531
# confidence level: 0.95
# budget: 2500
# mu: 5
# deterministic: FALSE

# 2025-03-24 14:13:01 -03: Iteration 1 of 5
# experimentsUsed: 0
# remainingBudget: 2500
# currentBudget: 500
# nbConfigurations: 83
# Markers:
     x No test is performed.
     c Configurations are discarded only due to capping.
     - The test is performed and some configurations are discarded.
     = The test is performed but no configuration is discarded.
     ! The test is performed and configurations could be discarded but elite configurations are preserved.
     . All alive configurations are elite and nothing is discarded.

+-+-----------+-----------+-----------+----------------+-----------+--------+-----+----+------+
| |   Instance|      Alive|       Best|       Mean best| Exp so far|  W time|  rho|KenW|  Qvar|
+-+-----------+-----------+-----------+----------------+-----------+--------+-----+----+------+
|x|          1|         83|         35|     32835427.00|         83|00:14:29|   NA|  NA|    NA|
|x|          2|         83|         35|     32593150.00|        166|00:14:28|+0.98|0.99|0.0017|
|x|          3|         83|         35|     32525280.00|        249|00:14:28|+0.98|0.99|0.0011|
|x|          4|         83|         35|     32510943.75|        332|00:14:27|+0.98|0.99|0.0016|
|-|          5|          6|         35|     32554105.60|        415|00:14:27|+0.74|0.79|0.2240|
|-|          6|          2|         35|     32498279.17|        421|00:01:02|+0.33|0.44|0.3333|
+-+-----------+-----------+-----------+----------------+-----------+--------+-----+----+------+
Best-so-far configuration:          35    mean value:      32498279.17
Description of the best-so-far configuration:
   .ID. algorithm localsearch  alpha   beta    rho ants q0 rasrank elitistants
35   35      mmas           3 0.9062 5.1139 0.7119   15 NA      NA          NA
   nnls dlb .PARENT.
35   12   1       NA

# 2025-03-24 15:26:27 -03: Elite configurations (first number is the configuration ID; listed from best to worst according to the sum of ranks):
   algorithm localsearch  alpha   beta    rho ants     q0 rasrank elitistants
35      mmas           3 0.9062 5.1139 0.7119   15     NA      NA          NA
20       acs           3 2.7031 8.7077 0.6346   31 0.1559      NA          NA
   nnls dlb
35   12   1
20    9   0
# 2025-03-24 15:26:27 -03: Iteration 2 of 5
# experimentsUsed: 421
# remainingBudget: 2079
# currentBudget: 519
# nbConfigurations: 75
# Markers:
     x No test is performed.
     c Configurations are discarded only due to capping.
     - The test is performed and some configurations are discarded.
     = The test is performed but no configuration is discarded.
     ! The test is performed and configurations could be discarded but elite configurations are preserved.
     . All alive configurations are elite and nothing is discarded.

+-+-----------+-----------+-----------+----------------+-----------+--------+-----+----+------+
| |   Instance|      Alive|       Best|       Mean best| Exp so far|  W time|  rho|KenW|  Qvar|
+-+-----------+-----------+-----------+----------------+-----------+--------+-----+----+------+
|x|          7|         75|         35|     32751504.00|         75|00:13:03|   NA|  NA|    NA|
|x|          3|         75|         35|     32570522.00|        148|00:12:36|+0.96|0.98|0.0018|
|x|          6|         75|         35|     32453397.00|        221|00:12:36|+0.96|0.98|0.0019|
|x|          1|         75|         35|     32548904.50|        294|00:12:35|+0.97|0.98|0.0023|
|-|          4|          4|         35|     32532710.60|        367|00:12:36|+0.82|0.86|0.1164|
+-+-----------+-----------+-----------+----------------+-----------+--------+-----+----+------+
Best-so-far configuration:          35    mean value:      32534454.14
Description of the best-so-far configuration:
   .ID. algorithm localsearch  alpha   beta    rho ants q0 rasrank elitistants
35   35      mmas           3 0.9062 5.1139 0.7119   15 NA      NA          NA
   nnls dlb .PARENT.
35   12   1       NA

# 2025-03-24 16:29:57 -03: Elite configurations (first number is the configuration ID; listed from best to worst according to the sum of ranks):
    algorithm localsearch  alpha   beta    rho ants     q0 rasrank elitistants
35       mmas           3 0.9062 5.1139 0.7119   15     NA      NA          NA
20        acs           3 2.7031 8.7077 0.6346   31 0.1559      NA          NA
127      mmas           3 1.1558 3.6657 0.7247   79     NA      NA          NA
112       acs           3 4.3242 5.5842 0.6776   24 0.8145      NA          NA
    nnls dlb
35    12   1
20     9   0
127   24   1
112   19   1
# 2025-03-24 16:29:57 -03: Iteration 3 of 5
# experimentsUsed: 788
# remainingBudget: 1712
# currentBudget: 570
# nbConfigurations: 74
# Markers:
     x No test is performed.
     c Configurations are discarded only due to capping.
     - The test is performed and some configurations are discarded.
     = The test is performed but no configuration is discarded.
     ! The test is performed and configurations could be discarded but elite configurations are preserved.
     . All alive configurations are elite and nothing is discarded.

+-+-----------+-----------+-----------+----------------+-----------+--------+-----+----+------+
| |   Instance|      Alive|       Best|       Mean best| Exp so far|  W time|  rho|KenW|  Qvar|
+-+-----------+-----------+-----------+----------------+-----------+--------+-----+----+------+
|x|          8|         74|         35|     32521407.00|         74|00:12:48|   NA|  NA|    NA|
|x|          7|         74|         35|     32636455.50|        144|00:12:03|+0.98|0.99|0.0063|
|x|          6|         74|         35|     32497352.67|        214|00:12:10|+0.96|0.97|0.0050|
|x|          4|         74|         35|     32489998.25|        284|00:12:06|+0.96|0.97|0.0041|
|-|          1|          7|         35|     32559084.00|        354|00:12:08|+0.62|0.70|0.2635|
|-|          5|          4|         35|     32587028.83|        359|00:00:51|+0.65|0.71|0.2411|
|.|          3|          4|         35|     32558816.14|        359|00:00:00|+0.62|0.67|0.2452|
+-+-----------+-----------+-----------+----------------+-----------+--------+-----+----+------+
Best-so-far configuration:          35    mean value:      32532823.25
Description of the best-so-far configuration:
   .ID. algorithm localsearch  alpha   beta    rho ants q0 rasrank elitistants
35   35      mmas           3 0.9062 5.1139 0.7119   15 NA      NA          NA
   nnls dlb .PARENT.
35   12   1       NA

# 2025-03-24 17:32:05 -03: Elite configurations (first number is the configuration ID; listed from best to worst according to the sum of ranks):
    algorithm localsearch  alpha   beta    rho ants     q0 rasrank elitistants
35       mmas           3 0.9062 5.1139 0.7119   15     NA      NA          NA
20        acs           3 2.7031 8.7077 0.6346   31 0.1559      NA          NA
127      mmas           3 1.1558 3.6657 0.7247   79     NA      NA          NA
112       acs           3 4.3242 5.5842 0.6776   24 0.8145      NA          NA
    nnls dlb
35    12   1
20     9   0
127   24   1
112   19   1
# 2025-03-24 17:32:05 -03: Iteration 4 of 5
# experimentsUsed: 1147
# remainingBudget: 1353
# currentBudget: 676
# nbConfigurations: 78
# Markers:
     x No test is performed.
     c Configurations are discarded only due to capping.
     - The test is performed and some configurations are discarded.
     = The test is performed but no configuration is discarded.
     ! The test is performed and configurations could be discarded but elite configurations are preserved.
     . All alive configurations are elite and nothing is discarded.

+-+-----------+-----------+-----------+----------------+-----------+--------+-----+----+------+
| |   Instance|      Alive|       Best|       Mean best| Exp so far|  W time|  rho|KenW|  Qvar|
+-+-----------+-----------+-----------+----------------+-----------+--------+-----+----+------+
|x|          9|         78|        239|     32451182.00|         78|00:13:33|   NA|  NA|    NA|
|x|          3|         78|         35|     32441717.50|        152|00:12:52|+0.83|0.92|0.0316|
|x|          1|         78|         35|     32572954.00|        226|00:12:48|+0.86|0.90|0.0307|
|x|          2|         78|         35|     32517433.75|        302|00:13:07|+0.86|0.89|0.0296|
|-|          4|          5|         35|     32507534.00|        376|00:12:47|+0.40|0.52|0.4814|
+-+-----------+-----------+-----------+----------------+-----------+--------+-----+----+------+
Best-so-far configuration:          35    mean value:      32528497.89
Description of the best-so-far configuration:
   .ID. algorithm localsearch  alpha   beta    rho ants q0 rasrank elitistants
35   35      mmas           3 0.9062 5.1139 0.7119   15 NA      NA          NA
   nnls dlb .PARENT.
35   12   1       NA

# 2025-03-24 18:37:14 -03: Elite configurations (first number is the configuration ID; listed from best to worst according to the sum of ranks):
    algorithm localsearch  alpha   beta    rho ants     q0 rasrank elitistants
35       mmas           3 0.9062 5.1139 0.7119   15     NA      NA          NA
127      mmas           3 1.1558 3.6657 0.7247   79     NA      NA          NA
20        acs           3 2.7031 8.7077 0.6346   31 0.1559      NA          NA
112       acs           3 4.3242 5.5842 0.6776   24 0.8145      NA          NA
268      mmas           3 0.9273 4.8505 0.7102   16     NA      NA          NA
    nnls dlb
35    12   1
127   24   1
20     9   0
112   19   1
268    8   1
# 2025-03-24 18:37:14 -03: Iteration 5 of 5
# experimentsUsed: 1523
# remainingBudget: 977
# currentBudget: 977
# nbConfigurations: 102
# Markers:
     x No test is performed.
     c Configurations are discarded only due to capping.
     - The test is performed and some configurations are discarded.
     = The test is performed but no configuration is discarded.
     ! The test is performed and configurations could be discarded but elite configurations are preserved.
     . All alive configurations are elite and nothing is discarded.

+-+-----------+-----------+-----------+----------------+-----------+--------+-----+----+------+
| |   Instance|      Alive|       Best|       Mean best| Exp so far|  W time|  rho|KenW|  Qvar|
+-+-----------+-----------+-----------+----------------+-----------+--------+-----+----+------+
|x|         10|        102|        367|     32564235.00|        102|00:17:36|   NA|  NA|    NA|
|x|          2|        102|        367|     32446283.50|        199|00:16:50|+0.68|0.84|0.1100|
|x|          9|        102|        378|     32444066.67|        296|00:16:51|+0.71|0.81|0.0810|
|x|          1|        102|        378|     32552316.25|        393|00:16:50|+0.72|0.79|0.0856|
|-|          8|         18|        378|     32536330.00|        491|00:16:54|+0.22|0.37|0.6424|
|-|          7|         12|        344|     32577998.67|        505|00:02:24|+0.33|0.44|0.5052|
|-|          6|         10|        378|     32531347.14|        513|00:01:22|+0.42|0.50|0.3925|
|!|          5|         10|        378|     32554341.12|        519|00:01:01|+0.34|0.42|0.4769|
|!|          4|         10|        378|     32551868.78|        524|00:00:51|+0.36|0.43|0.4824|
|-|          3|          6|        378|     32537081.40|        529|00:00:51|-0.01|0.09|0.8435|
|=|         11|          6|         35|     32554243.55|        535|00:01:02|-0.04|0.06|0.8440|
|=|         12|          6|         35|     32567056.92|        541|00:01:01|-0.04|0.05|0.8501|
+-+-----------+-----------+-----------+----------------+-----------+--------+-----+----+------+
Best-so-far configuration:          35    mean value:      32567056.92
Description of the best-so-far configuration:
   .ID. algorithm localsearch  alpha   beta    rho ants q0 rasrank elitistants
35   35      mmas           3 0.9062 5.1139 0.7119   15 NA      NA          NA
   nnls dlb .PARENT.
35   12   1       NA

# 2025-03-24 20:10:55 -03: Elite configurations (first number is the configuration ID; listed from best to worst according to the sum of ranks):
    algorithm localsearch  alpha   beta    rho ants q0 rasrank elitistants nnls
35       mmas           3 0.9062 5.1139 0.7119   15 NA      NA          NA   12
378      mmas           3 0.9852 5.1421 0.7463   20 NA      NA          NA   12
344      mmas           3 0.9625 6.5488 0.8563   34 NA      NA          NA   16
307      mmas           3 0.9909 5.9762 0.8579   17 NA      NA          NA   19
394      mmas           3 1.0447 4.1899 0.7058   15 NA      NA          NA   18
    dlb
35    1
378   1
344   1
307   1
394   1
# 2025-03-24 20:10:55 -03: Iteration 6 of 6
# experimentsUsed: 2064
# remainingBudget: 436
# currentBudget: 436
# nbConfigurations: 38
# Markers:
     x No test is performed.
     c Configurations are discarded only due to capping.
     - The test is performed and some configurations are discarded.
     = The test is performed but no configuration is discarded.
     ! The test is performed and configurations could be discarded but elite configurations are preserved.
     . All alive configurations are elite and nothing is discarded.

+-+-----------+-----------+-----------+----------------+-----------+--------+-----+----+------+
| |   Instance|      Alive|       Best|       Mean best| Exp so far|  W time|  rho|KenW|  Qvar|
+-+-----------+-----------+-----------+----------------+-----------+--------+-----+----+------+
|x|         13|         38|        344|     32669823.00|         38|00:06:33|   NA|  NA|    NA|
|x|         12|         38|        307|     32682764.00|         71|00:05:41|+0.81|0.90|0.0365|
|x|          7|         38|        344|     32696647.67|        104|00:05:42|+0.75|0.84|0.0367|
|x|          1|         38|        344|     32725796.50|        137|00:05:42|+0.79|0.84|0.0330|
|-|          4|          6|        344|     32689112.20|        170|00:05:43|-0.06|0.15|0.8600|
|=|          5|          6|        344|     32698125.00|        171|00:00:10|-0.11|0.07|0.8958|
|=|          3|          6|        344|     32654669.43|        172|00:00:10|-0.03|0.12|0.8299|
|=|          2|          6|        344|     32616238.00|        173|00:00:10|-0.06|0.07|0.8791|
|=|         10|          6|        344|     32614386.44|        174|00:00:10|-0.03|0.08|0.8614|
|=|          9|          6|        344|     32600715.70|        175|00:00:10|-0.05|0.05|0.8803|
|=|          6|          6|        344|     32568502.73|        176|00:00:10|-0.04|0.05|0.8677|
|=|         11|          6|         35|     32582361.42|        177|00:00:10|-0.05|0.03|0.8627|
|=|          8|          6|        344|     32585159.92|        178|00:00:10|-0.04|0.04|0.8521|
|=|         14|          6|         35|     32584216.71|        184|00:01:02|-0.03|0.04|0.8441|
+-+-----------+-----------+-----------+----------------+-----------+--------+-----+----+------+
Best-so-far configuration:          35    mean value:      32584216.71
Description of the best-so-far configuration:
   .ID. algorithm localsearch  alpha   beta    rho ants q0 rasrank elitistants
35   35      mmas           3 0.9062 5.1139 0.7119   15 NA      NA          NA
   nnls dlb .PARENT.
35   12   1       NA

# 2025-03-24 20:42:44 -03: Elite configurations (first number is the configuration ID; listed from best to worst according to the sum of ranks):
    algorithm localsearch  alpha   beta    rho ants q0 rasrank elitistants nnls
35       mmas           3 0.9062 5.1139 0.7119   15 NA      NA          NA   12
344      mmas           3 0.9625 6.5488 0.8563   34 NA      NA          NA   16
307      mmas           3 0.9909 5.9762 0.8579   17 NA      NA          NA   19
378      mmas           3 0.9852 5.1421 0.7463   20 NA      NA          NA   12
394      mmas           3 1.0447 4.1899 0.7058   15 NA      NA          NA   18
    dlb
35    1
344   1
307   1
378   1
394   1
# 2025-03-24 20:42:44 -03: Iteration 7 of 7
# experimentsUsed: 2248
# remainingBudget: 252
# currentBudget: 252
# nbConfigurations: 21
# Markers:
     x No test is performed.
     c Configurations are discarded only due to capping.
     - The test is performed and some configurations are discarded.
     = The test is performed but no configuration is discarded.
     ! The test is performed and configurations could be discarded but elite configurations are preserved.
     . All alive configurations are elite and nothing is discarded.

+-+-----------+-----------+-----------+----------------+-----------+--------+-----+----+------+
| |   Instance|      Alive|       Best|       Mean best| Exp so far|  W time|  rho|KenW|  Qvar|
+-+-----------+-----------+-----------+----------------+-----------+--------+-----+----+------+
|x|         15|         21|        442|     32785011.00|         21|00:03:37|   NA|  NA|    NA|
|x|          2|         21|        442|     32551441.50|         37|00:02:45|+0.85|0.92|0.0299|
|x|          1|         21|         35|     32659258.00|         53|00:02:46|+0.73|0.82|0.0287|
|x|         13|         21|         35|     32670708.75|         69|00:02:45|+0.72|0.79|0.0272|
|-|          6|          8|         35|     32580396.40|         85|00:02:46|-0.10|0.12|0.9844|
|=|         10|          8|         35|     32580344.50|         88|00:00:31|-0.05|0.12|0.9435|
|=|          7|          8|         35|     32604795.86|         91|00:00:30|-0.00|0.14|0.8977|
|=|          3|          8|         35|     32577888.88|         94|00:00:31|+0.05|0.16|0.8426|
|=|          4|          8|         35|     32565671.78|         97|00:00:30|+0.04|0.15|0.8445|
|=|         14|          8|         35|     32576033.60|        100|00:00:31|+0.05|0.15|0.8365|
|=|         11|          8|         35|     32592768.09|        103|00:00:31|+0.06|0.15|0.8266|
|=|          8|          8|         35|     32586821.33|        106|00:00:31|+0.06|0.14|0.8251|
|=|          9|          8|         35|     32579673.15|        109|00:00:31|+0.05|0.12|0.8429|
|=|         12|          8|         35|     32588839.64|        112|00:00:30|+0.01|0.08|0.8827|
|=|          5|          8|         35|     32598033.87|        115|00:00:31|+0.02|0.08|0.8780|
|=|         16|          8|         35|     32585911.50|        123|00:01:23|-0.00|0.06|0.8840|
+-+-----------+-----------+-----------+----------------+-----------+--------+-----+----+------+
Best-so-far configuration:          35    mean value:      32585911.50
Description of the best-so-far configuration:
   .ID. algorithm localsearch  alpha   beta    rho ants q0 rasrank elitistants
35   35      mmas           3 0.9062 5.1139 0.7119   15 NA      NA          NA
   nnls dlb .PARENT.
35   12   1       NA

# 2025-03-24 21:04:02 -03: Elite configurations (first number is the configuration ID; listed from best to worst according to the sum of ranks):
    algorithm localsearch  alpha   beta    rho ants q0 rasrank elitistants nnls
35       mmas           3 0.9062 5.1139 0.7119   15 NA      NA          NA   12
442      mmas           3 0.9301 4.4284 0.7016    7 NA      NA          NA   14
378      mmas           3 0.9852 5.1421 0.7463   20 NA      NA          NA   12
443      mmas           3 0.9838 5.5271 0.6258   18 NA      NA          NA    9
344      mmas           3 0.9625 6.5488 0.8563   34 NA      NA          NA   16
    dlb
35    1
442   1
378   1
443   1
344   1
# 2025-03-24 21:04:02 -03: Iteration 8 of 8
# experimentsUsed: 2371
# remainingBudget: 129
# currentBudget: 129
# nbConfigurations: 12
# Markers:
     x No test is performed.
     c Configurations are discarded only due to capping.
     - The test is performed and some configurations are discarded.
     = The test is performed but no configuration is discarded.
     ! The test is performed and configurations could be discarded but elite configurations are preserved.
     . All alive configurations are elite and nothing is discarded.

+-+-----------+-----------+-----------+----------------+-----------+--------+-----+----+------+
| |   Instance|      Alive|       Best|       Mean best| Exp so far|  W time|  rho|KenW|  Qvar|
+-+-----------+-----------+-----------+----------------+-----------+--------+-----+----+------+
|x|         17|         12|        447|     32964291.00|         12|00:02:03|   NA|  NA|    NA|
|x|          4|         12|         35|     32716261.50|         19|00:01:12|+0.70|0.85|0.0740|
|x|          9|         12|        378|     32644597.00|         26|00:01:12|+0.70|0.80|0.0722|
|x|          6|         12|        447|     32552684.25|         33|00:01:13|+0.67|0.76|0.0665|
|-|          3|          7|         35|     32507021.00|         40|00:01:13|+0.06|0.25|0.7648|
|=|         16|          7|         35|     32489863.50|         42|00:00:20|+0.07|0.22|0.7438|
|=|         12|          7|         35|     32521026.43|         44|00:00:20|-0.02|0.13|0.8436|
|=|         11|          7|         35|     32550912.25|         46|00:00:20|-0.00|0.12|0.8435|
|=|         15|          7|         35|     32577641.33|         48|00:00:20|+0.03|0.13|0.8148|
|=|          5|          7|         35|     32592552.50|         50|00:00:20|+0.05|0.14|0.7942|
|=|         10|          7|         35|     32591419.09|         52|00:00:20|+0.07|0.16|0.7706|
|=|          2|          7|         35|     32571373.58|         54|00:00:20|+0.08|0.15|0.7612|
|=|         13|          7|         35|     32581657.23|         56|00:00:20|+0.02|0.10|0.8070|
|=|          8|          7|         35|     32577353.64|         58|00:00:20|+0.01|0.08|0.8198|
|=|         14|          7|         35|     32583482.73|         60|00:00:20|+0.02|0.09|0.8155|
|=|          1|          7|         35|     32599229.25|         62|00:00:20|+0.01|0.07|0.8319|
|=|          7|          7|         35|     32608186.59|         64|00:00:20|+0.00|0.06|0.8472|
|=|         18|          7|         35|     32603257.00|         71|00:01:12|+0.00|0.06|0.8522|
+-+-----------+-----------+-----------+----------------+-----------+--------+-----+----+------+
Best-so-far configuration:          35    mean value:      32603257.00
Description of the best-so-far configuration:
   .ID. algorithm localsearch  alpha   beta    rho ants q0 rasrank elitistants
35   35      mmas           3 0.9062 5.1139 0.7119   15 NA      NA          NA
   nnls dlb .PARENT.
35   12   1       NA

# 2025-03-24 21:16:20 -03: Elite configurations (first number is the configuration ID; listed from best to worst according to the sum of ranks):
    algorithm localsearch  alpha   beta    rho ants q0 rasrank elitistants nnls
35       mmas           3 0.9062 5.1139 0.7119   15 NA      NA          NA   12
442      mmas           3 0.9301 4.4284 0.7016    7 NA      NA          NA   14
443      mmas           3 0.9838 5.5271 0.6258   18 NA      NA          NA    9
378      mmas           3 0.9852 5.1421 0.7463   20 NA      NA          NA   12
447      mmas           3 1.0347 6.5114 0.8398   28 NA      NA          NA   13
    dlb
35    1
442   1
443   1
378   1
447   1
# 2025-03-24 21:16:20 -03: Iteration 9 of 9
# experimentsUsed: 2442
# remainingBudget: 58
# currentBudget: 58
# nbConfigurations: 7
# Markers:
     x No test is performed.
     c Configurations are discarded only due to capping.
     - The test is performed and some configurations are discarded.
     = The test is performed but no configuration is discarded.
     ! The test is performed and configurations could be discarded but elite configurations are preserved.
     . All alive configurations are elite and nothing is discarded.

+-+-----------+-----------+-----------+----------------+-----------+--------+-----+----+------+
| |   Instance|      Alive|       Best|       Mean best| Exp so far|  W time|  rho|KenW|  Qvar|
+-+-----------+-----------+-----------+----------------+-----------+--------+-----+----+------+
|x|         19|          7|        447|     32775871.00|          7|00:01:13|   NA|  NA|    NA|
|x|         18|          7|        447|     32638168.50|          9|00:00:20|-0.32|0.34|1.0267|
|x|         10|          7|        443|     32618513.33|         11|00:00:20|-0.01|0.33|0.8728|
|x|          5|          7|        443|     32642192.25|         13|00:00:21|+0.01|0.26|0.8267|
|=|          6|          7|        447|     32560865.00|         15|00:00:20|-0.01|0.19|0.8749|
|=|         15|          7|        447|     32603864.17|         17|00:00:20|-0.05|0.12|0.9133|
|=|         11|          7|        447|     32628674.14|         19|00:00:20|+0.02|0.16|0.8531|
|=|          9|          7|        447|     32606971.38|         21|00:00:20|-0.03|0.10|0.9006|
|=|         16|          7|         35|     32587862.33|         23|00:00:20|-0.03|0.09|0.8940|
|=|          4|          7|         35|     32575869.60|         25|00:00:21|-0.03|0.07|0.8814|
|=|         14|          7|         35|     32584362.36|         27|00:00:20|-0.03|0.06|0.8831|
|=|         12|          7|         35|     32594665.83|         29|00:00:20|-0.02|0.06|0.8752|
|=|         17|          7|         35|     32623121.38|         31|00:00:21|-0.04|0.04|0.8940|
|=|          2|          7|         35|     32603675.07|         33|00:00:20|-0.04|0.04|0.8831|
|=|          7|          7|         35|     32613530.33|         35|00:00:20|-0.04|0.03|0.8899|
|=|          3|          7|         35|     32599530.94|         37|00:00:20|-0.04|0.02|0.8836|
|=|          1|          7|         35|     32613407.18|         39|00:00:20|-0.03|0.03|0.8788|
|=|         13|          7|         35|     32618499.06|         41|00:00:20|-0.02|0.03|0.8717|
|=|          8|          7|         35|     32613388.95|         43|00:00:20|-0.03|0.03|0.8752|
|=|         20|          7|         35|     32608458.25|         50|00:01:13|-0.01|0.04|0.8623|
+-+-----------+-----------+-----------+----------------+-----------+--------+-----+----+------+
Best-so-far configuration:          35    mean value:      32608458.25
Description of the best-so-far configuration:
   .ID. algorithm localsearch  alpha   beta    rho ants q0 rasrank elitistants
35   35      mmas           3 0.9062 5.1139 0.7119   15 NA      NA          NA
   nnls dlb .PARENT.
35   12   1       NA

# 2025-03-24 21:25:00 -03: Elite configurations (first number is the configuration ID; listed from best to worst according to the sum of ranks):
    algorithm localsearch  alpha   beta    rho ants q0 rasrank elitistants nnls
35       mmas           3 0.9062 5.1139 0.7119   15 NA      NA          NA   12
442      mmas           3 0.9301 4.4284 0.7016    7 NA      NA          NA   14
443      mmas           3 0.9838 5.5271 0.6258   18 NA      NA          NA    9
447      mmas           3 1.0347 6.5114 0.8398   28 NA      NA          NA   13
455      mmas           3 0.9165 5.0992 0.7603    8 NA      NA          NA   16
    dlb
35    1
442   1
443   1
447   1
455   1
# 2025-03-24 21:25:00 -03: Stopped because there is not enough budget left to race more than the minimum (5).
# You may either increase the budget or set 'minNbSurvival' to a lower value.
# Iteration: 10
# nbIterations: 10
# experimentsUsed: 2492
# timeUsed: 0
# remainingBudget: 8
# currentBudget: 8
# number of elites: 5
# nbConfigurations: 5
# Total CPU user time: 25777.07, CPU sys time: 153.2, Wall-clock time: 25919.01
# 2025-03-24 21:25:00 -03: Starting post-selection:
# Configurations selected: 35, 442, 443, 447, 455, 378, 454.
# Pending instances: 1, 1, 1, 1, 1, 1, 1.
# 2025-03-24 21:25:00 -03: seed: 1477594531
# Configurations: 7
# Available experiments: 8
# minSurvival: 1
# Markers:
     x No test is performed.
     c Configurations are discarded only due to capping.
     - The test is performed and some configurations are discarded.
     = The test is performed but no configuration is discarded.
     ! The test is performed and configurations could be discarded but elite configurations are preserved.
     . All alive configurations are elite and nothing is discarded.

+-+-----------+-----------+-----------+----------------+-----------+--------+-----+----+------+
| |   Instance|      Alive|       Best|       Mean best| Exp so far|  W time|  rho|KenW|  Qvar|
+-+-----------+-----------+-----------+----------------+-----------+--------+-----+----+------+
|.|          4|          7|         35|     32467935.00|          0|00:00:00|   NA|  NA|    NA|
|.|          2|          7|         35|     32409404.00|          0|00:00:00|-0.18|0.41|1.1144|
|.|         14|          7|         35|     32496032.67|          0|00:00:00|-0.19|0.21|1.0229|
|.|          1|          7|         35|     32580881.25|          0|00:00:00|-0.11|0.17|1.0056|
|.|         20|          7|         35|     32567660.00|          0|00:00:00|+0.03|0.23|0.8423|
|.|         10|          7|         35|     32569730.83|          0|00:00:00|+0.12|0.26|0.7452|
|.|         12|          7|         35|     32589484.14|          0|00:00:00|+0.10|0.23|0.7406|
|.|          5|          7|         35|     32606642.75|          0|00:00:00|+0.03|0.15|0.8144|
|.|         13|          7|         35|     32617578.11|          0|00:00:00|+0.08|0.18|0.7942|
|.|         17|          7|         35|     32652279.10|          0|00:00:00|+0.01|0.11|0.8506|
|.|         11|          7|         35|     32662082.18|          0|00:00:00|+0.03|0.12|0.8287|
|.|          3|          7|         35|     32639370.33|          0|00:00:00|+0.05|0.12|0.8094|
|.|          8|          7|         35|     32630296.23|          0|00:00:00|+0.03|0.10|0.8313|
|.|         19|          7|         35|     32642115.36|          0|00:00:00|+0.03|0.10|0.8317|
|.|         16|          7|         35|     32626246.07|          0|00:00:00|+0.02|0.09|0.8309|
|.|         15|          7|         35|     32636572.81|          0|00:00:00|+0.01|0.07|0.8417|
|.|         18|          7|         35|     32629683.47|          0|00:00:00|+0.02|0.08|0.8362|
|.|          9|          7|         35|     32622139.67|          0|00:00:00|-0.01|0.04|0.8624|
|.|          7|          7|         35|     32628948.32|          0|00:00:00|-0.02|0.04|0.8652|
|.|          6|          7|         35|     32608458.25|          0|00:00:00|-0.01|0.04|0.8623|
|=|         21|          7|         35|     32612075.95|          7|00:01:12|-0.02|0.03|0.8755|
+-+-----------+-----------+-----------+----------------+-----------+--------+-----+----+------+
Best-so-far configuration:          35    mean value:      32612075.95
Description of the best-so-far configuration:
   .ID. algorithm localsearch  alpha   beta    rho ants q0 rasrank elitistants
35   35      mmas           3 0.9062 5.1139 0.7119   15 NA      NA          NA
   nnls dlb .PARENT.
35   12   1       NA

# 2025-03-24 21:26:13 -03: Elite configurations (first number is the configuration ID; listed from best to worst according to the sum of ranks):
    algorithm localsearch  alpha   beta    rho ants q0 rasrank elitistants nnls
35       mmas           3 0.9062 5.1139 0.7119   15 NA      NA          NA   12
442      mmas           3 0.9301 4.4284 0.7016    7 NA      NA          NA   14
447      mmas           3 1.0347 6.5114 0.8398   28 NA      NA          NA   13
443      mmas           3 0.9838 5.5271 0.6258   18 NA      NA          NA    9
455      mmas           3 0.9165 5.0992 0.7603    8 NA      NA          NA   16
    dlb
35    1
442   1
447   1
443   1
455   1
# Total CPU user time: 25849.58, CPU sys time: 153.651, Wall-clock time: 25991.95
    .ID. algorithm localsearch  alpha   beta    rho ants q0 rasrank elitistants
35    35      mmas           3 0.9062 5.1139 0.7119   15 NA      NA          NA
442  442      mmas           3 0.9301 4.4284 0.7016    7 NA      NA          NA
447  447      mmas           3 1.0347 6.5114 0.8398   28 NA      NA          NA
443  443      mmas           3 0.9838 5.5271 0.6258   18 NA      NA          NA
455  455      mmas           3 0.9165 5.0992 0.7603    8 NA      NA          NA
    nnls dlb .PARENT. .RANK.   .WEIGHT.
35    12   1       NA     70 0.33333333
442   14   1       35     81 0.26666667
447   13   1      344     83 0.20000000
443    9   1       35     86 0.13333333
455   16   1      442     87 0.06666667
