# 2025-03-21 06:45:12 -03: Reading parameter file '/home/dianag/PruebasPablo/irace-runs/Runs-T/ACOTSP-N/Run/N_seed_9283746153/parameters.txt'.
# 2025-03-21 06:45:12 -03: 1 expression(s) specifying forbidden configurations read.
# 2025-03-21 06:45:12 -03: Initialization
# Elitist race
# Elitist new instances: 1
# Elitist limit: 2
# nbIterations: 5
# minNbSurvival: 5
# nbParameters: 11
# seed: 1091656882
# confidence level: 0.95
# budget: 2500
# mu: 5
# deterministic: FALSE

# 2025-03-21 06:45:13 -03: Iteration 1 of 5
# experimentsUsed: 0
# remainingBudget: 2500
# currentBudget: 500
# nbConfigurations: 83
# Markers:
     x No test is performed.
     c Configurations are discarded only due to capping.
     - The test is performed and some configurations are discarded.
     = The test is performed but no configuration is discarded.
     ! The test is performed and configurations could be discarded but elite configurations are preserved.
     . All alive configurations are elite and nothing is discarded.

+-+-----------+-----------+-----------+----------------+-----------+--------+-----+----+------+
| |   Instance|      Alive|       Best|       Mean best| Exp so far|  W time|  rho|KenW|  Qvar|
+-+-----------+-----------+-----------+----------------+-----------+--------+-----+----+------+
|x|          1|         83|         50|     32550888.00|         83|00:14:29|   NA|  NA|    NA|
|x|          2|         83|         19|     32653124.00|        166|00:14:29|+0.97|0.98|0.0025|
|x|          3|         83|         19|     32695080.67|        249|00:14:29|+0.96|0.97|0.0019|
|x|          4|         83|         50|     32736297.75|        332|00:14:28|+0.96|0.97|0.0017|
|-|          5|          5|         50|     32717597.20|        415|00:14:19|+0.19|0.35|0.6724|
+-+-----------+-----------+-----------+----------------+-----------+--------+-----+----+------+
Best-so-far configuration:          50    mean value:      32717597.20
Description of the best-so-far configuration:
   .ID. algorithm localsearch  alpha  beta    rho ants     q0 rasrank
50   50       acs           2 1.7679 4.892 0.8864   54 0.6016      NA
   elitistants nnls dlb .PARENT.
50          NA   46   0       NA

# 2025-03-21 07:57:29 -03: Elite configurations (first number is the configuration ID; listed from best to worst according to the sum of ranks):
   algorithm localsearch  alpha   beta    rho ants     q0 rasrank elitistants
50       acs           2 1.7679 4.8920 0.8864   54 0.6016      NA          NA
19       acs           3 4.6585 9.4232 0.7781   46 0.3360      NA          NA
57      mmas           3 1.4554 6.7670 0.8245   24     NA      NA          NA
56       ras           3 4.8929 6.1420 0.5151   66     NA      59          NA
1       mmas           2 0.7523 4.1107 0.8709    7     NA      NA          NA
   nnls dlb
50   46   0
19   47   0
57   43   1
56   17   1
1    20   0
# 2025-03-21 07:57:29 -03: Iteration 2 of 5
# experimentsUsed: 415
# remainingBudget: 2085
# currentBudget: 521
# nbConfigurations: 78
# Markers:
     x No test is performed.
     c Configurations are discarded only due to capping.
     - The test is performed and some configurations are discarded.
     = The test is performed but no configuration is discarded.
     ! The test is performed and configurations could be discarded but elite configurations are preserved.
     . All alive configurations are elite and nothing is discarded.

+-+-----------+-----------+-----------+----------------+-----------+--------+-----+----+------+
| |   Instance|      Alive|       Best|       Mean best| Exp so far|  W time|  rho|KenW|  Qvar|
+-+-----------+-----------+-----------+----------------+-----------+--------+-----+----+------+
|x|          6|         78|         57|     32780557.00|         78|00:13:27|   NA|  NA|    NA|
|x|          2|         78|         87|     32703847.00|        151|00:12:36|+0.97|0.98|0.0055|
|x|          1|         78|         50|     32681790.33|        224|00:12:36|+0.97|0.98|0.0043|
|x|          4|         78|         50|     32741797.75|        297|00:12:34|+0.97|0.97|0.0047|
|-|          5|          8|         50|     32721997.20|        370|00:12:35|+0.41|0.53|0.5177|
|=|          3|          8|        115|     32722087.50|        373|00:00:31|+0.19|0.32|0.6513|
|-|          7|          5|        115|     32715471.43|        381|00:01:23|+0.01|0.16|0.6961|
+-+-----------+-----------+-----------+----------------+-----------+--------+-----+----+------+
Best-so-far configuration:         115    mean value:      32715471.43
Description of the best-so-far configuration:
    .ID. algorithm localsearch  alpha   beta    rho ants     q0 rasrank
115  115       acs           3 4.3666 8.5466 0.9145   38 0.1265      NA
    elitistants nnls dlb .PARENT.
115          NA   46   1       19

# 2025-03-21 09:03:15 -03: Elite configurations (first number is the configuration ID; listed from best to worst according to the sum of ranks):
    algorithm localsearch  alpha   beta    rho ants     q0 rasrank elitistants
115       acs           3 4.3666 8.5466 0.9145   38 0.1265      NA          NA
50        acs           2 1.7679 4.8920 0.8864   54 0.6016      NA          NA
87        acs           2 1.7882 7.2322 0.7103   29 0.8164      NA          NA
139       acs           3 4.9131 9.1004 0.5201   62 0.9317      NA          NA
19        acs           3 4.6585 9.4232 0.7781   46 0.3360      NA          NA
    nnls dlb
115   46   1
50    46   0
87    50   0
139   29   0
19    47   0
# 2025-03-21 09:03:15 -03: Iteration 3 of 5
# experimentsUsed: 796
# remainingBudget: 1704
# currentBudget: 568
# nbConfigurations: 75
# Markers:
     x No test is performed.
     c Configurations are discarded only due to capping.
     - The test is performed and some configurations are discarded.
     = The test is performed but no configuration is discarded.
     ! The test is performed and configurations could be discarded but elite configurations are preserved.
     . All alive configurations are elite and nothing is discarded.

+-+-----------+-----------+-----------+----------------+-----------+--------+-----+----+------+
| |   Instance|      Alive|       Best|       Mean best| Exp so far|  W time|  rho|KenW|  Qvar|
+-+-----------+-----------+-----------+----------------+-----------+--------+-----+----+------+
|x|          8|         75|        216|     32507457.00|         75|00:13:04|   NA|  NA|    NA|
|x|          2|         75|        188|     32585500.00|        145|00:12:12|+0.95|0.97|0.0026|
|x|          6|         75|        188|     32638334.67|        215|00:12:12|+0.92|0.94|0.0027|
|x|          4|         75|        188|     32676018.75|        285|00:12:12|+0.92|0.94|0.0043|
|-|          3|         11|        188|     32674931.80|        355|00:12:12|+0.25|0.40|0.6717|
|=|          5|         11|        188|     32671713.50|        361|00:01:02|+0.14|0.28|0.7810|
|=|          1|         11|        188|     32647054.43|        367|00:01:02|+0.12|0.25|0.7731|
|-|          7|          4|        188|     32631282.12|        373|00:01:02|+0.10|0.21|0.5789|
+-+-----------+-----------+-----------+----------------+-----------+--------+-----+----+------+
Best-so-far configuration:         188    mean value:      32631282.12
Description of the best-so-far configuration:
    .ID. algorithm localsearch  alpha  beta    rho ants     q0 rasrank
188  188       acs           3 1.5661 8.837 0.5527    6 0.5558      NA
    elitistants nnls dlb .PARENT.
188          NA   29   1       87

# 2025-03-21 10:08:17 -03: Elite configurations (first number is the configuration ID; listed from best to worst according to the sum of ranks):
    algorithm localsearch  alpha   beta    rho ants     q0 rasrank elitistants
188       acs           3 1.5661 8.8370 0.5527    6 0.5558      NA          NA
212       acs           3 4.7616 8.4621 0.9845   46 0.3924      NA          NA
115       acs           3 4.3666 8.5466 0.9145   38 0.1265      NA          NA
205       acs           3 4.1201 7.3634 0.8424   45 0.2373      NA          NA
    nnls dlb
188   29   1
212   35   1
115   46   1
205   29   0
# 2025-03-21 10:08:17 -03: Iteration 4 of 5
# experimentsUsed: 1169
# remainingBudget: 1331
# currentBudget: 665
# nbConfigurations: 77
# Markers:
     x No test is performed.
     c Configurations are discarded only due to capping.
     - The test is performed and some configurations are discarded.
     = The test is performed but no configuration is discarded.
     ! The test is performed and configurations could be discarded but elite configurations are preserved.
     . All alive configurations are elite and nothing is discarded.

+-+-----------+-----------+-----------+----------------+-----------+--------+-----+----+------+
| |   Instance|      Alive|       Best|       Mean best| Exp so far|  W time|  rho|KenW|  Qvar|
+-+-----------+-----------+-----------+----------------+-----------+--------+-----+----+------+
|x|          9|         77|        282|     32548423.00|         77|00:13:24|   NA|  NA|    NA|
|x|          3|         77|        232|     32589205.50|        150|00:12:43|+0.79|0.89|0.0131|
|x|          4|         77|        282|     32650421.33|        223|00:12:43|+0.75|0.83|0.0166|
|x|          7|         77|        282|     32612001.75|        296|00:12:38|+0.79|0.84|0.0134|
|-|          1|         14|        282|     32594687.00|        369|00:12:40|+0.26|0.41|0.5378|
|-|          5|         12|        282|     32603919.33|        379|00:01:43|+0.23|0.35|0.5819|
|-|          8|         10|        282|     32588098.14|        387|00:01:23|+0.30|0.40|0.5330|
|!|          2|         10|        282|     32589535.75|        393|00:01:02|+0.28|0.37|0.5953|
|-|          6|          5|        282|     32603403.00|        399|00:01:02|-0.02|0.10|0.8201|
+-+-----------+-----------+-----------+----------------+-----------+--------+-----+----+------+
Best-so-far configuration:         282    mean value:      32603403.00
Description of the best-so-far configuration:
    .ID. algorithm localsearch  alpha   beta    rho ants     q0 rasrank
282  282       acs           3 1.2315 6.6985 0.7883   13 0.6333      NA
    elitistants nnls dlb .PARENT.
282          NA   21   1      188

# 2025-03-21 11:17:40 -03: Elite configurations (first number is the configuration ID; listed from best to worst according to the sum of ranks):
    algorithm localsearch  alpha   beta    rho ants     q0 rasrank elitistants
282       acs           3 1.2315 6.6985 0.7883   13 0.6333      NA          NA
232       acs           3 1.8502 9.0514 0.4022   12 0.5767      NA          NA
245       acs           3 1.8404 8.7174 0.3926   33 0.9094      NA          NA
262       acs           3 1.1564 8.8957 0.6420    6 0.7040      NA          NA
188       acs           3 1.5661 8.8370 0.5527    6 0.5558      NA          NA
    nnls dlb
282   21   1
232   31   1
245   25   1
262   16   1
188   29   1
# 2025-03-21 11:17:40 -03: Iteration 5 of 5
# experimentsUsed: 1568
# remainingBudget: 932
# currentBudget: 932
# nbConfigurations: 97
# Markers:
     x No test is performed.
     c Configurations are discarded only due to capping.
     - The test is performed and some configurations are discarded.
     = The test is performed but no configuration is discarded.
     ! The test is performed and configurations could be discarded but elite configurations are preserved.
     . All alive configurations are elite and nothing is discarded.

+-+-----------+-----------+-----------+----------------+-----------+--------+-----+----+------+
| |   Instance|      Alive|       Best|       Mean best| Exp so far|  W time|  rho|KenW|  Qvar|
+-+-----------+-----------+-----------+----------------+-----------+--------+-----+----+------+
|x|         10|         97|        339|     32608578.00|         97|00:16:53|   NA|  NA|    NA|
|x|          6|         97|        375|     32665116.50|        189|00:16:01|+0.74|0.87|0.0549|
|x|          1|         97|        324|     32618964.33|        281|00:16:01|+0.77|0.84|0.0485|
|x|          5|         97|        346|     32598105.25|        373|00:15:55|+0.73|0.80|0.0540|
|-|          3|         32|        351|     32604140.40|        465|00:16:00|-0.02|0.18|0.9817|
|=|          8|         32|        324|     32598519.67|        492|00:04:41|-0.03|0.15|0.9819|
|=|          9|         32|        324|     32590802.71|        519|00:04:39|+0.01|0.15|0.9342|
|=|          7|         32|        389|     32566913.88|        546|00:04:38|+0.01|0.13|0.9487|
|=|          2|         32|        389|     32565163.78|        573|00:04:40|+0.02|0.13|0.9257|
|=|          4|         32|        389|     32598065.00|        600|00:04:39|+0.01|0.11|0.9353|
|=|         11|         32|        389|     32617939.27|        632|00:05:30|+0.02|0.11|0.9288|
+-+-----------+-----------+-----------+----------------+-----------+--------+-----+----+------+
Best-so-far configuration:         389    mean value:      32617939.27
Description of the best-so-far configuration:
    .ID. algorithm localsearch  alpha   beta    rho ants     q0 rasrank
389  389       acs           3 1.5875 7.0003 0.8918   31 0.3922      NA
    elitistants nnls dlb .PARENT.
389          NA   21   1      282

# 2025-03-21 13:07:22 -03: Elite configurations (first number is the configuration ID; listed from best to worst according to the sum of ranks):
    algorithm localsearch  alpha   beta    rho ants     q0 rasrank elitistants
389       acs           3 1.5875 7.0003 0.8918   31 0.3922      NA          NA
303       acs           3 1.8481 8.9738 0.5445    7 0.8184      NA          NA
375       acs           3 1.2197 5.0347 0.8543   26 0.7265      NA          NA
282       acs           3 1.2315 6.6985 0.7883   13 0.6333      NA          NA
324       acs           3 1.6353 8.9666 0.4761   27 0.9022      NA          NA
    nnls dlb
389   21   1
303   16   1
375   24   1
282   21   1
324   23   1
# 2025-03-21 13:07:22 -03: Iteration 6 of 6
# experimentsUsed: 2200
# remainingBudget: 300
# currentBudget: 300
# nbConfigurations: 29
# Markers:
     x No test is performed.
     c Configurations are discarded only due to capping.
     - The test is performed and some configurations are discarded.
     = The test is performed but no configuration is discarded.
     ! The test is performed and configurations could be discarded but elite configurations are preserved.
     . All alive configurations are elite and nothing is discarded.

+-+-----------+-----------+-----------+----------------+-----------+--------+-----+----+------+
| |   Instance|      Alive|       Best|       Mean best| Exp so far|  W time|  rho|KenW|  Qvar|
+-+-----------+-----------+-----------+----------------+-----------+--------+-----+----+------+
|x|         12|         29|        413|     32770327.00|         29|00:05:02|   NA|  NA|    NA|
|x|          6|         29|        400|     32738766.00|         53|00:04:08|+0.40|0.70|0.3873|
|x|          3|         29|        303|     32671309.33|         77|00:04:08|+0.40|0.60|0.4247|
|x|          1|         29|        412|     32646977.00|        101|00:04:07|+0.44|0.58|0.3819|
|-|          9|         15|        303|     32614096.60|        125|00:04:08|-0.05|0.16|0.9847|
|=|          8|         15|        324|     32599040.17|        135|00:01:43|-0.05|0.12|0.9858|
|=|         11|         15|        303|     32631846.86|        145|00:01:42|-0.04|0.11|0.9754|
|=|          5|         15|        303|     32629759.12|        155|00:01:43|-0.05|0.08|0.9779|
|=|          4|         15|        303|     32652422.44|        165|00:01:43|-0.07|0.05|0.9956|
|=|          2|         15|        303|     32644011.40|        175|00:01:44|-0.05|0.06|0.9806|
|=|          7|         15|        303|     32637784.00|        185|00:01:43|-0.05|0.05|0.9831|
|=|         10|         15|        303|     32637878.08|        195|00:01:43|-0.03|0.06|0.9651|
|=|         13|         15|        303|     32616724.38|        210|00:02:35|-0.01|0.07|0.9418|
+-+-----------+-----------+-----------+----------------+-----------+--------+-----+----+------+
Best-so-far configuration:         303    mean value:      32616724.38
Description of the best-so-far configuration:
    .ID. algorithm localsearch  alpha   beta    rho ants     q0 rasrank
303  303       acs           3 1.8481 8.9738 0.5445    7 0.8184      NA
    elitistants nnls dlb .PARENT.
303          NA   16   1      262

# 2025-03-21 13:43:37 -03: Elite configurations (first number is the configuration ID; listed from best to worst according to the sum of ranks):
    algorithm localsearch  alpha   beta    rho ants     q0 rasrank elitistants
303       acs           3 1.8481 8.9738 0.5445    7 0.8184      NA          NA
389       acs           3 1.5875 7.0003 0.8918   31 0.3922      NA          NA
375       acs           3 1.2197 5.0347 0.8543   26 0.7265      NA          NA
392       acs           3 1.7070 4.2501 0.7781   25 0.6117      NA          NA
393       acs           3 1.7561 9.5973 0.3760    6 0.8157      NA          NA
    nnls dlb
303   16   1
389   21   1
375   24   1
392   21   1
393   21   1
# 2025-03-21 13:43:37 -03: Iteration 7 of 7
# experimentsUsed: 2410
# remainingBudget: 90
# currentBudget: 90
# nbConfigurations: 11
# Markers:
     x No test is performed.
     c Configurations are discarded only due to capping.
     - The test is performed and some configurations are discarded.
     = The test is performed but no configuration is discarded.
     ! The test is performed and configurations could be discarded but elite configurations are preserved.
     . All alive configurations are elite and nothing is discarded.

+-+-----------+-----------+-----------+----------------+-----------+--------+-----+----+------+
| |   Instance|      Alive|       Best|       Mean best| Exp so far|  W time|  rho|KenW|  Qvar|
+-+-----------+-----------+-----------+----------------+-----------+--------+-----+----+------+
|x|         14|         11|        303|     32242225.00|         11|00:01:53|   NA|  NA|    NA|
|x|          9|         11|        389|     32410855.00|         17|00:01:02|+0.50|0.75|0.4378|
|x|         13|         11|        419|     32388866.33|         23|00:01:02|+0.56|0.71|0.4088|
|x|          7|         11|        389|     32432416.75|         29|00:01:02|+0.49|0.61|0.4811|
|-|          3|          7|        389|     32465694.40|         35|00:01:02|+0.01|0.21|0.7882|
|=|          1|          7|        389|     32476190.50|         37|00:00:20|-0.06|0.12|0.8780|
|=|          4|          7|        419|     32521567.43|         39|00:00:20|-0.11|0.05|0.9098|
|=|         11|          7|        389|     32571000.12|         41|00:00:21|-0.11|0.03|0.9314|
|=|          6|          7|        303|     32570171.22|         43|00:00:20|-0.07|0.05|0.9039|
|=|          2|          7|        389|     32583317.60|         45|00:00:20|-0.06|0.05|0.8981|
|=|         10|          7|        389|     32586224.91|         47|00:00:20|-0.02|0.07|0.8814|
|=|          5|          7|        389|     32585074.08|         49|00:00:20|-0.04|0.05|0.8843|
|=|         12|          7|        389|     32605715.38|         51|00:00:20|-0.03|0.05|0.8670|
|=|          8|          7|        389|     32596690.71|         53|00:00:21|-0.03|0.04|0.8693|
|=|         15|          7|        389|     32587510.60|         60|00:01:12|-0.04|0.03|0.8840|
+-+-----------+-----------+-----------+----------------+-----------+--------+-----+----+------+
Best-so-far configuration:         389    mean value:      32587510.60
Description of the best-so-far configuration:
    .ID. algorithm localsearch  alpha   beta    rho ants     q0 rasrank
389  389       acs           3 1.5875 7.0003 0.8918   31 0.3922      NA
    elitistants nnls dlb .PARENT.
389          NA   21   1      282

# 2025-03-21 13:54:00 -03: Elite configurations (first number is the configuration ID; listed from best to worst according to the sum of ranks):
    algorithm localsearch  alpha   beta    rho ants     q0 rasrank elitistants
389       acs           3 1.5875 7.0003 0.8918   31 0.3922      NA          NA
418       acs           3 1.1735 3.2766 0.8554   32 0.7326      NA          NA
303       acs           3 1.8481 8.9738 0.5445    7 0.8184      NA          NA
392       acs           3 1.7070 4.2501 0.7781   25 0.6117      NA          NA
375       acs           3 1.2197 5.0347 0.8543   26 0.7265      NA          NA
    nnls dlb
389   21   1
418   23   1
303   16   1
392   21   1
375   24   1
# 2025-03-21 13:54:00 -03: Iteration 8 of 8
# experimentsUsed: 2470
# remainingBudget: 30
# currentBudget: 30
# nbConfigurations: 6
# Markers:
     x No test is performed.
     c Configurations are discarded only due to capping.
     - The test is performed and some configurations are discarded.
     = The test is performed but no configuration is discarded.
     ! The test is performed and configurations could be discarded but elite configurations are preserved.
     . All alive configurations are elite and nothing is discarded.

+-+-----------+-----------+-----------+----------------+-----------+--------+-----+----+------+
| |   Instance|      Alive|       Best|       Mean best| Exp so far|  W time|  rho|KenW|  Qvar|
+-+-----------+-----------+-----------+----------------+-----------+--------+-----+----+------+
|x|         16|          6|        418|     32331705.00|          6|00:01:02|   NA|  NA|    NA|
|x|         13|          6|        418|     32325944.50|          7|00:00:10|+0.03|0.51|0.4901|
|x|          9|          6|        418|     32393408.33|          8|00:00:10|+0.12|0.42|0.6975|
|x|          8|          6|        418|     32411989.00|          9|00:00:10|+0.09|0.31|0.6834|
|=|          4|          6|        418|     32492279.00|         10|00:00:10|+0.06|0.25|0.7651|
|=|          7|          6|        418|     32498731.00|         11|00:00:10|+0.06|0.22|0.7417|
|=|          5|          6|        418|     32504772.71|         12|00:00:10|+0.14|0.27|0.7101|
|=|         15|          6|        418|     32501087.12|         13|00:00:10|+0.15|0.26|0.7110|
|=|         10|          6|        418|     32518181.78|         14|00:00:10|+0.12|0.22|0.7414|
|=|         12|          6|        418|     32547054.00|         15|00:00:10|+0.09|0.18|0.7597|
|=|         11|          6|        418|     32572070.82|         16|00:00:10|+0.04|0.13|0.7800|
|=|          1|          6|        418|     32566929.17|         17|00:00:10|+0.06|0.13|0.7571|
|=|         14|          6|        418|     32549437.31|         18|00:00:10|+0.01|0.08|0.8057|
|=|          2|          6|        418|     32552084.00|         19|00:00:10|-0.00|0.07|0.8158|
|=|          6|          6|        389|     32575933.27|         20|00:00:10|-0.03|0.04|0.8375|
|=|          3|          6|        389|     32577362.75|         21|00:00:10|-0.01|0.05|0.8226|
|=|         17|          6|        418|     32590206.18|         27|00:01:02|-0.02|0.04|0.8334|
+-+-----------+-----------+-----------+----------------+-----------+--------+-----+----+------+
Best-so-far configuration:         418    mean value:      32590206.18
Description of the best-so-far configuration:
    .ID. algorithm localsearch  alpha   beta    rho ants     q0 rasrank
418  418       acs           3 1.1735 3.2766 0.8554   32 0.7326      NA
    elitistants nnls dlb .PARENT.
418          NA   23   1      375

# 2025-03-21 13:58:41 -03: Elite configurations (first number is the configuration ID; listed from best to worst according to the sum of ranks):
    algorithm localsearch  alpha   beta    rho ants     q0 rasrank elitistants
418       acs           3 1.1735 3.2766 0.8554   32 0.7326      NA          NA
389       acs           3 1.5875 7.0003 0.8918   31 0.3922      NA          NA
303       acs           3 1.8481 8.9738 0.5445    7 0.8184      NA          NA
375       acs           3 1.2197 5.0347 0.8543   26 0.7265      NA          NA
392       acs           3 1.7070 4.2501 0.7781   25 0.6117      NA          NA
    nnls dlb
418   23   1
389   21   1
303   16   1
375   24   1
392   21   1
# 2025-03-21 13:58:41 -03: Stopped because there is not enough budget left to race more than the minimum (5).
# You may either increase the budget or set 'minNbSurvival' to a lower value.
# Iteration: 9
# nbIterations: 9
# experimentsUsed: 2497
# timeUsed: 0
# remainingBudget: 3
# currentBudget: 3
# number of elites: 5
# nbConfigurations: 5
# Total CPU user time: 25867.24, CPU sys time: 152.611, Wall-clock time: 26008.28
# 2025-03-21 13:58:41 -03: Starting post-selection:
# Configurations selected: 418, 389, 303.
# Pending instances: 0, 0, 0.
# 2025-03-21 13:58:41 -03: seed: 1091656882
# Configurations: 3
# Available experiments: 3
# minSurvival: 1
# Markers:
     x No test is performed.
     c Configurations are discarded only due to capping.
     - The test is performed and some configurations are discarded.
     = The test is performed but no configuration is discarded.
     ! The test is performed and configurations could be discarded but elite configurations are preserved.
     . All alive configurations are elite and nothing is discarded.

+-+-----------+-----------+-----------+----------------+-----------+--------+-----+----+------+
| |   Instance|      Alive|       Best|       Mean best| Exp so far|  W time|  rho|KenW|  Qvar|
+-+-----------+-----------+-----------+----------------+-----------+--------+-----+----+------+
|.|          2|          3|        389|     32551163.00|          0|00:00:00|   NA|  NA|    NA|
|.|         11|          3|        389|     32683922.50|          0|00:00:00|+1.00|1.00|0.0195|
|.|          1|          3|        389|     32632172.00|          0|00:00:00|-0.33|0.11|0.8905|
|.|         14|          3|        389|     32553286.75|          0|00:00:00|-0.08|0.19|0.7482|
|.|         15|          3|        389|     32534427.20|          0|00:00:00|-0.05|0.16|0.7368|
|.|          8|          3|        389|     32525251.00|          0|00:00:00|-0.10|0.08|0.7323|
|.|          4|          3|        389|     32577954.57|          0|00:00:00|-0.14|0.02|0.7676|
|.|          9|          3|        389|     32568845.12|          0|00:00:00|-0.07|0.06|0.7234|
|.|         16|          3|        389|     32552878.44|          0|00:00:00|-0.03|0.09|0.7142|
|.|          3|          3|        389|     32557471.10|          0|00:00:00|-0.07|0.04|0.7310|
|.|          5|          3|        389|     32558829.64|          0|00:00:00|-0.04|0.06|0.7134|
|.|          7|          3|        389|     32555732.25|          0|00:00:00|+0.01|0.09|0.6873|
|.|          6|          3|        389|     32567907.62|          0|00:00:00|-0.03|0.05|0.6958|
|.|         13|          3|        389|     32554935.36|          0|00:00:00|-0.04|0.04|0.6981|
|.|         17|          3|        389|     32582373.40|          0|00:00:00|-0.06|0.01|0.7080|
|.|         10|          3|        389|     32584431.19|          0|00:00:00|-0.05|0.02|0.7028|
|.|         12|          3|        389|     32600253.53|          0|00:00:00|-0.06|0.00|0.7070|
|=|         18|          3|        418|     32592885.39|          3|00:00:31|-0.06|0.00|0.7028|
+-+-----------+-----------+-----------+----------------+-----------+--------+-----+----+------+
Best-so-far configuration:         418    mean value:      32592885.39
Description of the best-so-far configuration:
    .ID. algorithm localsearch  alpha   beta    rho ants     q0 rasrank
418  418       acs           3 1.1735 3.2766 0.8554   32 0.7326      NA
    elitistants nnls dlb .PARENT.
418          NA   23   1      375

# 2025-03-21 13:59:12 -03: Elite configurations (first number is the configuration ID; listed from best to worst according to the sum of ranks):
    algorithm localsearch  alpha   beta    rho ants     q0 rasrank elitistants
418       acs           3 1.1735 3.2766 0.8554   32 0.7326      NA          NA
389       acs           3 1.5875 7.0003 0.8918   31 0.3922      NA          NA
303       acs           3 1.8481 8.9738 0.5445    7 0.8184      NA          NA
    nnls dlb
418   23   1
389   21   1
303   16   1
# Total CPU user time: 25898.26, CPU sys time: 152.807, Wall-clock time: 26039.47
    .ID. algorithm localsearch  alpha   beta    rho ants     q0 rasrank
418  418       acs           3 1.1735 3.2766 0.8554   32 0.7326      NA
389  389       acs           3 1.5875 7.0003 0.8918   31 0.3922      NA
303  303       acs           3 1.8481 8.9738 0.5445    7 0.8184      NA
    elitistants nnls dlb .PARENT. .RANK.  .WEIGHT.
418          NA   23   1      375     35 0.5000000
389          NA   21   1      282     36 0.3333333
303          NA   16   1      262     37 0.1666667
