# 2025-03-25 11:53:21 -03: Reading parameter file '/home/dianag/PruebasPablo/irace-runs/Runs-T/ACOTSP-SR/Run/SR_seed_7362819204/parameters.txt'.
# 2025-03-25 11:53:21 -03: 1 expression(s) specifying forbidden configurations read.
# 2025-03-25 11:53:22 -03: Initialization
# Elitist race
# Elitist new instances: 1
# Elitist limit: 2
# nbIterations: 5
# minNbSurvival: 5
# nbParameters: 11
# seed: 289553955
# confidence level: 0.95
# budget: 2500
# mu: 5
# deterministic: FALSE

# 2025-03-25 11:53:22 -03: Iteration 1 of 5
# experimentsUsed: 0
# remainingBudget: 2500
# currentBudget: 500
# nbConfigurations: 83
# Markers:
     x No test is performed.
     c Configurations are discarded only due to capping.
     - The test is performed and some configurations are discarded.
     = The test is performed but no configuration is discarded.
     ! The test is performed and configurations could be discarded but elite configurations are preserved.
     . All alive configurations are elite and nothing is discarded.

+-+-----------+-----------+-----------+----------------+-----------+--------+-----+----+------+
| |   Instance|      Alive|       Best|       Mean best| Exp so far|  W time|  rho|KenW|  Qvar|
+-+-----------+-----------+-----------+----------------+-----------+--------+-----+----+------+
|x|          1|         83|         50|     32582318.00|         83|00:14:29|   NA|  NA|    NA|
|x|          2|         83|         50|     32523734.50|        166|00:14:28|+0.99|0.99|0.0017|
|x|          3|         83|         50|     32602714.67|        249|00:14:28|+0.98|0.99|0.0019|
|x|          4|         83|         50|     32566776.25|        332|00:14:29|+0.98|0.98|0.0018|
|-|          5|          4|         50|     32560256.40|        415|00:14:25|+0.36|0.49|0.4760|
+-+-----------+-----------+-----------+----------------+-----------+--------+-----+----+------+
Best-so-far configuration:          50    mean value:      32560256.40
Description of the best-so-far configuration:
   .ID. algorithm localsearch  alpha   beta    rho ants q0 rasrank elitistants
50   50      mmas           3 1.0964 5.4796 0.7734   85 NA      NA          NA
   nnls dlb .PARENT.
50   24   1       NA

# 2025-03-25 13:05:42 -03: Elite configurations (first number is the configuration ID; listed from best to worst according to the sum of ranks):
   algorithm localsearch  alpha   beta    rho ants     q0 rasrank elitistants
50      mmas           3 1.0964 5.4796 0.7734   85     NA      NA          NA
2        acs           3 3.0495 8.1359 0.8198   56 0.5322      NA          NA
65       acs           3 4.8855 5.4015 0.3325   13 0.9306      NA          NA
55       acs           3 4.2214 1.7296 0.4021   25 0.2041      NA          NA
   nnls dlb
50   24   1
2    19   0
65   16   1
55    7   1
# 2025-03-25 13:05:42 -03: Iteration 2 of 5
# experimentsUsed: 415
# remainingBudget: 2085
# currentBudget: 521
# nbConfigurations: 77
# Markers:
     x No test is performed.
     c Configurations are discarded only due to capping.
     - The test is performed and some configurations are discarded.
     = The test is performed but no configuration is discarded.
     ! The test is performed and configurations could be discarded but elite configurations are preserved.
     . All alive configurations are elite and nothing is discarded.

+-+-----------+-----------+-----------+----------------+-----------+--------+-----+----+------+
| |   Instance|      Alive|       Best|       Mean best| Exp so far|  W time|  rho|KenW|  Qvar|
+-+-----------+-----------+-----------+----------------+-----------+--------+-----+----+------+
|x|          6|         77|         50|     32979233.00|         77|00:13:22|   NA|  NA|    NA|
|x|          5|         77|         50|     32756705.00|        150|00:12:36|+0.95|0.98|0.0041|
|x|          2|         77|         50|     32659520.33|        223|00:12:35|+0.96|0.97|0.0051|
|x|          4|         77|         50|     32609380.50|        296|00:12:37|+0.96|0.97|0.0053|
|-|          1|          7|         50|     32603968.00|        369|00:12:38|+0.33|0.46|0.5414|
|-|          3|          4|         50|     32630085.83|        372|00:00:31|+0.16|0.30|0.6042|
+-+-----------+-----------+-----------+----------------+-----------+--------+-----+----+------+
Best-so-far configuration:          50    mean value:      32630085.83
Description of the best-so-far configuration:
   .ID. algorithm localsearch  alpha   beta    rho ants q0 rasrank elitistants
50   50      mmas           3 1.0964 5.4796 0.7734   85 NA      NA          NA
   nnls dlb .PARENT.
50   24   1       NA

# 2025-03-25 14:10:05 -03: Elite configurations (first number is the configuration ID; listed from best to worst according to the sum of ranks):
    algorithm localsearch  alpha   beta    rho ants     q0 rasrank elitistants
50       mmas           3 1.0964 5.4796 0.7734   85     NA      NA          NA
94        acs           3 1.9855 4.0335 0.5382   22 0.5471      NA          NA
2         acs           3 3.0495 8.1359 0.8198   56 0.5322      NA          NA
125       acs           3 3.4894 7.2556 0.9077   52 0.2665      NA          NA
    nnls dlb
50    24   1
94    11   1
2     19   0
125   14   0
# 2025-03-25 14:10:05 -03: Iteration 3 of 5
# experimentsUsed: 787
# remainingBudget: 1713
# currentBudget: 571
# nbConfigurations: 74
# Markers:
     x No test is performed.
     c Configurations are discarded only due to capping.
     - The test is performed and some configurations are discarded.
     = The test is performed but no configuration is discarded.
     ! The test is performed and configurations could be discarded but elite configurations are preserved.
     . All alive configurations are elite and nothing is discarded.

+-+-----------+-----------+-----------+----------------+-----------+--------+-----+----+------+
| |   Instance|      Alive|       Best|       Mean best| Exp so far|  W time|  rho|KenW|  Qvar|
+-+-----------+-----------+-----------+----------------+-----------+--------+-----+----+------+
|x|          7|         74|        159|     32207483.00|         74|00:12:48|   NA|  NA|    NA|
|x|          1|         74|        187|     32423444.50|        144|00:12:08|+0.89|0.95|0.0026|
|x|          3|         74|         50|     32547931.67|        214|00:12:04|+0.91|0.94|0.0020|
|x|          2|         74|         50|     32527236.50|        284|00:12:06|+0.91|0.94|0.0020|
|-|          4|         10|        167|     32503188.80|        354|00:12:04|+0.13|0.30|0.7828|
|=|          6|         10|         50|     32591190.00|        360|00:01:02|+0.11|0.26|0.7505|
|=|          5|         10|         50|     32583045.29|        366|00:01:01|+0.12|0.25|0.7363|
|-|          8|          6|        167|     32549517.00|        376|00:01:43|-0.05|0.08|0.8837|
|=|          9|          6|        167|     32545219.33|        382|00:01:02|+0.00|0.11|0.8360|
|=|         10|          6|         50|     32540810.80|        388|00:01:01|-0.04|0.07|0.8701|
+-+-----------+-----------+-----------+----------------+-----------+--------+-----+----+------+
Best-so-far configuration:          50    mean value:      32540810.80
Description of the best-so-far configuration:
   .ID. algorithm localsearch  alpha   beta    rho ants q0 rasrank elitistants
50   50      mmas           3 1.0964 5.4796 0.7734   85 NA      NA          NA
   nnls dlb .PARENT.
50   24   1       NA

# 2025-03-25 15:17:09 -03: Elite configurations (first number is the configuration ID; listed from best to worst according to the sum of ranks):
    algorithm localsearch  alpha   beta    rho ants     q0 rasrank elitistants
50       mmas           3 1.0964 5.4796 0.7734   85     NA      NA          NA
167       acs           3 1.2967 4.4450 0.4453   30 0.2521      NA          NA
159       acs           3 2.6993 9.6666 0.6104   37 0.6052      NA          NA
94        acs           3 1.9855 4.0335 0.5382   22 0.5471      NA          NA
187      mmas           3 1.1028 2.7323 0.6953   88     NA      NA          NA
    nnls dlb
50    24   1
167    9   1
159   25   1
94    11   1
187   24   1
# 2025-03-25 15:17:09 -03: Iteration 4 of 5
# experimentsUsed: 1175
# remainingBudget: 1325
# currentBudget: 662
# nbConfigurations: 64
# Markers:
     x No test is performed.
     c Configurations are discarded only due to capping.
     - The test is performed and some configurations are discarded.
     = The test is performed but no configuration is discarded.
     ! The test is performed and configurations could be discarded but elite configurations are preserved.
     . All alive configurations are elite and nothing is discarded.

+-+-----------+-----------+-----------+----------------+-----------+--------+-----+----+------+
| |   Instance|      Alive|       Best|       Mean best| Exp so far|  W time|  rho|KenW|  Qvar|
+-+-----------+-----------+-----------+----------------+-----------+--------+-----+----+------+
|x|         11|         64|        252|     32598482.00|         64|00:11:04|   NA|  NA|    NA|
|x|         10|         64|         94|     32534920.50|        123|00:10:12|+0.94|0.97|0.0018|
|x|          3|         64|        256|     32597659.67|        182|00:10:12|+0.92|0.95|0.0025|
|x|          9|         64|        256|     32575584.00|        241|00:10:13|+0.92|0.94|0.0031|
|-|          7|         14|        232|     32527699.60|        300|00:10:13|-0.07|0.14|0.9965|
|=|          1|         14|        232|     32538183.00|        309|00:01:33|-0.07|0.11|0.9920|
|=|          4|         14|        232|     32516075.00|        318|00:01:33|-0.03|0.12|0.9508|
|=|          6|         14|        232|     32575369.62|        327|00:01:33|+0.03|0.15|0.8878|
|=|          8|         14|        245|     32545065.44|        336|00:01:33|+0.02|0.13|0.8943|
|=|          2|         14|        245|     32535292.40|        345|00:01:34|+0.02|0.12|0.9038|
|=|          5|         14|        245|     32536975.45|        354|00:01:33|+0.03|0.12|0.8972|
|=|         12|         14|        245|     32530391.17|        368|00:02:25|+0.04|0.12|0.8872|
+-+-----------+-----------+-----------+----------------+-----------+--------+-----+----+------+
Best-so-far configuration:         245    mean value:      32530391.17
Description of the best-so-far configuration:
    .ID. algorithm localsearch  alpha   beta   rho ants     q0 rasrank
245  245       acs           3 2.6182 6.0409 0.482   56 0.6701      NA
    elitistants nnls dlb .PARENT.
245          NA   13   1       94

# 2025-03-25 16:20:53 -03: Elite configurations (first number is the configuration ID; listed from best to worst according to the sum of ranks):
    algorithm localsearch  alpha   beta    rho ants     q0 rasrank elitistants
245       acs           3 2.6182 6.0409 0.4820   56 0.6701      NA          NA
167       acs           3 1.2967 4.4450 0.4453   30 0.2521      NA          NA
232       acs           3 3.1622 5.9121 0.6237   67 0.5605      NA          NA
256       acs           3 2.3914 9.9082 0.6195   36 0.5633      NA          NA
50       mmas           3 1.0964 5.4796 0.7734   85     NA      NA          NA
    nnls dlb
245   13   1
167    9   1
232   33   1
256   22   1
50    24   1
# 2025-03-25 16:20:53 -03: Iteration 5 of 5
# experimentsUsed: 1543
# remainingBudget: 957
# currentBudget: 957
# nbConfigurations: 78
# Markers:
     x No test is performed.
     c Configurations are discarded only due to capping.
     - The test is performed and some configurations are discarded.
     = The test is performed but no configuration is discarded.
     ! The test is performed and configurations could be discarded but elite configurations are preserved.
     . All alive configurations are elite and nothing is discarded.

+-+-----------+-----------+-----------+----------------+-----------+--------+-----+----+------+
| |   Instance|      Alive|       Best|       Mean best| Exp so far|  W time|  rho|KenW|  Qvar|
+-+-----------+-----------+-----------+----------------+-----------+--------+-----+----+------+
|x|         13|         78|        296|     32332012.00|         78|00:13:30|   NA|  NA|    NA|
|x|          7|         78|        296|     32263092.50|        151|00:12:35|+0.55|0.77|0.0850|
|x|         11|         78|        328|     32402298.00|        224|00:12:35|+0.58|0.72|0.0885|
|x|         10|         78|        353|     32425804.25|        297|00:12:36|+0.61|0.71|0.0791|
|-|          3|         34|        353|     32501334.00|        370|00:12:35|-0.10|0.12|1.0889|
|=|          5|         34|        345|     32507078.67|        399|00:05:01|-0.06|0.12|1.0442|
|=|          4|         34|        318|     32489267.86|        428|00:05:00|-0.03|0.12|1.0104|
|=|          9|         34|        345|     32482283.25|        457|00:05:01|-0.02|0.11|0.9797|
|=|          2|         34|        345|     32482937.11|        486|00:05:00|+0.00|0.12|0.9566|
|=|          1|         34|        323|     32492842.20|        515|00:05:00|+0.01|0.11|0.9542|
|-|         12|         22|        323|     32486872.82|        544|00:05:00|-0.01|0.08|0.9671|
|=|          6|         22|        296|     32531063.92|        561|00:02:55|-0.02|0.06|0.9776|
|=|          8|         22|        323|     32515812.54|        578|00:02:56|-0.02|0.06|0.9697|
|=|         14|         22|        296|     32507183.79|        600|00:03:47|+0.00|0.07|0.9582|
+-+-----------+-----------+-----------+----------------+-----------+--------+-----+----+------+
Best-so-far configuration:         296    mean value:      32507183.79
Description of the best-so-far configuration:
    .ID. algorithm localsearch  alpha   beta    rho ants     q0 rasrank
296  296       acs           3 2.5895 6.1762 0.4199   56 0.7336      NA
    elitistants nnls dlb .PARENT.
296          NA   10   1      245

# 2025-03-25 18:04:31 -03: Elite configurations (first number is the configuration ID; listed from best to worst according to the sum of ranks):
    algorithm localsearch  alpha   beta    rho ants     q0 rasrank elitistants
296       acs           3 2.5895 6.1762 0.4199   56 0.7336      NA          NA
323       acs           3 2.3246 5.9838 0.5349   50 0.8496      NA          NA
245       acs           3 2.6182 6.0409 0.4820   56 0.6701      NA          NA
318       acs           3 2.7572 5.7593 0.4559   58 0.7231      NA          NA
345       acs           3 1.8603 5.5097 0.4808   56 0.8278      NA          NA
    nnls dlb
296   10   1
323   15   1
245   13   1
318   11   1
345   17   1
# 2025-03-25 18:04:31 -03: Iteration 6 of 6
# experimentsUsed: 2143
# remainingBudget: 357
# currentBudget: 357
# nbConfigurations: 28
# Markers:
     x No test is performed.
     c Configurations are discarded only due to capping.
     - The test is performed and some configurations are discarded.
     = The test is performed but no configuration is discarded.
     ! The test is performed and configurations could be discarded but elite configurations are preserved.
     . All alive configurations are elite and nothing is discarded.

+-+-----------+-----------+-----------+----------------+-----------+--------+-----+----+------+
| |   Instance|      Alive|       Best|       Mean best| Exp so far|  W time|  rho|KenW|  Qvar|
+-+-----------+-----------+-----------+----------------+-----------+--------+-----+----+------+
|x|         15|         28|        376|     32667683.00|         28|00:04:52|   NA|  NA|    NA|
|x|          1|         28|        245|     32630013.50|         51|00:03:57|+0.51|0.75|0.4588|
|x|         11|         28|        361|     32623425.00|         74|00:03:58|+0.46|0.64|0.4866|
|x|         10|         28|        361|     32577561.00|         97|00:03:58|+0.39|0.54|0.5414|
|-|         14|         11|        361|     32531372.80|        120|00:03:58|-0.15|0.08|0.9906|
|=|          6|         11|        361|     32617513.33|        126|00:01:02|-0.11|0.07|0.9768|
|=|         13|         11|        245|     32593458.43|        132|00:01:02|-0.07|0.08|0.9696|
|=|          2|         11|        245|     32575193.00|        138|00:01:02|-0.07|0.07|0.9541|
|=|          5|         11|        296|     32570325.67|        144|00:01:02|-0.05|0.06|0.9346|
|=|          7|         11|        296|     32532710.40|        150|00:01:02|-0.02|0.09|0.9076|
|=|          9|         11|        296|     32528598.91|        156|00:01:02|-0.03|0.07|0.9188|
|=|         12|         11|        296|     32515994.17|        162|00:01:02|+0.00|0.09|0.8848|
|=|          8|         11|        296|     32501860.38|        168|00:01:02|+0.02|0.10|0.8726|
|=|          4|         11|        296|     32500887.71|        174|00:01:01|+0.01|0.09|0.8860|
|=|          3|         11|        361|     32520924.40|        180|00:01:02|+0.03|0.10|0.8694|
|=|         16|         11|        345|     32545231.75|        191|00:01:54|+0.05|0.10|0.8677|
+-+-----------+-----------+-----------+----------------+-----------+--------+-----+----+------+
Best-so-far configuration:         345    mean value:      32545231.75
Description of the best-so-far configuration:
    .ID. algorithm localsearch  alpha   beta    rho ants     q0 rasrank
345  345       acs           3 1.8603 5.5097 0.4808   56 0.8278      NA
    elitistants nnls dlb .PARENT.
345          NA   17   1      245

# 2025-03-25 18:37:33 -03: Elite configurations (first number is the configuration ID; listed from best to worst according to the sum of ranks):
    algorithm localsearch  alpha   beta    rho ants     q0 rasrank elitistants
345       acs           3 1.8603 5.5097 0.4808   56 0.8278      NA          NA
296       acs           3 2.5895 6.1762 0.4199   56 0.7336      NA          NA
361       acs           3 2.7515 5.8139 0.4389   58 0.6989      NA          NA
372       acs           3 1.9573 6.6437 0.5314   49 0.7991      NA          NA
323       acs           3 2.3246 5.9838 0.5349   50 0.8496      NA          NA
    nnls dlb
345   17   1
296   10   1
361   12   1
372   19   1
323   15   1
# 2025-03-25 18:37:33 -03: Iteration 7 of 7
# experimentsUsed: 2334
# remainingBudget: 166
# currentBudget: 166
# nbConfigurations: 14
# Markers:
     x No test is performed.
     c Configurations are discarded only due to capping.
     - The test is performed and some configurations are discarded.
     = The test is performed but no configuration is discarded.
     ! The test is performed and configurations could be discarded but elite configurations are preserved.
     . All alive configurations are elite and nothing is discarded.

+-+-----------+-----------+-----------+----------------+-----------+--------+-----+----+------+
| |   Instance|      Alive|       Best|       Mean best| Exp so far|  W time|  rho|KenW|  Qvar|
+-+-----------+-----------+-----------+----------------+-----------+--------+-----+----+------+
|x|         17|         14|        361|     32810375.00|         14|00:02:26|   NA|  NA|    NA|
|x|         13|         14|        372|     32622307.00|         23|00:01:34|+0.28|0.64|0.2387|
|x|          6|         14|        372|     32743144.00|         32|00:01:33|+0.48|0.65|0.2201|
|x|          8|         14|        385|     32633002.75|         41|00:01:34|+0.36|0.52|0.2728|
|-|          4|         11|        361|     32595369.40|         50|00:01:33|-0.09|0.12|1.0416|
|=|          7|         11|        372|     32531929.83|         56|00:01:01|-0.06|0.12|0.9876|
|=|         10|         11|        361|     32523054.43|         62|00:01:02|-0.04|0.11|0.9385|
|=|          1|         11|        361|     32530748.12|         68|00:01:02|-0.00|0.12|0.9082|
|=|          2|         11|        372|     32526072.22|         74|00:01:02|+0.05|0.16|0.8519|
|=|          9|         11|        323|     32520154.50|         80|00:01:02|-0.01|0.10|0.8978|
|=|          5|         11|        296|     32517297.55|         86|00:01:02|+0.00|0.09|0.8902|
|=|         14|         11|        296|     32507152.00|         92|00:01:02|+0.03|0.11|0.8570|
|=|          3|         11|        361|     32528662.92|         98|00:01:02|+0.03|0.11|0.8418|
|=|         16|         11|        296|     32554268.79|        104|00:01:02|+0.03|0.10|0.8487|
|=|         12|         11|        296|     32542473.67|        110|00:01:02|+0.05|0.11|0.8425|
|=|         15|         11|        296|     32555077.00|        116|00:01:02|+0.04|0.10|0.8547|
|=|         11|         11|        323|     32564109.12|        122|00:01:02|+0.04|0.09|0.8625|
|=|         18|         11|        361|     32558149.11|        133|00:01:53|+0.04|0.09|0.8581|
+-+-----------+-----------+-----------+----------------+-----------+--------+-----+----+------+
Best-so-far configuration:         361    mean value:      32558149.11
Description of the best-so-far configuration:
    .ID. algorithm localsearch  alpha   beta    rho ants     q0 rasrank
361  361       acs           3 2.7515 5.8139 0.4389   58 0.6989      NA
    elitistants nnls dlb .PARENT.
361          NA   12   1      318

# 2025-03-25 19:00:36 -03: Elite configurations (first number is the configuration ID; listed from best to worst according to the sum of ranks):
    algorithm localsearch  alpha   beta    rho ants     q0 rasrank elitistants
361       acs           3 2.7515 5.8139 0.4389   58 0.6989      NA          NA
372       acs           3 1.9573 6.6437 0.5314   49 0.7991      NA          NA
323       acs           3 2.3246 5.9838 0.5349   50 0.8496      NA          NA
296       acs           3 2.5895 6.1762 0.4199   56 0.7336      NA          NA
385       acs           3 2.1045 4.8231 0.5310   60 0.8331      NA          NA
    nnls dlb
361   12   1
372   19   1
323   15   1
296   10   1
385   12   1
# 2025-03-25 19:00:36 -03: Iteration 8 of 8
# experimentsUsed: 2467
# remainingBudget: 33
# currentBudget: 33
# nbConfigurations: 6
# Markers:
     x No test is performed.
     c Configurations are discarded only due to capping.
     - The test is performed and some configurations are discarded.
     = The test is performed but no configuration is discarded.
     ! The test is performed and configurations could be discarded but elite configurations are preserved.
     . All alive configurations are elite and nothing is discarded.

+-+-----------+-----------+-----------+----------------+-----------+--------+-----+----+------+
| |   Instance|      Alive|       Best|       Mean best| Exp so far|  W time|  rho|KenW|  Qvar|
+-+-----------+-----------+-----------+----------------+-----------+--------+-----+----+------+
|x|         19|          6|        296|     32428481.00|          6|00:01:02|   NA|  NA|    NA|
|x|          3|          6|        385|     32596136.50|          7|00:00:10|-0.83|0.09|1.3971|
|x|          6|          6|        385|     32730118.67|          8|00:00:10|-0.22|0.19|0.8891|
|x|         16|          6|        385|     32754975.25|          9|00:00:10|+0.01|0.26|0.7049|
|=|          4|          6|        385|     32690496.60|         10|00:00:10|-0.06|0.15|0.8036|
|=|         13|          6|        385|     32648173.50|         11|00:00:10|-0.04|0.14|0.8381|
|=|          2|          6|        372|     32613796.57|         12|00:00:10|-0.07|0.09|0.8866|
|=|          8|          6|        385|     32579120.12|         13|00:00:10|-0.10|0.04|0.9092|
|=|         10|          6|        385|     32564068.22|         14|00:00:10|-0.10|0.02|0.9110|
|=|          7|          6|        296|     32535053.80|         15|00:00:10|-0.07|0.04|0.8879|
|=|         18|          6|        296|     32538957.82|         16|00:00:10|-0.07|0.03|0.8948|
|=|         17|          6|        296|     32565250.67|         17|00:00:10|-0.06|0.03|0.8776|
|=|         15|          6|        372|     32579868.15|         18|00:00:10|-0.07|0.02|0.8726|
|=|         12|          6|        296|     32564605.50|         19|00:00:10|-0.05|0.02|0.8614|
|=|         14|          6|        296|     32553335.20|         20|00:00:10|-0.03|0.03|0.8425|
|=|          5|          6|        296|     32551389.00|         21|00:00:10|-0.02|0.05|0.8379|
|=|         11|          6|        361|     32553256.41|         22|00:00:10|-0.02|0.04|0.8281|
|=|          9|          6|        361|     32552574.11|         23|00:00:10|-0.04|0.02|0.8501|
|=|          1|          6|        296|     32555122.00|         24|00:00:10|-0.02|0.03|0.8382|
|=|         20|          6|        296|     32565856.20|         30|00:01:02|-0.01|0.04|0.8321|
+-+-----------+-----------+-----------+----------------+-----------+--------+-----+----+------+
Best-so-far configuration:         296    mean value:      32565856.20
Description of the best-so-far configuration:
    .ID. algorithm localsearch  alpha   beta    rho ants     q0 rasrank
296  296       acs           3 2.5895 6.1762 0.4199   56 0.7336      NA
    elitistants nnls dlb .PARENT.
296          NA   10   1      245

# 2025-03-25 19:05:48 -03: Elite configurations (first number is the configuration ID; listed from best to worst according to the sum of ranks):
    algorithm localsearch  alpha   beta    rho ants     q0 rasrank elitistants
296       acs           3 2.5895 6.1762 0.4199   56 0.7336      NA          NA
361       acs           3 2.7515 5.8139 0.4389   58 0.6989      NA          NA
372       acs           3 1.9573 6.6437 0.5314   49 0.7991      NA          NA
323       acs           3 2.3246 5.9838 0.5349   50 0.8496      NA          NA
385       acs           3 2.1045 4.8231 0.5310   60 0.8331      NA          NA
    nnls dlb
296   10   1
361   12   1
372   19   1
323   15   1
385   12   1
# 2025-03-25 19:05:48 -03: Stopped because there is not enough budget left to race more than the minimum (5).
# You may either increase the budget or set 'minNbSurvival' to a lower value.
# Iteration: 9
# nbIterations: 9
# experimentsUsed: 2497
# timeUsed: 0
# remainingBudget: 3
# currentBudget: 3
# number of elites: 5
# nbConfigurations: 5
# Total CPU user time: 25805.13, CPU sys time: 153.039, Wall-clock time: 25946.88
# 2025-03-25 19:05:48 -03: Starting post-selection:
# Configurations selected: 296, 361, 372.
# Pending instances: 0, 0, 0.
# 2025-03-25 19:05:49 -03: seed: 289553955
# Configurations: 3
# Available experiments: 3
# minSurvival: 1
# Markers:
     x No test is performed.
     c Configurations are discarded only due to capping.
     - The test is performed and some configurations are discarded.
     = The test is performed but no configuration is discarded.
     ! The test is performed and configurations could be discarded but elite configurations are preserved.
     . All alive configurations are elite and nothing is discarded.

+-+-----------+-----------+-----------+----------------+-----------+--------+-----+----+------+
| |   Instance|      Alive|       Best|       Mean best| Exp so far|  W time|  rho|KenW|  Qvar|
+-+-----------+-----------+-----------+----------------+-----------+--------+-----+----+------+
|.|          3|          3|        372|     32737362.00|          0|00:00:00|   NA|  NA|    NA|
|.|         15|          3|        372|     32727339.50|          0|00:00:00|+0.50|0.75|0.1442|
|.|         13|          3|        372|     32623067.67|          0|00:00:00|-0.33|0.11|0.8901|
|.|         11|          3|        372|     32619734.25|          0|00:00:00|-0.08|0.19|0.6915|
|.|          5|          3|        372|     32605465.80|          0|00:00:00|-0.20|0.04|0.7991|
|.|          7|          3|        372|     32541835.17|          0|00:00:00|-0.20|0.00|0.7999|
|.|         18|          3|        372|     32547751.29|          0|00:00:00|-0.14|0.02|0.7626|
|.|          1|          3|        372|     32552134.38|          0|00:00:00|-0.12|0.02|0.7539|
|.|         20|          3|        372|     32576890.44|          0|00:00:00|-0.08|0.04|0.7330|
|.|          2|          3|        372|     32560675.30|          0|00:00:00|-0.07|0.04|0.7215|
|.|          4|          3|        372|     32545760.09|          0|00:00:00|-0.09|0.01|0.7291|
|.|          6|          3|        372|     32582348.25|          0|00:00:00|-0.08|0.01|0.7138|
|.|         12|          3|        372|     32572950.31|          0|00:00:00|-0.06|0.02|0.7076|
|.|         10|          3|        372|     32570990.71|          0|00:00:00|-0.05|0.02|0.7083|
|.|         14|          3|        372|     32559935.00|          0|00:00:00|-0.06|0.01|0.7111|
|.|          8|          3|        372|     32546305.12|          0|00:00:00|-0.05|0.02|0.7071|
|.|         19|          3|        372|     32543666.71|          0|00:00:00|-0.03|0.03|0.6981|
|.|          9|          3|        372|     32543328.39|          0|00:00:00|-0.02|0.04|0.6879|
|.|         16|          3|        372|     32559314.95|          0|00:00:00|+0.00|0.05|0.6830|
|.|         17|          3|        372|     32572853.70|          0|00:00:00|-0.02|0.03|0.6910|
|=|         21|          3|        296|     32561230.67|          3|00:00:30|-0.02|0.03|0.6908|
+-+-----------+-----------+-----------+----------------+-----------+--------+-----+----+------+
Best-so-far configuration:         296    mean value:      32561230.67
Description of the best-so-far configuration:
    .ID. algorithm localsearch  alpha   beta    rho ants     q0 rasrank
296  296       acs           3 2.5895 6.1762 0.4199   56 0.7336      NA
    elitistants nnls dlb .PARENT.
296          NA   10   1      245

# 2025-03-25 19:06:20 -03: Elite configurations (first number is the configuration ID; listed from best to worst according to the sum of ranks):
    algorithm localsearch  alpha   beta    rho ants     q0 rasrank elitistants
296       acs           3 2.5895 6.1762 0.4199   56 0.7336      NA          NA
361       acs           3 2.7515 5.8139 0.4389   58 0.6989      NA          NA
372       acs           3 1.9573 6.6437 0.5314   49 0.7991      NA          NA
    nnls dlb
296   10   1
361   12   1
372   19   1
# Total CPU user time: 25835.97, CPU sys time: 153.218, Wall-clock time: 25977.89
    .ID. algorithm localsearch  alpha   beta    rho ants     q0 rasrank
296  296       acs           3 2.5895 6.1762 0.4199   56 0.7336      NA
361  361       acs           3 2.7515 5.8139 0.4389   58 0.6989      NA
372  372       acs           3 1.9573 6.6437 0.5314   49 0.7991      NA
    elitistants nnls dlb .PARENT. .RANK.  .WEIGHT.
296          NA   10   1      245     38 0.5000000
361          NA   12   1      318     44 0.3333333
372          NA   19   1      323     44 0.1666667
