# 2025-03-20 01:49:55 -03: Reading parameter file '/home/dianag/PruebasPablo/irace-runs/Runs-T/ACOTSP-N/Run/N_seed_192837465/parameters.txt'.
# 2025-03-20 01:49:55 -03: 1 expression(s) specifying forbidden configurations read.
# 2025-03-20 01:49:56 -03: Initialization
# Elitist race
# Elitist new instances: 1
# Elitist limit: 2
# nbIterations: 5
# minNbSurvival: 5
# nbParameters: 11
# seed: 192837465
# confidence level: 0.95
# budget: 2500
# mu: 5
# deterministic: FALSE

# 2025-03-20 01:49:56 -03: Iteration 1 of 5
# experimentsUsed: 0
# remainingBudget: 2500
# currentBudget: 500
# nbConfigurations: 83
# Markers:
     x No test is performed.
     c Configurations are discarded only due to capping.
     - The test is performed and some configurations are discarded.
     = The test is performed but no configuration is discarded.
     ! The test is performed and configurations could be discarded but elite configurations are preserved.
     . All alive configurations are elite and nothing is discarded.

+-+-----------+-----------+-----------+----------------+-----------+--------+-----+----+------+
| |   Instance|      Alive|       Best|       Mean best| Exp so far|  W time|  rho|KenW|  Qvar|
+-+-----------+-----------+-----------+----------------+-----------+--------+-----+----+------+
|x|          1|         83|          2|     32568904.00|         83|00:14:29|   NA|  NA|    NA|
|x|          2|         83|          5|     32606372.00|        166|00:14:28|+0.99|0.99|0.0016|
|x|          3|         83|          5|     32651398.00|        249|00:14:29|+0.98|0.99|0.0029|
|x|          4|         83|         76|     32620430.00|        332|00:14:29|+0.98|0.99|0.0029|
|-|          5|          4|         76|     32570466.20|        415|00:14:19|+0.04|0.23|0.7225|
+-+-----------+-----------+-----------+----------------+-----------+--------+-----+----+------+
Best-so-far configuration:          76    mean value:      32570466.20
Description of the best-so-far configuration:
   .ID. algorithm localsearch  alpha   beta    rho ants     q0 rasrank
76   76       acs           3 4.8887 1.7934 0.9045   69 0.4595      NA
   elitistants nnls dlb .PARENT.
76          NA    9   1       NA

# 2025-03-20 03:02:12 -03: Elite configurations (first number is the configuration ID; listed from best to worst according to the sum of ranks):
   algorithm localsearch  alpha   beta    rho ants     q0 rasrank elitistants
76       acs           3 4.8887 1.7934 0.9045   69 0.4595      NA          NA
2        eas           3 1.0997 1.7152 0.4482   46     NA      NA         213
5        acs           3 4.2247 5.4652 0.8195   58 0.6860      NA          NA
62       acs           3 3.0528 4.6840 0.4018   24 0.0767      NA          NA
   nnls dlb
76    9   1
2    14   1
5    20   1
62    6   0
# 2025-03-20 03:02:12 -03: Iteration 2 of 5
# experimentsUsed: 415
# remainingBudget: 2085
# currentBudget: 521
# nbConfigurations: 77
# Markers:
     x No test is performed.
     c Configurations are discarded only due to capping.
     - The test is performed and some configurations are discarded.
     = The test is performed but no configuration is discarded.
     ! The test is performed and configurations could be discarded but elite configurations are preserved.
     . All alive configurations are elite and nothing is discarded.

+-+-----------+-----------+-----------+----------------+-----------+--------+-----+----+------+
| |   Instance|      Alive|       Best|       Mean best| Exp so far|  W time|  rho|KenW|  Qvar|
+-+-----------+-----------+-----------+----------------+-----------+--------+-----+----+------+
|x|          6|         77|        106|     32205064.00|         77|00:13:22|   NA|  NA|    NA|
|x|          1|         77|        128|     32388647.00|        150|00:12:40|+0.98|0.99|0.0030|
|x|          5|         77|        128|     32360645.67|        223|00:12:43|+0.97|0.98|0.0021|
|x|          4|         77|        128|     32418627.50|        296|00:12:41|+0.98|0.98|0.0018|
|-|          3|          8|        128|     32466798.60|        369|00:12:42|+0.22|0.37|0.6390|
|=|          2|          8|        106|     32509874.50|        373|00:00:41|+0.13|0.27|0.7468|
|=|          7|          8|        106|     32508239.00|        381|00:01:22|+0.10|0.23|0.8014|
+-+-----------+-----------+-----------+----------------+-----------+--------+-----+----+------+
Best-so-far configuration:         106    mean value:      32508239.00
Description of the best-so-far configuration:
    .ID. algorithm localsearch alpha   beta    rho ants     q0 rasrank
106  106       acs           3  2.12 7.7342 0.7183   51 0.3003      NA
    elitistants nnls dlb .PARENT.
106          NA   20   1       76

# 2025-03-20 04:08:27 -03: Elite configurations (first number is the configuration ID; listed from best to worst according to the sum of ranks):
    algorithm localsearch  alpha   beta    rho ants     q0 rasrank elitistants
106       acs           3 2.1200 7.7342 0.7183   51 0.3003      NA          NA
128       acs           3 4.2047 4.6676 0.8392   72 0.0313      NA          NA
127       acs           3 1.4724 2.3832 0.3685   10 0.0992      NA          NA
76        acs           3 4.8887 1.7934 0.9045   69 0.4595      NA          NA
150       acs           3 2.1313 2.5171 0.7307   45 0.4039      NA          NA
    nnls dlb
106   20   1
128   27   1
127    8   1
76     9   1
150    7   0
# 2025-03-20 04:08:27 -03: Iteration 3 of 5
# experimentsUsed: 796
# remainingBudget: 1704
# currentBudget: 568
# nbConfigurations: 75
# Markers:
     x No test is performed.
     c Configurations are discarded only due to capping.
     - The test is performed and some configurations are discarded.
     = The test is performed but no configuration is discarded.
     ! The test is performed and configurations could be discarded but elite configurations are preserved.
     . All alive configurations are elite and nothing is discarded.

+-+-----------+-----------+-----------+----------------+-----------+--------+-----+----+------+
| |   Instance|      Alive|       Best|       Mean best| Exp so far|  W time|  rho|KenW|  Qvar|
+-+-----------+-----------+-----------+----------------+-----------+--------+-----+----+------+
|x|          8|         75|        182|     32397164.00|         75|00:12:55|   NA|  NA|    NA|
|x|          7|         75|        106|     32449273.50|        145|00:12:03|+0.96|0.98|0.0045|
|x|          2|         75|        182|     32502786.33|        215|00:12:02|+0.96|0.97|0.0037|
|x|          3|         75|        182|     32551969.50|        285|00:12:04|+0.96|0.97|0.0029|
|-|          1|         10|        182|     32549291.20|        355|00:12:11|-0.05|0.16|1.0083|
|=|          5|         10|        182|     32511342.33|        360|00:00:52|-0.03|0.14|0.9677|
|=|          4|         10|        182|     32518838.00|        365|00:00:52|+0.04|0.18|0.9021|
|=|          6|         10|        182|     32481058.00|        370|00:00:52|+0.09|0.20|0.8487|
|-|          9|          4|        182|     32473125.67|        380|00:01:44|+0.15|0.24|0.7455|
+-+-----------+-----------+-----------+----------------+-----------+--------+-----+----+------+
Best-so-far configuration:         182    mean value:      32473125.67
Description of the best-so-far configuration:
    .ID. algorithm localsearch alpha  beta   rho ants     q0 rasrank
182  182       acs           3 4.615 5.204 0.959   77 0.0859      NA
    elitistants nnls dlb .PARENT.
182          NA   12   1       76

# 2025-03-20 05:14:07 -03: Elite configurations (first number is the configuration ID; listed from best to worst according to the sum of ranks):
    algorithm localsearch  alpha   beta    rho ants     q0 rasrank elitistants
182       acs           3 4.6150 5.2040 0.9590   77 0.0859      NA          NA
106       acs           3 2.1200 7.7342 0.7183   51 0.3003      NA          NA
167       acs           3 4.3047 8.5138 0.5272   60 0.4818      NA          NA
215       acs           3 1.6534 5.7918 0.9306   21 0.3508      NA          NA
    nnls dlb
182   12   1
106   20   1
167   23   1
215   19   1
# 2025-03-20 05:14:07 -03: Iteration 4 of 5
# experimentsUsed: 1176
# remainingBudget: 1324
# currentBudget: 662
# nbConfigurations: 69
# Markers:
     x No test is performed.
     c Configurations are discarded only due to capping.
     - The test is performed and some configurations are discarded.
     = The test is performed but no configuration is discarded.
     ! The test is performed and configurations could be discarded but elite configurations are preserved.
     . All alive configurations are elite and nothing is discarded.

+-+-----------+-----------+-----------+----------------+-----------+--------+-----+----+------+
| |   Instance|      Alive|       Best|       Mean best| Exp so far|  W time|  rho|KenW|  Qvar|
+-+-----------+-----------+-----------+----------------+-----------+--------+-----+----+------+
|x|         10|         69|        167|     32692513.00|         69|00:11:59|   NA|  NA|    NA|
|x|          2|         69|        259|     32620725.00|        134|00:11:09|+0.91|0.95|0.0106|
|x|          1|         69|        276|     32595441.33|        199|00:11:13|+0.91|0.94|0.0075|
|x|          7|         69|        276|     32564550.00|        264|00:11:14|+0.90|0.93|0.0066|
|-|          9|          9|        276|     32541009.40|        329|00:11:12|+0.15|0.32|0.7991|
|=|          4|          9|        276|     32544005.83|        334|00:00:51|+0.09|0.24|0.7968|
|=|          8|          9|        276|     32540755.00|        339|00:00:52|+0.01|0.15|0.8829|
|=|          5|          9|        276|     32515564.50|        344|00:00:51|+0.01|0.14|0.8677|
|=|          3|          9|        182|     32530533.00|        349|00:00:51|-0.02|0.09|0.9179|
|=|          6|          9|        182|     32499139.50|        354|00:00:51|+0.00|0.10|0.9033|
|=|         11|          9|        182|     32496975.82|        363|00:01:32|-0.01|0.09|0.9091|
+-+-----------+-----------+-----------+----------------+-----------+--------+-----+----+------+
Best-so-far configuration:         182    mean value:      32496975.82
Description of the best-so-far configuration:
    .ID. algorithm localsearch alpha  beta   rho ants     q0 rasrank
182  182       acs           3 4.615 5.204 0.959   77 0.0859      NA
    elitistants nnls dlb .PARENT.
182          NA   12   1       76

# 2025-03-20 06:16:49 -03: Elite configurations (first number is the configuration ID; listed from best to worst according to the sum of ranks):
    algorithm localsearch  alpha   beta    rho ants     q0 rasrank elitistants
182       acs           3 4.6150 5.2040 0.9590   77 0.0859      NA          NA
276       acs           3 3.8793 2.5731 0.9858   71 0.1818      NA          NA
106       acs           3 2.1200 7.7342 0.7183   51 0.3003      NA          NA
167       acs           3 4.3047 8.5138 0.5272   60 0.4818      NA          NA
259       acs           3 2.3919 9.3726 0.7546   49 0.4326      NA          NA
    nnls dlb
182   12   1
276    8   1
106   20   1
167   23   1
259   16   1
# 2025-03-20 06:16:49 -03: Iteration 5 of 5
# experimentsUsed: 1539
# remainingBudget: 961
# currentBudget: 961
# nbConfigurations: 84
# Markers:
     x No test is performed.
     c Configurations are discarded only due to capping.
     - The test is performed and some configurations are discarded.
     = The test is performed but no configuration is discarded.
     ! The test is performed and configurations could be discarded but elite configurations are preserved.
     . All alive configurations are elite and nothing is discarded.

+-+-----------+-----------+-----------+----------------+-----------+--------+-----+----+------+
| |   Instance|      Alive|       Best|       Mean best| Exp so far|  W time|  rho|KenW|  Qvar|
+-+-----------+-----------+-----------+----------------+-----------+--------+-----+----+------+
|x|         12|         84|        330|     32621939.00|         84|00:14:28|   NA|  NA|    NA|
|x|         10|         84|        306|     32671101.50|        163|00:13:44|+0.70|0.85|0.0059|
|x|          5|         84|        306|     32563024.33|        242|00:13:42|+0.75|0.83|0.0065|
|x|         11|         84|        329|     32522101.50|        321|00:13:46|+0.75|0.81|0.0061|
|-|          3|         25|        329|     32551689.60|        400|00:13:40|-0.08|0.14|1.0256|
|=|          1|         25|        322|     32558212.00|        420|00:03:26|-0.05|0.12|1.0061|
|=|          8|         25|        316|     32527266.43|        440|00:03:26|-0.05|0.10|0.9930|
|=|          2|         25|        316|     32532854.75|        460|00:03:26|-0.05|0.08|0.9931|
|=|          7|         25|        308|     32541283.44|        480|00:03:27|-0.04|0.08|0.9817|
|=|          9|         25|        344|     32528228.20|        500|00:03:29|-0.03|0.07|0.9778|
|=|          6|         25|        322|     32499608.64|        520|00:03:28|-0.03|0.06|0.9786|
|=|          4|         25|        316|     32499583.83|        540|00:03:29|-0.01|0.07|0.9589|
|=|         13|         25|        344|     32490282.54|        565|00:04:21|-0.00|0.08|0.9510|
+-+-----------+-----------+-----------+----------------+-----------+--------+-----+----+------+
Best-so-far configuration:         344    mean value:      32490282.54
Description of the best-so-far configuration:
    .ID. algorithm localsearch  alpha   beta   rho ants     q0 rasrank
344  344       acs           3 4.4964 5.6809 0.872   72 0.0198      NA
    elitistants nnls dlb .PARENT.
344          NA    9   1      182

# 2025-03-20 07:54:47 -03: Elite configurations (first number is the configuration ID; listed from best to worst according to the sum of ranks):
    algorithm localsearch  alpha   beta    rho ants     q0 rasrank elitistants
344       acs           3 4.4964 5.6809 0.8720   72 0.0198      NA          NA
322       acs           3 2.0849 8.1874 0.7337   39 0.3832      NA          NA
316       acs           3 4.0611 9.4606 0.6405   65 0.4562      NA          NA
299       acs           3 3.6136 4.3740 0.9498   72 0.3694      NA          NA
324       acs           3 4.5257 3.2314 0.9746   75 0.0806      NA          NA
    nnls dlb
344    9   1
322   20   1
316   15   1
299   10   1
324   14   1
# 2025-03-20 07:54:47 -03: Iteration 6 of 6
# experimentsUsed: 2104
# remainingBudget: 396
# currentBudget: 396
# nbConfigurations: 32
# Markers:
     x No test is performed.
     c Configurations are discarded only due to capping.
     - The test is performed and some configurations are discarded.
     = The test is performed but no configuration is discarded.
     ! The test is performed and configurations could be discarded but elite configurations are preserved.
     . All alive configurations are elite and nothing is discarded.

+-+-----------+-----------+-----------+----------------+-----------+--------+-----+----+------+
| |   Instance|      Alive|       Best|       Mean best| Exp so far|  W time|  rho|KenW|  Qvar|
+-+-----------+-----------+-----------+----------------+-----------+--------+-----+----+------+
|x|         14|         32|        299|     32612439.00|         32|00:05:34|   NA|  NA|    NA|
|x|         10|         32|        324|     32669149.00|         59|00:04:42|+0.49|0.75|0.1638|
|x|          3|         32|        324|     32668382.00|         86|00:04:42|+0.49|0.66|0.1336|
|x|         13|         32|        344|     32570990.25|        113|00:04:42|+0.54|0.65|0.1303|
|-|          5|         15|        324|     32529826.60|        140|00:04:40|-0.13|0.09|1.0425|
|=|          8|         15|        316|     32508120.67|        150|00:01:43|-0.04|0.13|0.9628|
|=|         12|         15|        386|     32527372.43|        160|00:01:43|-0.03|0.12|0.9575|
|=|         11|         15|        386|     32513268.62|        170|00:01:43|-0.02|0.11|0.9374|
|=|          9|         15|        386|     32502717.78|        180|00:01:43|-0.01|0.10|0.9312|
|=|          7|         15|        386|     32501298.20|        190|00:01:44|-0.00|0.10|0.9374|
|=|          4|         15|        386|     32507990.36|        200|00:01:44|+0.01|0.10|0.9134|
|=|          6|         15|        386|     32490557.75|        210|00:01:44|+0.00|0.09|0.9263|
|=|          1|         15|        316|     32488803.92|        220|00:01:43|+0.02|0.10|0.9193|
|=|          2|         15|        316|     32494744.57|        230|00:01:42|+0.03|0.10|0.9164|
|=|         15|         15|        316|     32468313.60|        245|00:02:35|+0.04|0.11|0.9041|
+-+-----------+-----------+-----------+----------------+-----------+--------+-----+----+------+
Best-so-far configuration:         316    mean value:      32468313.60
Description of the best-so-far configuration:
    .ID. algorithm localsearch  alpha   beta    rho ants     q0 rasrank
316  316       acs           3 4.0611 9.4606 0.6405   65 0.4562      NA
    elitistants nnls dlb .PARENT.
316          NA   15   1      167

# 2025-03-20 08:37:19 -03: Elite configurations (first number is the configuration ID; listed from best to worst according to the sum of ranks):
    algorithm localsearch  alpha   beta    rho ants     q0 rasrank elitistants
316       acs           3 4.0611 9.4606 0.6405   65 0.4562      NA          NA
344       acs           3 4.4964 5.6809 0.8720   72 0.0198      NA          NA
324       acs           3 4.5257 3.2314 0.9746   75 0.0806      NA          NA
299       acs           3 3.6136 4.3740 0.9498   72 0.3694      NA          NA
386       acs           3 4.8894 7.0262 0.8716   72 0.0890      NA          NA
    nnls dlb
316   15   1
344    9   1
324   14   1
299   10   1
386   10   1
# 2025-03-20 08:37:19 -03: Iteration 7 of 7
# experimentsUsed: 2349
# remainingBudget: 151
# currentBudget: 151
# nbConfigurations: 14
# Markers:
     x No test is performed.
     c Configurations are discarded only due to capping.
     - The test is performed and some configurations are discarded.
     = The test is performed but no configuration is discarded.
     ! The test is performed and configurations could be discarded but elite configurations are preserved.
     . All alive configurations are elite and nothing is discarded.

+-+-----------+-----------+-----------+----------------+-----------+--------+-----+----+------+
| |   Instance|      Alive|       Best|       Mean best| Exp so far|  W time|  rho|KenW|  Qvar|
+-+-----------+-----------+-----------+----------------+-----------+--------+-----+----+------+
|x|         16|         14|        324|     32303902.00|         14|00:02:24|   NA|  NA|    NA|
|x|          3|         14|        316|     32480434.00|         23|00:01:33|+0.79|0.90|0.1093|
|x|         13|         14|        316|     32422542.00|         32|00:01:32|+0.69|0.79|0.1398|
|x|          6|         14|        316|     32374273.00|         41|00:01:33|+0.66|0.74|0.1627|
|-|         14|          6|        299|     32435751.20|         50|00:01:34|+0.15|0.32|0.6899|
|=|         12|          6|        299|     32471026.17|         51|00:00:10|-0.01|0.16|0.8723|
|=|          5|          6|        299|     32449243.00|         52|00:00:10|-0.01|0.13|0.8888|
|=|          7|          6|        299|     32457297.38|         53|00:00:10|+0.01|0.13|0.8659|
|=|          4|          6|        299|     32466059.33|         54|00:00:10|-0.02|0.09|0.8626|
|=|         10|          6|        299|     32496052.00|         55|00:00:10|-0.07|0.03|0.8914|
|=|         15|          6|        324|     32446934.45|         56|00:00:10|-0.05|0.05|0.8654|
|=|          9|          6|        324|     32445841.08|         57|00:00:10|-0.06|0.02|0.8796|
|=|          2|          6|        324|     32453848.38|         58|00:00:10|-0.05|0.03|0.8648|
|=|         11|          6|        324|     32454525.50|         59|00:00:10|-0.06|0.01|0.8716|
|=|          1|          6|        324|     32461633.67|         60|00:00:10|-0.05|0.02|0.8640|
|=|          8|          6|        316|     32458767.50|         61|00:00:10|-0.04|0.02|0.8562|
|=|         17|          6|        344|     32465278.12|         67|00:01:02|-0.04|0.02|0.8608|
+-+-----------+-----------+-----------+----------------+-----------+--------+-----+----+------+
Best-so-far configuration:         344    mean value:      32465278.12
Description of the best-so-far configuration:
    .ID. algorithm localsearch  alpha   beta   rho ants     q0 rasrank
344  344       acs           3 4.4964 5.6809 0.872   72 0.0198      NA
    elitistants nnls dlb .PARENT.
344          NA    9   1      182

# 2025-03-20 08:48:55 -03: Elite configurations (first number is the configuration ID; listed from best to worst according to the sum of ranks):
    algorithm localsearch  alpha   beta    rho ants     q0 rasrank elitistants
344       acs           3 4.4964 5.6809 0.8720   72 0.0198      NA          NA
324       acs           3 4.5257 3.2314 0.9746   75 0.0806      NA          NA
316       acs           3 4.0611 9.4606 0.6405   65 0.4562      NA          NA
299       acs           3 3.6136 4.3740 0.9498   72 0.3694      NA          NA
386       acs           3 4.8894 7.0262 0.8716   72 0.0890      NA          NA
    nnls dlb
344    9   1
324   14   1
316   15   1
299   10   1
386   10   1
# 2025-03-20 08:48:55 -03: Iteration 8 of 8
# experimentsUsed: 2416
# remainingBudget: 84
# currentBudget: 84
# nbConfigurations: 9
# Markers:
     x No test is performed.
     c Configurations are discarded only due to capping.
     - The test is performed and some configurations are discarded.
     = The test is performed but no configuration is discarded.
     ! The test is performed and configurations could be discarded but elite configurations are preserved.
     . All alive configurations are elite and nothing is discarded.

+-+-----------+-----------+-----------+----------------+-----------+--------+-----+----+------+
| |   Instance|      Alive|       Best|       Mean best| Exp so far|  W time|  rho|KenW|  Qvar|
+-+-----------+-----------+-----------+----------------+-----------+--------+-----+----+------+
|x|         18|          9|        408|     32119348.00|          9|00:01:34|   NA|  NA|    NA|
|x|          5|          9|        386|     32210166.50|         13|00:00:41|+0.02|0.51|0.4780|
|x|          4|          9|        316|     32340011.33|         17|00:00:41|+0.18|0.45|0.3652|
|x|         15|          9|        344|     32276941.00|         21|00:00:41|+0.17|0.38|0.3377|
|=|          2|          9|        344|     32329432.40|         25|00:00:42|+0.23|0.39|0.2648|
|-|         12|          8|        344|     32382692.50|         29|00:00:41|-0.03|0.15|0.9247|
|=|          7|          8|        324|     32398042.14|         32|00:00:31|-0.01|0.14|0.8958|
|=|         17|          8|        344|     32407748.88|         35|00:00:31|+0.02|0.14|0.8584|
|=|         13|          8|        344|     32391046.56|         38|00:00:31|+0.02|0.13|0.8464|
|=|          9|          8|        344|     32391532.40|         41|00:00:31|+0.02|0.11|0.8425|
|=|          3|          8|        344|     32417468.91|         44|00:00:31|+0.03|0.12|0.8470|
|=|         11|          8|        344|     32419981.25|         47|00:00:31|+0.02|0.10|0.8470|
|=|         16|          8|        344|     32418308.85|         50|00:00:31|+0.03|0.11|0.8484|
|=|          8|          8|        344|     32417386.50|         53|00:00:31|+0.02|0.09|0.8597|
|=|          6|          8|        344|     32409556.13|         56|00:00:31|-0.01|0.06|0.8878|
|=|         14|          8|        344|     32424460.94|         59|00:00:30|-0.01|0.05|0.8880|
|=|         10|          8|        344|     32440767.12|         62|00:00:31|+0.01|0.07|0.8709|
|=|          1|          8|        344|     32447472.56|         65|00:00:30|-0.01|0.05|0.8810|
|=|         19|          8|        344|     32458213.89|         73|00:01:23|+0.00|0.05|0.8689|
+-+-----------+-----------+-----------+----------------+-----------+--------+-----+----+------+
Best-so-far configuration:         344    mean value:      32458213.89
Description of the best-so-far configuration:
    .ID. algorithm localsearch  alpha   beta   rho ants     q0 rasrank
344  344       acs           3 4.4964 5.6809 0.872   72 0.0198      NA
    elitistants nnls dlb .PARENT.
344          NA    9   1      182

# 2025-03-20 09:01:38 -03: Elite configurations (first number is the configuration ID; listed from best to worst according to the sum of ranks):
    algorithm localsearch  alpha   beta    rho ants     q0 rasrank elitistants
344       acs           3 4.4964 5.6809 0.8720   72 0.0198      NA          NA
324       acs           3 4.5257 3.2314 0.9746   75 0.0806      NA          NA
316       acs           3 4.0611 9.4606 0.6405   65 0.4562      NA          NA
386       acs           3 4.8894 7.0262 0.8716   72 0.0890      NA          NA
299       acs           3 3.6136 4.3740 0.9498   72 0.3694      NA          NA
    nnls dlb
344    9   1
324   14   1
316   15   1
386   10   1
299   10   1
# 2025-03-20 09:01:38 -03: Stopped because there is not enough budget left to race more than the minimum (5).
# You may either increase the budget or set 'minNbSurvival' to a lower value.
# Iteration: 9
# nbIterations: 9
# experimentsUsed: 2489
# timeUsed: 0
# remainingBudget: 11
# currentBudget: 11
# number of elites: 5
# nbConfigurations: 5
# Total CPU user time: 25762.25, CPU sys time: 151.82, Wall-clock time: 25902.4
# 2025-03-20 09:01:38 -03: Starting post-selection:
# Configurations selected: 344, 324, 316, 386, 299, 322.
# Pending instances: 1, 1, 1, 1, 1, 5.
# 2025-03-20 09:01:38 -03: seed: 192837465
# Configurations: 6
# Available experiments: 11
# minSurvival: 1
# Markers:
     x No test is performed.
     c Configurations are discarded only due to capping.
     - The test is performed and some configurations are discarded.
     = The test is performed but no configuration is discarded.
     ! The test is performed and configurations could be discarded but elite configurations are preserved.
     . All alive configurations are elite and nothing is discarded.

+-+-----------+-----------+-----------+----------------+-----------+--------+-----+----+------+
| |   Instance|      Alive|       Best|       Mean best| Exp so far|  W time|  rho|KenW|  Qvar|
+-+-----------+-----------+-----------+----------------+-----------+--------+-----+----+------+
|x|         17|          6|        344|     32430763.00|          1|00:00:10|   NA|  NA|    NA|
|.|          4|          6|        344|     32482397.50|          1|00:00:00|+0.09|0.54|0.7610|
|.|          1|          6|        344|     32508753.33|          1|00:00:00|+0.09|0.39|0.8638|
|.|          5|          6|        344|     32474048.75|          1|00:00:00|-0.20|0.10|1.0256|
|.|          7|          6|        344|     32486253.60|          1|00:00:00|-0.18|0.06|0.9866|
|.|          9|          6|        344|     32471195.50|          1|00:00:00|-0.17|0.02|0.9721|
|.|          8|          6|        344|     32461795.57|          1|00:00:00|-0.15|0.02|0.9534|
|.|          6|          6|        344|     32441562.50|          1|00:00:00|-0.12|0.02|0.9302|
|.|         10|          6|        344|     32470462.89|          1|00:00:00|-0.11|0.01|0.9268|
|x|         18|          6|        344|     32437894.40|          2|00:00:10|-0.10|0.01|0.9170|
|x|         19|          6|        344|     32457318.36|          3|00:00:10|-0.07|0.03|0.8896|
|.|         15|          6|        344|     32424126.75|          3|00:00:00|-0.06|0.03|0.8810|
|.|         14|          6|        344|     32441350.31|          3|00:00:00|-0.06|0.02|0.8743|
|.|          3|          6|        344|     32458170.57|          3|00:00:00|-0.04|0.03|0.8570|
|.|         12|          6|        344|     32470892.07|          3|00:00:00|-0.04|0.03|0.8603|
|x|         16|          6|        344|     32466351.31|          4|00:00:10|-0.03|0.03|0.8508|
|.|         11|          6|        344|     32465249.29|          4|00:00:00|-0.03|0.03|0.8476|
|.|          2|          6|        344|     32469368.67|          4|00:00:00|-0.02|0.04|0.8327|
|.|         13|          6|        344|     32458213.89|          4|00:00:00|-0.02|0.04|0.8292|
|=|         20|          6|        344|     32474666.25|         10|00:01:01|-0.02|0.03|0.8423|
+-+-----------+-----------+-----------+----------------+-----------+--------+-----+----+------+
Best-so-far configuration:         344    mean value:      32474666.25
Description of the best-so-far configuration:
    .ID. algorithm localsearch  alpha   beta   rho ants     q0 rasrank
344  344       acs           3 4.4964 5.6809 0.872   72 0.0198      NA
    elitistants nnls dlb .PARENT.
344          NA    9   1      182

# 2025-03-20 09:03:21 -03: Elite configurations (first number is the configuration ID; listed from best to worst according to the sum of ranks):
    algorithm localsearch  alpha   beta    rho ants     q0 rasrank elitistants
344       acs           3 4.4964 5.6809 0.8720   72 0.0198      NA          NA
316       acs           3 4.0611 9.4606 0.6405   65 0.4562      NA          NA
299       acs           3 3.6136 4.3740 0.9498   72 0.3694      NA          NA
324       acs           3 4.5257 3.2314 0.9746   75 0.0806      NA          NA
386       acs           3 4.8894 7.0262 0.8716   72 0.0890      NA          NA
    nnls dlb
344    9   1
316   15   1
299   10   1
324   14   1
386   10   1
# Total CPU user time: 25865.14, CPU sys time: 152.423, Wall-clock time: 26005.84
    .ID. algorithm localsearch  alpha   beta    rho ants     q0 rasrank
344  344       acs           3 4.4964 5.6809 0.8720   72 0.0198      NA
316  316       acs           3 4.0611 9.4606 0.6405   65 0.4562      NA
299  299       acs           3 3.6136 4.3740 0.9498   72 0.3694      NA
324  324       acs           3 4.5257 3.2314 0.9746   75 0.0806      NA
386  386       acs           3 4.8894 7.0262 0.8716   72 0.0890      NA
    elitistants nnls dlb .PARENT. .RANK.   .WEIGHT.
344          NA    9   1      182     60 0.33333333
316          NA   15   1      167     66 0.26666667
299          NA   10   1      276     71 0.20000000
324          NA   14   1      182     71 0.13333333
386          NA   10   1      344     75 0.06666667
