# 2025-03-19 18:36:51 -03: Reading parameter file '/home/dianag/PruebasPablo/irace-runs/Runs-T/ACOTSP-N/Run/N_seed_9283749283/parameters.txt'.
# 2025-03-19 18:36:51 -03: 1 expression(s) specifying forbidden configurations read.
# 2025-03-19 18:36:52 -03: Initialization
# Elitist race
# Elitist new instances: 1
# Elitist limit: 2
# nbIterations: 5
# minNbSurvival: 5
# nbParameters: 11
# seed: 775710627
# confidence level: 0.95
# budget: 2500
# mu: 5
# deterministic: FALSE

# 2025-03-19 18:36:52 -03: Iteration 1 of 5
# experimentsUsed: 0
# remainingBudget: 2500
# currentBudget: 500
# nbConfigurations: 83
# Markers:
     x No test is performed.
     c Configurations are discarded only due to capping.
     - The test is performed and some configurations are discarded.
     = The test is performed but no configuration is discarded.
     ! The test is performed and configurations could be discarded but elite configurations are preserved.
     . All alive configurations are elite and nothing is discarded.

+-+-----------+-----------+-----------+----------------+-----------+--------+-----+----+------+
| |   Instance|      Alive|       Best|       Mean best| Exp so far|  W time|  rho|KenW|  Qvar|
+-+-----------+-----------+-----------+----------------+-----------+--------+-----+----+------+
|x|          1|         83|         55|     32572576.00|         83|00:14:29|   NA|  NA|    NA|
|x|          2|         83|         55|     32578765.00|        166|00:14:29|+0.98|0.99|0.0030|
|x|          3|         83|         55|     32457124.00|        249|00:14:28|+0.99|0.99|0.0019|
|x|          4|         83|         55|     32518080.50|        332|00:14:28|+0.98|0.99|0.0017|
|-|          5|          4|         55|     32543558.40|        415|00:14:28|+0.28|0.42|0.5428|
+-+-----------+-----------+-----------+----------------+-----------+--------+-----+----+------+
Best-so-far configuration:          55    mean value:      32543558.40
Description of the best-so-far configuration:
   .ID. algorithm localsearch  alpha   beta    rho ants     q0 rasrank
55   55       acs           3 1.9509 7.7513 0.8038   21 0.6964      NA
   elitistants nnls dlb .PARENT.
55          NA   13   0       NA

# 2025-03-19 19:49:16 -03: Elite configurations (first number is the configuration ID; listed from best to worst according to the sum of ranks):
   algorithm localsearch  alpha   beta    rho ants     q0 rasrank elitistants
55       acs           3 1.9509 7.7513 0.8038   21 0.6964      NA          NA
44       acs           3 4.6071 1.1888 0.0923   54 0.2902      NA          NA
73       ras           3 3.0056 1.5794 0.8270   85     NA      47          NA
12       acs           2 4.2165 2.9075 0.9121   77 0.4933      NA          NA
   nnls dlb
55   13   0
44   18   1
73   49   1
12   16   0
# 2025-03-19 19:49:16 -03: Iteration 2 of 5
# experimentsUsed: 415
# remainingBudget: 2085
# currentBudget: 521
# nbConfigurations: 77
# Markers:
     x No test is performed.
     c Configurations are discarded only due to capping.
     - The test is performed and some configurations are discarded.
     = The test is performed but no configuration is discarded.
     ! The test is performed and configurations could be discarded but elite configurations are preserved.
     . All alive configurations are elite and nothing is discarded.

+-+-----------+-----------+-----------+----------------+-----------+--------+-----+----+------+
| |   Instance|      Alive|       Best|       Mean best| Exp so far|  W time|  rho|KenW|  Qvar|
+-+-----------+-----------+-----------+----------------+-----------+--------+-----+----+------+
|x|          6|         77|         97|     32253958.00|         77|00:13:25|   NA|  NA|    NA|
|x|          3|         77|         97|     32195167.00|        150|00:12:43|+0.97|0.99|0.0031|
|x|          4|         77|         97|     32359045.67|        223|00:12:41|+0.97|0.98|0.0028|
|x|          1|         77|         97|     32383722.50|        296|00:12:38|+0.97|0.98|0.0024|
|-|          5|          7|         97|     32419769.00|        369|00:12:40|+0.66|0.73|0.3229|
|-|          2|          2|         97|     32432135.67|        372|00:00:31|+0.33|0.44|0.3333|
+-+-----------+-----------+-----------+----------------+-----------+--------+-----+----+------+
Best-so-far configuration:          97    mean value:      32432135.67
Description of the best-so-far configuration:
   .ID. algorithm localsearch  alpha   beta    rho ants     q0 rasrank
97   97       acs           3 2.4015 7.0704 0.8269   38 0.3386      NA
   elitistants nnls dlb .PARENT.
97          NA   16   1       55

# 2025-03-19 20:53:56 -03: Elite configurations (first number is the configuration ID; listed from best to worst according to the sum of ranks):
    algorithm localsearch  alpha   beta    rho ants     q0 rasrank elitistants
97        acs           3 2.4015 7.0704 0.8269   38 0.3386      NA          NA
105       eas           3 1.5774 3.6636 0.4195   85     NA      NA         468
    nnls dlb
97    16   1
105   19   1
# 2025-03-19 20:53:56 -03: Iteration 3 of 5
# experimentsUsed: 787
# remainingBudget: 1713
# currentBudget: 571
# nbConfigurations: 72
# Markers:
     x No test is performed.
     c Configurations are discarded only due to capping.
     - The test is performed and some configurations are discarded.
     = The test is performed but no configuration is discarded.
     ! The test is performed and configurations could be discarded but elite configurations are preserved.
     . All alive configurations are elite and nothing is discarded.

+-+-----------+-----------+-----------+----------------+-----------+--------+-----+----+------+
| |   Instance|      Alive|       Best|       Mean best| Exp so far|  W time|  rho|KenW|  Qvar|
+-+-----------+-----------+-----------+----------------+-----------+--------+-----+----+------+
|x|          7|         72|        177|     32393597.00|         72|00:12:25|   NA|  NA|    NA|
|x|          3|         72|        177|     32282580.00|        142|00:12:06|+0.98|0.99|0.0035|
|x|          2|         72|        206|     32363645.33|        212|00:12:08|+0.98|0.98|0.0026|
|x|          4|         72|        177|     32438206.75|        282|00:12:07|+0.98|0.98|0.0025|
|-|          6|         10|        177|     32408319.00|        352|00:12:06|-0.04|0.17|0.9249|
|=|          5|         10|         97|     32437401.83|        360|00:01:22|+0.01|0.17|0.8978|
|=|          1|         10|         97|     32440309.14|        368|00:01:23|+0.03|0.17|0.8510|
|=|          8|         10|         97|     32483487.25|        378|00:01:44|+0.04|0.16|0.8370|
+-+-----------+-----------+-----------+----------------+-----------+--------+-----+----+------+
Best-so-far configuration:          97    mean value:      32483487.25
Description of the best-so-far configuration:
   .ID. algorithm localsearch  alpha   beta    rho ants     q0 rasrank
97   97       acs           3 2.4015 7.0704 0.8269   38 0.3386      NA
   elitistants nnls dlb .PARENT.
97          NA   16   1       55

# 2025-03-19 21:59:22 -03: Elite configurations (first number is the configuration ID; listed from best to worst according to the sum of ranks):
    algorithm localsearch  alpha   beta    rho ants     q0 rasrank elitistants
97        acs           3 2.4015 7.0704 0.8269   38 0.3386      NA          NA
206       acs           3 2.7500 8.3575 0.8626   38 0.1124      NA          NA
215       acs           3 2.5590 7.8735 0.9289   60 0.4014      NA          NA
177       acs           3 1.6062 5.2998 0.9349   29 0.5702      NA          NA
195       acs           3 1.9479 9.2366 0.7788   31 0.5293      NA          NA
    nnls dlb
97    16   1
206   22   1
215   13   1
177   35   1
195    8   0
# 2025-03-19 21:59:22 -03: Iteration 4 of 5
# experimentsUsed: 1165
# remainingBudget: 1335
# currentBudget: 667
# nbConfigurations: 78
# Markers:
     x No test is performed.
     c Configurations are discarded only due to capping.
     - The test is performed and some configurations are discarded.
     = The test is performed but no configuration is discarded.
     ! The test is performed and configurations could be discarded but elite configurations are preserved.
     . All alive configurations are elite and nothing is discarded.

+-+-----------+-----------+-----------+----------------+-----------+--------+-----+----+------+
| |   Instance|      Alive|       Best|       Mean best| Exp so far|  W time|  rho|KenW|  Qvar|
+-+-----------+-----------+-----------+----------------+-----------+--------+-----+----+------+
|x|          9|         78|        215|     32364825.00|         78|00:13:28|   NA|  NA|    NA|
|x|          6|         78|        232|     32304908.00|        151|00:12:38|+0.84|0.92|0.0129|
|x|          4|         78|        227|     32418282.67|        224|00:12:38|+0.87|0.92|0.0104|
|x|          7|         78|        227|     32402006.25|        297|00:12:37|+0.86|0.90|0.0096|
|-|          2|         11|        227|     32421284.80|        370|00:12:38|+0.01|0.20|0.8976|
|=|          8|         11|        227|     32482015.67|        376|00:01:02|+0.05|0.21|0.8558|
|=|          3|         11|        280|     32439628.14|        382|00:01:02|+0.07|0.21|0.8475|
|=|          1|         11|        280|     32450503.50|        388|00:01:02|+0.10|0.21|0.8409|
|-|          5|          5|        280|     32459540.78|        394|00:01:02|+0.02|0.13|0.8191|
+-+-----------+-----------+-----------+----------------+-----------+--------+-----+----+------+
Best-so-far configuration:         280    mean value:      32459540.78
Description of the best-so-far configuration:
    .ID. algorithm localsearch alpha   beta   rho ants     q0 rasrank
280  280       acs           3 2.693 6.1562 0.796   65 0.3472      NA
    elitistants nnls dlb .PARENT.
280          NA   12   1       97

# 2025-03-19 23:07:33 -03: Elite configurations (first number is the configuration ID; listed from best to worst according to the sum of ranks):
    algorithm localsearch  alpha   beta    rho ants     q0 rasrank elitistants
280       acs           3 2.6930 6.1562 0.7960   65 0.3472      NA          NA
227       acs           3 2.6132 5.8563 0.6273   55 0.1345      NA          NA
283       acs           3 1.6434 8.0384 0.8685   33 0.3386      NA          NA
295       acs           3 2.0577 4.9146 0.5255   43 0.3926      NA          NA
97        acs           3 2.4015 7.0704 0.8269   38 0.3386      NA          NA
    nnls dlb
280   12   1
227   18   1
283   17   1
295   26   1
97    16   1
# 2025-03-19 23:07:33 -03: Iteration 5 of 5
# experimentsUsed: 1559
# remainingBudget: 941
# currentBudget: 941
# nbConfigurations: 98
# Markers:
     x No test is performed.
     c Configurations are discarded only due to capping.
     - The test is performed and some configurations are discarded.
     = The test is performed but no configuration is discarded.
     ! The test is performed and configurations could be discarded but elite configurations are preserved.
     . All alive configurations are elite and nothing is discarded.

+-+-----------+-----------+-----------+----------------+-----------+--------+-----+----+------+
| |   Instance|      Alive|       Best|       Mean best| Exp so far|  W time|  rho|KenW|  Qvar|
+-+-----------+-----------+-----------+----------------+-----------+--------+-----+----+------+
|x|         10|         98|        302|     32231130.00|         98|00:16:57|   NA|  NA|    NA|
|x|          7|         98|        227|     32292521.50|        191|00:16:07|+0.70|0.85|0.0162|
|x|          1|         98|        345|     32381977.00|        284|00:16:08|+0.70|0.80|0.0122|
|x|          8|         98|        345|     32474164.00|        377|00:16:06|+0.72|0.79|0.0141|
|-|          4|         39|        347|     32514544.60|        470|00:16:06|-0.13|0.10|1.1070|
|=|          6|         39|        345|     32467510.00|        504|00:05:54|-0.08|0.10|1.0529|
|=|          3|         39|        227|     32414740.29|        538|00:05:54|-0.04|0.11|1.0150|
|=|          5|         39|        383|     32435704.88|        572|00:05:55|-0.02|0.10|0.9968|
|=|          2|         39|        227|     32439063.00|        606|00:05:54|-0.01|0.11|0.9796|
|=|          9|         39|        227|     32435097.90|        640|00:05:53|-0.00|0.10|0.9810|
|=|         11|         39|        227|     32457694.91|        679|00:06:44|+0.01|0.10|0.9627|
+-+-----------+-----------+-----------+----------------+-----------+--------+-----+----+------+
Best-so-far configuration:         227    mean value:      32457694.91
Description of the best-so-far configuration:
    .ID. algorithm localsearch  alpha   beta    rho ants     q0 rasrank
227  227       acs           3 2.6132 5.8563 0.6273   55 0.1345      NA
    elitistants nnls dlb .PARENT.
227          NA   18   1      215

# 2025-03-20 01:05:16 -03: Elite configurations (first number is the configuration ID; listed from best to worst according to the sum of ranks):
    algorithm localsearch  alpha   beta    rho ants     q0 rasrank elitistants
227       acs           3 2.6132 5.8563 0.6273   55 0.1345      NA          NA
280       acs           3 2.6930 6.1562 0.7960   65 0.3472      NA          NA
345       acs           3 2.5610 6.5900 0.7517   58 0.2470      NA          NA
316       acs           3 2.7424 4.5469 0.5643   56 0.2399      NA          NA
382       acs           3 2.3096 7.0123 0.8483   40 0.2139      NA          NA
    nnls dlb
227   18   1
280   12   1
345   12   1
316   20   1
382   19   1
# 2025-03-20 01:05:16 -03: Iteration 6 of 6
# experimentsUsed: 2238
# remainingBudget: 262
# currentBudget: 262
# nbConfigurations: 26
# Markers:
     x No test is performed.
     c Configurations are discarded only due to capping.
     - The test is performed and some configurations are discarded.
     = The test is performed but no configuration is discarded.
     ! The test is performed and configurations could be discarded but elite configurations are preserved.
     . All alive configurations are elite and nothing is discarded.

+-+-----------+-----------+-----------+----------------+-----------+--------+-----+----+------+
| |   Instance|      Alive|       Best|       Mean best| Exp so far|  W time|  rho|KenW|  Qvar|
+-+-----------+-----------+-----------+----------------+-----------+--------+-----+----+------+
|x|         12|         26|        399|     32738162.00|         26|00:04:30|   NA|  NA|    NA|
|x|         11|         26|        394|     32688546.00|         47|00:03:38|+0.47|0.73|0.2489|
|x|          8|         26|        394|     32716767.67|         68|00:03:38|+0.40|0.60|0.2861|
|x|          3|         26|        399|     32571381.50|         89|00:03:38|+0.44|0.58|0.2962|
|-|          7|         14|        399|     32535925.40|        110|00:03:38|-0.10|0.12|1.0288|
|=|          6|         14|        399|     32485034.33|        119|00:01:33|-0.03|0.15|0.9512|
|=|          1|         14|        399|     32487889.57|        128|00:01:33|-0.01|0.13|0.9485|
|=|          2|         14|        227|     32494065.50|        137|00:01:33|+0.01|0.13|0.9294|
|=|         10|         14|        227|     32464932.22|        146|00:01:33|+0.03|0.13|0.9051|
|=|          5|         14|        227|     32473437.60|        155|00:01:33|+0.04|0.14|0.8863|
|=|          4|         14|        227|     32488760.36|        164|00:01:33|+0.04|0.12|0.8943|
|=|          9|         14|        227|     32481314.67|        173|00:01:34|+0.05|0.13|0.8811|
|=|         13|         14|        227|     32513632.69|        187|00:02:26|+0.04|0.11|0.8950|
+-+-----------+-----------+-----------+----------------+-----------+--------+-----+----+------+
Best-so-far configuration:         227    mean value:      32513632.69
Description of the best-so-far configuration:
    .ID. algorithm localsearch  alpha   beta    rho ants     q0 rasrank
227  227       acs           3 2.6132 5.8563 0.6273   55 0.1345      NA
    elitistants nnls dlb .PARENT.
227          NA   18   1      215

# 2025-03-20 01:37:40 -03: Elite configurations (first number is the configuration ID; listed from best to worst according to the sum of ranks):
    algorithm localsearch  alpha   beta    rho ants     q0 rasrank elitistants
227       acs           3 2.6132 5.8563 0.6273   55 0.1345      NA          NA
410       acs           3 2.4236 5.4875 0.5688   53 0.1797      NA          NA
399       acs           3 2.1108 6.1539 0.6355   50 0.2402      NA          NA
280       acs           3 2.6930 6.1562 0.7960   65 0.3472      NA          NA
316       acs           3 2.7424 4.5469 0.5643   56 0.2399      NA          NA
    nnls dlb
227   18   1
410   20   1
399   16   1
280   12   1
316   20   1
# 2025-03-20 01:37:40 -03: Iteration 7 of 7
# experimentsUsed: 2425
# remainingBudget: 75
# currentBudget: 75
# nbConfigurations: 10
# Markers:
     x No test is performed.
     c Configurations are discarded only due to capping.
     - The test is performed and some configurations are discarded.
     = The test is performed but no configuration is discarded.
     ! The test is performed and configurations could be discarded but elite configurations are preserved.
     . All alive configurations are elite and nothing is discarded.

+-+-----------+-----------+-----------+----------------+-----------+--------+-----+----+------+
| |   Instance|      Alive|       Best|       Mean best| Exp so far|  W time|  rho|KenW|  Qvar|
+-+-----------+-----------+-----------+----------------+-----------+--------+-----+----+------+
|x|         14|         10|        316|     32764048.00|         10|00:01:43|   NA|  NA|    NA|
|x|         11|         10|        316|     32720715.50|         15|00:00:51|-0.10|0.45|0.9244|
|x|          1|         10|        399|     32668501.67|         20|00:00:52|-0.17|0.22|0.9817|
|x|         12|         10|        399|     32685916.75|         25|00:00:51|-0.11|0.17|0.9365|
|=|         13|         10|        399|     32713700.60|         30|00:00:52|+0.03|0.22|0.8490|
|=|          3|         10|        399|     32613033.00|         35|00:00:51|+0.09|0.24|0.8131|
|=|          8|         10|        399|     32628463.00|         40|00:00:52|+0.11|0.23|0.7853|
|-|          6|          6|        399|     32578727.50|         45|00:00:51|+0.06|0.17|0.7786|
|=|          4|          6|        399|     32588043.33|         46|00:00:10|-0.03|0.08|0.8631|
|=|          7|          6|        399|     32568649.10|         47|00:00:10|-0.03|0.07|0.8619|
|=|          9|          6|        399|     32555409.55|         48|00:00:10|-0.04|0.05|0.8593|
|=|          5|          6|        399|     32554866.25|         49|00:00:10|-0.02|0.06|0.8507|
|=|          2|          6|        399|     32553310.92|         50|00:00:10|-0.02|0.05|0.8499|
|=|         10|          6|        399|     32533672.50|         51|00:00:10|-0.04|0.03|0.8577|
|=|         15|          6|        399|     32515356.60|         57|00:01:02|-0.04|0.03|0.8572|
+-+-----------+-----------+-----------+----------------+-----------+--------+-----+----+------+
Best-so-far configuration:         399    mean value:      32515356.60
Description of the best-so-far configuration:
    .ID. algorithm localsearch  alpha   beta    rho ants     q0 rasrank
399  399       acs           3 2.1108 6.1539 0.6355   50 0.2402      NA
    elitistants nnls dlb .PARENT.
399          NA   16   1      227

# 2025-03-20 01:47:32 -03: Elite configurations (first number is the configuration ID; listed from best to worst according to the sum of ranks):
    algorithm localsearch  alpha   beta    rho ants     q0 rasrank elitistants
399       acs           3 2.1108 6.1539 0.6355   50 0.2402      NA          NA
227       acs           3 2.6132 5.8563 0.6273   55 0.1345      NA          NA
410       acs           3 2.4236 5.4875 0.5688   53 0.1797      NA          NA
316       acs           3 2.7424 4.5469 0.5643   56 0.2399      NA          NA
280       acs           3 2.6930 6.1562 0.7960   65 0.3472      NA          NA
    nnls dlb
399   16   1
227   18   1
410   20   1
316   20   1
280   12   1
# 2025-03-20 01:47:32 -03: Iteration 8 of 8
# experimentsUsed: 2482
# remainingBudget: 18
# currentBudget: 18
# nbConfigurations: 6
# Markers:
     x No test is performed.
     c Configurations are discarded only due to capping.
     - The test is performed and some configurations are discarded.
     = The test is performed but no configuration is discarded.
     ! The test is performed and configurations could be discarded but elite configurations are preserved.
     . All alive configurations are elite and nothing is discarded.

+-+-----------+-----------+-----------+----------------+-----------+--------+-----+----+------+
| |   Instance|      Alive|       Best|       Mean best| Exp so far|  W time|  rho|KenW|  Qvar|
+-+-----------+-----------+-----------+----------------+-----------+--------+-----+----+------+
|x|          1|          6|        399|     32505021.00|          1|00:00:10|   NA|  NA|    NA|
|x|          4|          6|        410|     32581691.50|          2|00:00:10|-0.83|0.09|1.3122|
|x|          6|          6|        227|     32463722.67|          3|00:00:10|-0.22|0.19|0.9499|
|x|          5|          6|        280|     32486737.25|          4|00:00:10|-0.01|0.24|0.7511|
|=|         15|          6|        399|     32441198.80|          5|00:00:10|+0.10|0.28|0.7116|
|=|          9|          6|        227|     32426951.00|          6|00:00:10|+0.14|0.28|0.6713|
|=|         14|          6|        399|     32487552.29|          7|00:00:10|+0.14|0.26|0.7132|
|=|         10|          6|        227|     32452808.12|          8|00:00:10|+0.04|0.16|0.7729|
|=|          7|          6|        227|     32441738.00|          9|00:00:10|+0.10|0.20|0.7207|
|=|         13|          6|        399|     32491017.60|         10|00:00:10|+0.10|0.19|0.7318|
|-|          2|          5|        227|     32488680.91|         11|00:00:10|-0.08|0.02|0.8583|
|.|          8|          5|        227|     32513430.00|         11|00:00:00|-0.07|0.02|0.8618|
|.|         11|          5|        227|     32526525.00|         11|00:00:00|-0.08|0.00|0.8617|
|.|          3|          5|        227|     32499009.00|         11|00:00:00|-0.06|0.01|0.8543|
|.|         12|          5|        227|     32515150.53|         11|00:00:00|-0.05|0.02|0.8447|
+-+-----------+-----------+-----------+----------------+-----------+--------+-----+----+------+
Best configuration for the instances in this race: 227
Best-so-far configuration:         399    mean value:      32515356.60
Description of the best-so-far configuration:
    .ID. algorithm localsearch  alpha   beta    rho ants     q0 rasrank
399  399       acs           3 2.1108 6.1539 0.6355   50 0.2402      NA
    elitistants nnls dlb .PARENT.
399          NA   16   1      227

# 2025-03-20 01:49:27 -03: Elite configurations (first number is the configuration ID; listed from best to worst according to the sum of ranks):
    algorithm localsearch  alpha   beta    rho ants     q0 rasrank elitistants
399       acs           3 2.1108 6.1539 0.6355   50 0.2402      NA          NA
227       acs           3 2.6132 5.8563 0.6273   55 0.1345      NA          NA
410       acs           3 2.4236 5.4875 0.5688   53 0.1797      NA          NA
316       acs           3 2.7424 4.5469 0.5643   56 0.2399      NA          NA
280       acs           3 2.6930 6.1562 0.7960   65 0.3472      NA          NA
    nnls dlb
399   16   1
227   18   1
410   20   1
316   20   1
280   12   1
# 2025-03-20 01:49:27 -03: Stopped because there is not enough budget left to race more than the minimum (5).
# You may either increase the budget or set 'minNbSurvival' to a lower value.
# Iteration: 9
# nbIterations: 9
# experimentsUsed: 2493
# timeUsed: 0
# remainingBudget: 7
# currentBudget: 7
# number of elites: 5
# nbConfigurations: 5
# Total CPU user time: 25809.74, CPU sys time: 156.409, Wall-clock time: 25955.21
# 2025-03-20 01:49:27 -03: Starting post-selection:
# Configurations selected: 399, 227, 410, 316, 280.
# Pending instances: 1, 1, 1, 1, 1.
# 2025-03-20 01:49:27 -03: seed: 775710627
# Configurations: 5
# Available experiments: 7
# minSurvival: 1
# Markers:
     x No test is performed.
     c Configurations are discarded only due to capping.
     - The test is performed and some configurations are discarded.
     = The test is performed but no configuration is discarded.
     ! The test is performed and configurations could be discarded but elite configurations are preserved.
     . All alive configurations are elite and nothing is discarded.

+-+-----------+-----------+-----------+----------------+-----------+--------+-----+----+------+
| |   Instance|      Alive|       Best|       Mean best| Exp so far|  W time|  rho|KenW|  Qvar|
+-+-----------+-----------+-----------+----------------+-----------+--------+-----+----+------+
|.|          5|          5|        280|     32531839.00|          0|00:00:00|   NA|  NA|    NA|
|.|         10|          5|        280|     32437725.00|          0|00:00:00|-0.60|0.20|1.3044|
|.|         12|          5|        280|     32562589.33|          0|00:00:00|-0.13|0.24|0.8994|
|.|         15|          5|        280|     32490999.50|          0|00:00:00|-0.03|0.23|0.8034|
|.|          1|          5|        280|     32498125.80|          0|00:00:00|+0.04|0.23|0.7988|
|.|         14|          5|        280|     32549480.83|          0|00:00:00|+0.01|0.18|0.8209|
|.|          4|          5|        280|     32562864.71|          0|00:00:00|-0.09|0.07|0.8800|
|.|          6|          5|        280|     32523170.50|          0|00:00:00|-0.02|0.11|0.8344|
|.|         11|          5|        280|     32537889.00|          0|00:00:00|-0.08|0.04|0.8645|
|.|          8|          5|        280|     32560371.70|          0|00:00:00|-0.07|0.04|0.8628|
|.|         13|          5|        280|     32585935.09|          0|00:00:00|-0.04|0.05|0.8532|
|.|          9|          5|        280|     32570000.17|          0|00:00:00|-0.06|0.03|0.8614|
|.|          2|          5|        280|     32565488.62|          0|00:00:00|-0.07|0.01|0.8629|
|.|          3|          5|        280|     32533091.43|          0|00:00:00|-0.05|0.02|0.8518|
|.|          7|          5|        280|     32524765.87|          0|00:00:00|-0.05|0.02|0.8447|
|=|         16|          5|        399|     32515012.44|          5|00:00:52|-0.03|0.03|0.8358|
+-+-----------+-----------+-----------+----------------+-----------+--------+-----+----+------+
Best-so-far configuration:         399    mean value:      32515012.44
Description of the best-so-far configuration:
    .ID. algorithm localsearch  alpha   beta    rho ants     q0 rasrank
399  399       acs           3 2.1108 6.1539 0.6355   50 0.2402      NA
    elitistants nnls dlb .PARENT.
399          NA   16   1      227

# 2025-03-20 01:50:19 -03: Elite configurations (first number is the configuration ID; listed from best to worst according to the sum of ranks):
    algorithm localsearch  alpha   beta    rho ants     q0 rasrank elitistants
399       acs           3 2.1108 6.1539 0.6355   50 0.2402      NA          NA
227       acs           3 2.6132 5.8563 0.6273   55 0.1345      NA          NA
316       acs           3 2.7424 4.5469 0.5643   56 0.2399      NA          NA
280       acs           3 2.6930 6.1562 0.7960   65 0.3472      NA          NA
410       acs           3 2.4236 5.4875 0.5688   53 0.1797      NA          NA
    nnls dlb
399   16   1
227   18   1
316   20   1
280   12   1
410   20   1
# Total CPU user time: 25861.81, CPU sys time: 156.75, Wall-clock time: 26007.6
    .ID. algorithm localsearch  alpha   beta    rho ants     q0 rasrank
399  399       acs           3 2.1108 6.1539 0.6355   50 0.2402      NA
227  227       acs           3 2.6132 5.8563 0.6273   55 0.1345      NA
316  316       acs           3 2.7424 4.5469 0.5643   56 0.2399      NA
280  280       acs           3 2.6930 6.1562 0.7960   65 0.3472      NA
410  410       acs           3 2.4236 5.4875 0.5688   53 0.1797      NA
    elitistants nnls dlb .PARENT. .RANK.   .WEIGHT.
399          NA   16   1      227     41 0.33333333
227          NA   18   1      215     47 0.26666667
316          NA   20   1      295     48 0.20000000
280          NA   12   1       97     52 0.13333333
410          NA   20   1      316     52 0.06666667
