# 2025-03-20 09:03:56 -03: Reading parameter file '/home/dianag/PruebasPablo/irace-runs/Runs-T/ACOTSP-N/Run/N_seed_8273645872/parameters.txt'.
# 2025-03-20 09:03:56 -03: 1 expression(s) specifying forbidden configurations read.
# 2025-03-20 09:03:56 -03: Initialization
# Elitist race
# Elitist new instances: 1
# Elitist limit: 2
# nbIterations: 5
# minNbSurvival: 5
# nbParameters: 11
# seed: 512110495
# confidence level: 0.95
# budget: 2500
# mu: 5
# deterministic: FALSE

# 2025-03-20 09:03:57 -03: Iteration 1 of 5
# experimentsUsed: 0
# remainingBudget: 2500
# currentBudget: 500
# nbConfigurations: 83
# Markers:
     x No test is performed.
     c Configurations are discarded only due to capping.
     - The test is performed and some configurations are discarded.
     = The test is performed but no configuration is discarded.
     ! The test is performed and configurations could be discarded but elite configurations are preserved.
     . All alive configurations are elite and nothing is discarded.

+-+-----------+-----------+-----------+----------------+-----------+--------+-----+----+------+
| |   Instance|      Alive|       Best|       Mean best| Exp so far|  W time|  rho|KenW|  Qvar|
+-+-----------+-----------+-----------+----------------+-----------+--------+-----+----+------+
|x|          1|         83|         50|     32664607.00|         83|00:14:29|   NA|  NA|    NA|
|x|          2|         83|         50|     32511960.50|        166|00:14:28|+0.98|0.99|0.0008|
|x|          3|         83|         50|     32516882.67|        249|00:14:28|+0.98|0.99|0.0009|
|x|          4|         83|         78|     32586993.75|        332|00:14:28|+0.98|0.99|0.0009|
|-|          5|          4|         50|     32690414.40|        415|00:14:28|+0.26|0.41|0.4884|
+-+-----------+-----------+-----------+----------------+-----------+--------+-----+----+------+
Best-so-far configuration:          50    mean value:      32690414.40
Description of the best-so-far configuration:
   .ID. algorithm localsearch alpha   beta    rho ants     q0 rasrank
50   50       acs           3 4.056 7.6543 0.6664   28 0.7325      NA
   elitistants nnls dlb .PARENT.
50          NA   27   1       NA

# 2025-03-20 10:16:20 -03: Elite configurations (first number is the configuration ID; listed from best to worst according to the sum of ranks):
   algorithm localsearch  alpha   beta    rho ants     q0 rasrank elitistants
50       acs           3 4.0560 7.6543 0.6664   28 0.7325      NA          NA
78      mmas           3 1.4388 2.2636 0.5504   30     NA      NA          NA
63       ras           3 3.1185 3.2793 0.3570   34     NA      92          NA
71       ras           3 4.8763 0.3886 0.8598   84     NA      46          NA
   nnls dlb
50   27   1
78    7   0
63   30   1
71   33   0
# 2025-03-20 10:16:20 -03: Iteration 2 of 5
# experimentsUsed: 415
# remainingBudget: 2085
# currentBudget: 521
# nbConfigurations: 77
# Markers:
     x No test is performed.
     c Configurations are discarded only due to capping.
     - The test is performed and some configurations are discarded.
     = The test is performed but no configuration is discarded.
     ! The test is performed and configurations could be discarded but elite configurations are preserved.
     . All alive configurations are elite and nothing is discarded.

+-+-----------+-----------+-----------+----------------+-----------+--------+-----+----+------+
| |   Instance|      Alive|       Best|       Mean best| Exp so far|  W time|  rho|KenW|  Qvar|
+-+-----------+-----------+-----------+----------------+-----------+--------+-----+----+------+
|x|          6|         77|        127|     32164045.00|         77|00:13:19|   NA|  NA|    NA|
|x|          5|         77|        126|     32612843.50|        150|00:12:40|+0.94|0.97|0.0025|
|x|          4|         77|        144|     32655723.00|        223|00:12:40|+0.94|0.96|0.0043|
|x|          2|         77|        144|     32585399.25|        296|00:12:37|+0.95|0.96|0.0038|
|-|          3|         12|        144|     32570709.20|        369|00:12:36|+0.11|0.29|0.7351|
|-|          1|         10|        108|     32587674.17|        377|00:01:22|-0.08|0.10|0.9168|
|=|          7|         10|        108|     32596720.14|        387|00:01:43|-0.00|0.14|0.8422|
|=|          8|         10|        144|     32620207.50|        397|00:01:44|+0.00|0.13|0.8497|
+-+-----------+-----------+-----------+----------------+-----------+--------+-----+----+------+
Best-so-far configuration:         144    mean value:      32620207.50
Description of the best-so-far configuration:
    .ID. algorithm localsearch  alpha   beta    rho ants     q0 rasrank
144  144       acs           3 3.7048 4.9679 0.5781    6 0.8147      NA
    elitistants nnls dlb .PARENT.
144          NA   16   1       50

# 2025-03-20 11:25:06 -03: Elite configurations (first number is the configuration ID; listed from best to worst according to the sum of ranks):
    algorithm localsearch  alpha   beta    rho ants     q0 rasrank elitistants
144       acs           3 3.7048 4.9679 0.5781    6 0.8147      NA          NA
108       acs           3 3.6951 8.5925 0.5917   14 0.7450      NA          NA
50        acs           3 4.0560 7.6543 0.6664   28 0.7325      NA          NA
127       acs           3 3.5115 7.3453 0.5824   14 0.5009      NA          NA
136       acs           3 2.2740 4.3331 0.8161   17 0.7260      NA          NA
    nnls dlb
144   16   1
108   29   1
50    27   1
127   35   1
136   16   0
# 2025-03-20 11:25:06 -03: Iteration 3 of 5
# experimentsUsed: 812
# remainingBudget: 1688
# currentBudget: 562
# nbConfigurations: 66
# Markers:
     x No test is performed.
     c Configurations are discarded only due to capping.
     - The test is performed and some configurations are discarded.
     = The test is performed but no configuration is discarded.
     ! The test is performed and configurations could be discarded but elite configurations are preserved.
     . All alive configurations are elite and nothing is discarded.

+-+-----------+-----------+-----------+----------------+-----------+--------+-----+----+------+
| |   Instance|      Alive|       Best|       Mean best| Exp so far|  W time|  rho|KenW|  Qvar|
+-+-----------+-----------+-----------+----------------+-----------+--------+-----+----+------+
|x|          9|         66|        136|     32764159.00|         66|00:11:24|   NA|  NA|    NA|
|x|          7|         66|        182|     32655854.50|        127|00:10:36|+0.88|0.94|0.0010|
|x|          4|         66|        182|     32681124.00|        188|00:10:35|+0.88|0.92|0.0021|
|x|          8|         66|        182|     32699925.50|        249|00:10:34|+0.89|0.91|0.0020|
|-|          3|         10|        182|     32645778.00|        310|00:10:37|+0.08|0.26|0.7922|
|=|          6|         10|        182|     32565823.50|        315|00:00:52|+0.03|0.19|0.8180|
|=|          1|         10|        182|     32575474.29|        320|00:00:52|+0.03|0.17|0.8170|
|=|          2|         10|        182|     32544788.00|        325|00:00:52|+0.07|0.18|0.8115|
|=|          5|         10|        182|     32591129.44|        330|00:00:52|+0.10|0.20|0.7992|
|-|         10|          2|        182|     32553226.10|        340|00:01:44|+0.29|0.36|0.3556|
+-+-----------+-----------+-----------+----------------+-----------+--------+-----+----+------+
Best-so-far configuration:         182    mean value:      32553226.10
Description of the best-so-far configuration:
    .ID. algorithm localsearch  alpha   beta    rho ants     q0 rasrank
182  182       acs           3 3.9275 2.7501 0.2817   60 0.6261      NA
    elitistants nnls dlb .PARENT.
182          NA   26   1      144

# 2025-03-20 12:24:07 -03: Elite configurations (first number is the configuration ID; listed from best to worst according to the sum of ranks):
    algorithm localsearch  alpha   beta    rho ants     q0 rasrank elitistants
182       acs           3 3.9275 2.7501 0.2817   60 0.6261      NA          NA
166       acs           3 2.7866 7.0843 0.8934   46 0.1043      NA          NA
    nnls dlb
182   26   1
166   12   0
# 2025-03-20 12:24:07 -03: Iteration 4 of 5
# experimentsUsed: 1152
# remainingBudget: 1348
# currentBudget: 674
# nbConfigurations: 63
# Markers:
     x No test is performed.
     c Configurations are discarded only due to capping.
     - The test is performed and some configurations are discarded.
     = The test is performed but no configuration is discarded.
     ! The test is performed and configurations could be discarded but elite configurations are preserved.
     . All alive configurations are elite and nothing is discarded.

+-+-----------+-----------+-----------+----------------+-----------+--------+-----+----+------+
| |   Instance|      Alive|       Best|       Mean best| Exp so far|  W time|  rho|KenW|  Qvar|
+-+-----------+-----------+-----------+----------------+-----------+--------+-----+----+------+
|x|         11|         63|        257|     32986189.00|         63|00:10:57|   NA|  NA|    NA|
|x|          3|         63|        257|     32694079.00|        124|00:10:33|+0.80|0.90|0.0625|
|x|          1|         63|        224|     32668775.33|        185|00:10:34|+0.78|0.86|0.0729|
|x|          8|         63|        224|     32685141.50|        246|00:10:34|+0.80|0.85|0.0731|
|-|          5|          8|        224|     32737731.20|        307|00:10:37|+0.08|0.27|0.7723|
|=|          9|          8|        224|     32742395.67|        313|00:01:02|+0.10|0.25|0.7691|
|=|          2|          8|        224|     32692103.57|        319|00:01:02|+0.05|0.18|0.8324|
|=|          6|          8|        224|     32630148.25|        325|00:01:02|+0.08|0.19|0.7979|
|=|         10|          8|        241|     32572410.00|        331|00:01:02|+0.06|0.17|0.7930|
|=|          7|          8|        224|     32587774.60|        337|00:01:02|+0.08|0.17|0.7829|
|-|          4|          6|        224|     32594058.36|        343|00:01:02|+0.01|0.10|0.8248|
|=|         12|          6|        224|     32588735.25|        349|00:01:02|+0.01|0.10|0.8104|
|=|         13|          6|        241|     32550483.46|        355|00:01:02|+0.02|0.09|0.8125|
+-+-----------+-----------+-----------+----------------+-----------+--------+-----+----+------+
Best-so-far configuration:         241    mean value:      32550483.46
Description of the best-so-far configuration:
    .ID. algorithm localsearch  alpha   beta    rho ants     q0 rasrank
241  241       acs           3 4.0252 2.4465 0.2364   61 0.7172      NA
    elitistants nnls dlb .PARENT.
241          NA   22   1      182

# 2025-03-20 13:25:47 -03: Elite configurations (first number is the configuration ID; listed from best to worst according to the sum of ranks):
    algorithm localsearch  alpha   beta    rho ants     q0 rasrank elitistants
241       acs           3 4.0252 2.4465 0.2364   61 0.7172      NA          NA
224       acs           3 2.7551 4.2245 0.2899   62 0.8551      NA          NA
182       acs           3 3.9275 2.7501 0.2817   60 0.6261      NA          NA
257       acs           3 4.3251 2.0915 0.4037   65 0.5868      NA          NA
265       acs           3 4.5102 4.4465 0.2236   66 0.6143      NA          NA
    nnls dlb
241   22   1
224   24   1
182   26   1
257   32   1
265   22   1
# 2025-03-20 13:25:47 -03: Iteration 5 of 5
# experimentsUsed: 1507
# remainingBudget: 993
# currentBudget: 993
# nbConfigurations: 75
# Markers:
     x No test is performed.
     c Configurations are discarded only due to capping.
     - The test is performed and some configurations are discarded.
     = The test is performed but no configuration is discarded.
     ! The test is performed and configurations could be discarded but elite configurations are preserved.
     . All alive configurations are elite and nothing is discarded.

+-+-----------+-----------+-----------+----------------+-----------+--------+-----+----+------+
| |   Instance|      Alive|       Best|       Mean best| Exp so far|  W time|  rho|KenW|  Qvar|
+-+-----------+-----------+-----------+----------------+-----------+--------+-----+----+------+
|x|         14|         75|        344|     32770254.00|         75|00:13:04|   NA|  NA|    NA|
|x|          7|         75|        182|     32653408.50|        145|00:12:09|+0.72|0.86|0.1297|
|x|          1|         75|        330|     32642946.33|        215|00:12:06|+0.73|0.82|0.1118|
|x|          2|         75|        330|     32554987.50|        285|00:12:07|+0.72|0.79|0.1176|
|-|         10|         21|        330|     32483371.20|        355|00:12:05|-0.08|0.14|1.0160|
|=|         13|         21|        330|     32441911.33|        371|00:02:45|-0.02|0.15|0.9728|
|=|         11|         21|        330|     32525159.14|        387|00:02:46|-0.02|0.12|0.9781|
|=|          9|         21|        330|     32561884.88|        403|00:02:46|-0.05|0.08|1.0000|
|=|          6|         21|        280|     32518599.11|        419|00:02:46|-0.04|0.08|0.9865|
|=|          5|         21|        280|     32559319.70|        435|00:02:46|-0.02|0.08|0.9626|
|=|          8|         21|        344|     32577849.45|        451|00:02:46|-0.01|0.08|0.9600|
|=|          3|         21|        344|     32563307.92|        467|00:02:46|-0.02|0.07|0.9682|
|=|          4|         21|        344|     32573618.54|        483|00:02:45|-0.00|0.08|0.9579|
|=|         12|         21|        344|     32568090.43|        499|00:02:45|-0.00|0.07|0.9560|
|=|         15|         21|        309|     32566333.47|        520|00:03:37|-0.00|0.07|0.9489|
+-+-----------+-----------+-----------+----------------+-----------+--------+-----+----+------+
Best-so-far configuration:         309    mean value:      32566333.47
Description of the best-so-far configuration:
    .ID. algorithm localsearch  alpha   beta    rho ants     q0 rasrank
309  309       acs           3 4.0394 3.1158 0.2197   60 0.6612      NA
    elitistants nnls dlb .PARENT.
309          NA   21   1      241

# 2025-03-20 14:55:52 -03: Elite configurations (first number is the configuration ID; listed from best to worst according to the sum of ranks):
    algorithm localsearch  alpha   beta    rho ants     q0 rasrank elitistants
309       acs           3 4.0394 3.1158 0.2197   60 0.6612      NA          NA
241       acs           3 4.0252 2.4465 0.2364   61 0.7172      NA          NA
344       acs           3 3.4525 5.1855 0.2427   61 0.7796      NA          NA
332       acs           3 4.1553 2.8133 0.2504   62 0.7753      NA          NA
280       acs           3 4.2944 2.4220 0.1659   57 0.6329      NA          NA
    nnls dlb
309   21   1
241   22   1
344   25   1
332    9   1
280   20   1
# 2025-03-20 14:55:52 -03: Iteration 6 of 6
# experimentsUsed: 2027
# remainingBudget: 473
# currentBudget: 473
# nbConfigurations: 34
# Markers:
     x No test is performed.
     c Configurations are discarded only due to capping.
     - The test is performed and some configurations are discarded.
     = The test is performed but no configuration is discarded.
     ! The test is performed and configurations could be discarded but elite configurations are preserved.
     . All alive configurations are elite and nothing is discarded.

+-+-----------+-----------+-----------+----------------+-----------+--------+-----+----+------+
| |   Instance|      Alive|       Best|       Mean best| Exp so far|  W time|  rho|KenW|  Qvar|
+-+-----------+-----------+-----------+----------------+-----------+--------+-----+----+------+
|x|         16|         34|        332|     32267014.00|         34|00:05:53|   NA|  NA|    NA|
|x|         10|         34|        366|     32219730.50|         63|00:05:01|+0.62|0.81|0.1125|
|x|          3|         34|        332|     32289509.67|         92|00:05:02|+0.66|0.78|0.0991|
|x|         12|         34|        367|     32333044.75|        121|00:05:01|+0.57|0.68|0.1102|
|-|          1|         16|        366|     32387131.60|        150|00:05:03|-0.06|0.15|1.0155|
|=|         14|         16|        332|     32467264.17|        161|00:01:54|-0.04|0.13|0.9826|
|=|          2|         16|        332|     32443002.14|        172|00:01:54|-0.03|0.12|0.9635|
|=|          7|         16|        367|     32454168.25|        183|00:01:54|-0.03|0.10|0.9655|
|=|          9|         16|        367|     32482484.11|        194|00:01:54|-0.02|0.09|0.9608|
|=|          6|         16|        367|     32451653.90|        205|00:01:53|-0.01|0.09|0.9323|
|=|          8|         16|        367|     32478781.36|        216|00:01:53|-0.00|0.09|0.9300|
|=|         15|         16|        367|     32493828.83|        227|00:01:53|-0.00|0.08|0.9351|
|=|         11|         16|        367|     32534776.15|        238|00:01:53|+0.01|0.08|0.9270|
|=|         13|         16|        367|     32513653.86|        249|00:01:53|+0.00|0.07|0.9279|
|=|          5|         16|        367|     32541809.73|        260|00:01:55|+0.02|0.08|0.9070|
|=|          4|         16|        367|     32550211.69|        271|00:01:53|+0.03|0.09|0.8934|
|=|         17|         16|        367|     32556482.24|        287|00:02:45|+0.02|0.08|0.9049|
+-+-----------+-----------+-----------+----------------+-----------+--------+-----+----+------+
Best-so-far configuration:         367    mean value:      32556482.24
Description of the best-so-far configuration:
    .ID. algorithm localsearch  alpha   beta    rho ants     q0 rasrank
367  367       acs           3 3.6055 3.2089 0.2108   56 0.7594      NA
    elitistants nnls dlb .PARENT.
367          NA   18   1      241

# 2025-03-20 15:45:35 -03: Elite configurations (first number is the configuration ID; listed from best to worst according to the sum of ranks):
    algorithm localsearch  alpha   beta    rho ants     q0 rasrank elitistants
367       acs           3 3.6055 3.2089 0.2108   56 0.7594      NA          NA
309       acs           3 4.0394 3.1158 0.2197   60 0.6612      NA          NA
332       acs           3 4.1553 2.8133 0.2504   62 0.7753      NA          NA
344       acs           3 3.4525 5.1855 0.2427   61 0.7796      NA          NA
241       acs           3 4.0252 2.4465 0.2364   61 0.7172      NA          NA
    nnls dlb
367   18   1
309   21   1
332    9   1
344   25   1
241   22   1
# 2025-03-20 15:45:35 -03: Iteration 7 of 7
# experimentsUsed: 2314
# remainingBudget: 186
# currentBudget: 186
# nbConfigurations: 15
# Markers:
     x No test is performed.
     c Configurations are discarded only due to capping.
     - The test is performed and some configurations are discarded.
     = The test is performed but no configuration is discarded.
     ! The test is performed and configurations could be discarded but elite configurations are preserved.
     . All alive configurations are elite and nothing is discarded.

+-+-----------+-----------+-----------+----------------+-----------+--------+-----+----+------+
| |   Instance|      Alive|       Best|       Mean best| Exp so far|  W time|  rho|KenW|  Qvar|
+-+-----------+-----------+-----------+----------------+-----------+--------+-----+----+------+
|x|         18|         15|        386|     32363672.00|         15|00:02:34|   NA|  NA|    NA|
|x|          7|         15|        367|     32495050.00|         25|00:01:43|+0.10|0.55|0.1286|
|x|          3|         15|        367|     32465435.00|         35|00:01:43|+0.22|0.48|0.0882|
|x|          8|         15|        367|     32536590.25|         45|00:01:43|+0.17|0.38|0.0784|
|-|         13|         12|        367|     32477085.00|         55|00:01:43|-0.09|0.13|0.9558|
|=|          2|         12|        367|     32446846.33|         62|00:01:12|-0.00|0.16|0.8842|
|=|          4|         12|        367|     32479617.00|         69|00:01:12|+0.02|0.16|0.8641|
|=|          6|         12|        367|     32441437.62|         76|00:01:13|+0.06|0.18|0.8483|
|=|         14|         12|        344|     32480104.44|         83|00:01:13|+0.03|0.14|0.8839|
|=|          9|         12|        367|     32504826.80|         90|00:01:13|+0.03|0.13|0.8738|
|=|          1|         12|        367|     32514862.18|         97|00:01:13|+0.05|0.13|0.8555|
|=|         10|         12|        367|     32484651.00|        104|00:01:13|+0.06|0.14|0.8341|
|=|         11|         12|        367|     32526304.31|        111|00:01:12|+0.06|0.13|0.8342|
|=|         17|         12|        367|     32535626.21|        118|00:01:12|+0.05|0.11|0.8477|
|-|          5|         10|        367|     32562317.27|        125|00:01:12|-0.02|0.05|0.9129|
|=|         16|         10|        367|     32545987.62|        130|00:00:51|-0.01|0.05|0.9038|
|=|         12|         10|        367|     32541670.88|        135|00:00:51|-0.02|0.04|0.9131|
|=|         15|         10|        367|     32548208.67|        140|00:00:51|-0.02|0.03|0.9180|
|=|         19|         10|        367|     32545633.63|        150|00:01:42|-0.02|0.04|0.9086|
+-+-----------+-----------+-----------+----------------+-----------+--------+-----+----+------+
Best-so-far configuration:         367    mean value:      32545633.63
Description of the best-so-far configuration:
    .ID. algorithm localsearch  alpha   beta    rho ants     q0 rasrank
367  367       acs           3 3.6055 3.2089 0.2108   56 0.7594      NA
    elitistants nnls dlb .PARENT.
367          NA   18   1      241

# 2025-03-20 16:11:32 -03: Elite configurations (first number is the configuration ID; listed from best to worst according to the sum of ranks):
    algorithm localsearch  alpha   beta    rho ants     q0 rasrank elitistants
367       acs           3 3.6055 3.2089 0.2108   56 0.7594      NA          NA
386       acs           3 4.4450 3.8470 0.1991   61 0.7537      NA          NA
332       acs           3 4.1553 2.8133 0.2504   62 0.7753      NA          NA
309       acs           3 4.0394 3.1158 0.2197   60 0.6612      NA          NA
344       acs           3 3.4525 5.1855 0.2427   61 0.7796      NA          NA
    nnls dlb
367   18   1
386   11   1
332    9   1
309   21   1
344   25   1
# 2025-03-20 16:11:32 -03: Iteration 8 of 8
# experimentsUsed: 2464
# remainingBudget: 36
# currentBudget: 36
# nbConfigurations: 6
# Markers:
     x No test is performed.
     c Configurations are discarded only due to capping.
     - The test is performed and some configurations are discarded.
     = The test is performed but no configuration is discarded.
     ! The test is performed and configurations could be discarded but elite configurations are preserved.
     . All alive configurations are elite and nothing is discarded.

+-+-----------+-----------+-----------+----------------+-----------+--------+-----+----+------+
| |   Instance|      Alive|       Best|       Mean best| Exp so far|  W time|  rho|KenW|  Qvar|
+-+-----------+-----------+-----------+----------------+-----------+--------+-----+----+------+
|x|         20|          6|        309|     32489250.00|          6|00:01:02|   NA|  NA|    NA|
|x|         10|          6|        332|     32358354.00|          7|00:00:10|-0.83|0.09|1.5332|
|x|          7|          6|        309|     32418330.67|          8|00:00:10|-0.28|0.15|1.1168|
|x|          1|          6|        367|     32474708.50|          9|00:00:10|-0.20|0.10|1.0437|
|=|         17|          6|        309|     32493234.40|         10|00:00:10|-0.17|0.07|0.9807|
|=|         11|          6|        309|     32570537.17|         11|00:00:10|-0.07|0.11|0.8873|
|=|          2|          6|        309|     32531306.00|         12|00:00:10|-0.09|0.07|0.8865|
|=|          9|          6|        309|     32559205.38|         13|00:00:10|-0.08|0.06|0.9062|
|=|         16|          6|        309|     32534566.22|         14|00:00:10|-0.07|0.05|0.9066|
|=|         18|          6|        367|     32529505.40|         15|00:00:10|-0.06|0.05|0.9042|
|=|         14|          6|        386|     32545587.91|         16|00:00:10|-0.04|0.05|0.8882|
|=|          6|          6|        367|     32523082.67|         17|00:00:10|-0.05|0.04|0.8908|
|=|         12|          6|        367|     32519199.62|         18|00:00:10|-0.02|0.06|0.8811|
|=|          8|          6|        367|     32535689.36|         19|00:00:10|-0.01|0.06|0.8695|
|=|         13|          6|        367|     32515914.33|         20|00:00:10|-0.00|0.06|0.8662|
|=|          3|          6|        386|     32506081.25|         21|00:00:10|-0.02|0.04|0.8701|
|=|         19|          6|        386|     32502938.65|         22|00:00:10|-0.02|0.04|0.8677|
|=|         15|          6|        386|     32515187.72|         23|00:00:10|-0.03|0.02|0.8763|
|=|          4|          6|        367|     32525252.37|         24|00:00:10|-0.03|0.02|0.8757|
|=|          5|          6|        386|     32544043.40|         25|00:00:10|-0.02|0.03|0.8663|
|=|         21|          6|        386|     32544620.43|         31|00:01:02|-0.03|0.02|0.8673|
+-+-----------+-----------+-----------+----------------+-----------+--------+-----+----+------+
Best-so-far configuration:         386    mean value:      32544620.43
Description of the best-so-far configuration:
    .ID. algorithm localsearch alpha  beta    rho ants     q0 rasrank
386  386       acs           3 4.445 3.847 0.1991   61 0.7537      NA
    elitistants nnls dlb .PARENT.
386          NA   11   1      332

# 2025-03-20 16:16:54 -03: Elite configurations (first number is the configuration ID; listed from best to worst according to the sum of ranks):
    algorithm localsearch  alpha   beta    rho ants     q0 rasrank elitistants
386       acs           3 4.4450 3.8470 0.1991   61 0.7537      NA          NA
309       acs           3 4.0394 3.1158 0.2197   60 0.6612      NA          NA
367       acs           3 3.6055 3.2089 0.2108   56 0.7594      NA          NA
332       acs           3 4.1553 2.8133 0.2504   62 0.7753      NA          NA
344       acs           3 3.4525 5.1855 0.2427   61 0.7796      NA          NA
    nnls dlb
386   11   1
309   21   1
367   18   1
332    9   1
344   25   1
# 2025-03-20 16:16:54 -03: Stopped because there is not enough budget left to race more than the minimum (5).
# You may either increase the budget or set 'minNbSurvival' to a lower value.
# Iteration: 9
# nbIterations: 9
# experimentsUsed: 2495
# timeUsed: 0
# remainingBudget: 5
# currentBudget: 5
# number of elites: 5
# nbConfigurations: 5
# Total CPU user time: 25834.86, CPU sys time: 154.665, Wall-clock time: 25977.98
# 2025-03-20 16:16:54 -03: Starting post-selection:
# Configurations selected: 386, 309, 367, 332, 344.
# Pending instances: 0, 0, 0, 0, 0.
# 2025-03-20 16:16:54 -03: seed: 512110495
# Configurations: 5
# Available experiments: 5
# minSurvival: 1
# Markers:
     x No test is performed.
     c Configurations are discarded only due to capping.
     - The test is performed and some configurations are discarded.
     = The test is performed but no configuration is discarded.
     ! The test is performed and configurations could be discarded but elite configurations are preserved.
     . All alive configurations are elite and nothing is discarded.

+-+-----------+-----------+-----------+----------------+-----------+--------+-----+----+------+
| |   Instance|      Alive|       Best|       Mean best| Exp so far|  W time|  rho|KenW|  Qvar|
+-+-----------+-----------+-----------+----------------+-----------+--------+-----+----+------+
|.|         11|          5|        309|     32957051.00|          0|00:00:00|   NA|  NA|    NA|
|.|         19|          5|        309|     32712869.00|          0|00:00:00|+0.10|0.55|0.7588|
|.|          9|          5|        309|     32726746.33|          0|00:00:00|+0.00|0.33|0.8723|
|.|         20|          5|        309|     32667372.25|          0|00:00:00|+0.22|0.41|0.6360|
|.|         17|          5|        309|     32649409.60|          0|00:00:00|+0.36|0.49|0.5279|
|.|         12|          5|        309|     32621428.83|          0|00:00:00|+0.31|0.43|0.6031|
|.|         13|          5|        309|     32562304.00|          0|00:00:00|+0.31|0.41|0.6308|
|.|         21|          5|        309|     32562936.88|          0|00:00:00|+0.28|0.37|0.6574|
|.|         15|          5|        309|     32572890.89|          0|00:00:00|+0.20|0.29|0.7262|
|.|          5|          5|        309|     32604017.60|          0|00:00:00|+0.23|0.31|0.6858|
|.|         14|          5|        309|     32624298.73|          0|00:00:00|+0.19|0.26|0.7203|
|.|          6|          5|        309|     32587995.42|          0|00:00:00|+0.10|0.17|0.7663|
|.|         18|          5|        309|     32577944.62|          0|00:00:00|+0.08|0.15|0.7774|
|.|          2|          5|        309|     32557799.93|          0|00:00:00|+0.02|0.09|0.8046|
|.|         10|          5|        309|     32536591.00|          0|00:00:00|-0.02|0.05|0.8294|
|.|          7|          5|        309|     32535933.81|          0|00:00:00|-0.02|0.04|0.8263|
|.|          8|          5|        309|     32547496.41|          0|00:00:00|-0.01|0.05|0.8159|
|.|          4|          5|        309|     32554159.50|          0|00:00:00|-0.01|0.05|0.8128|
|.|          3|          5|        309|     32548504.16|          0|00:00:00|-0.01|0.04|0.8253|
|.|          1|          5|        309|     32552760.00|          0|00:00:00|-0.03|0.02|0.8314|
|.|         16|          5|        309|     32542507.29|          0|00:00:00|-0.03|0.02|0.8326|
|=|         22|          5|        386|     32535768.41|          5|00:00:52|-0.02|0.02|0.8276|
+-+-----------+-----------+-----------+----------------+-----------+--------+-----+----+------+
Best-so-far configuration:         386    mean value:      32535768.41
Description of the best-so-far configuration:
    .ID. algorithm localsearch alpha  beta    rho ants     q0 rasrank
386  386       acs           3 4.445 3.847 0.1991   61 0.7537      NA
    elitistants nnls dlb .PARENT.
386          NA   11   1      332

# 2025-03-20 16:17:47 -03: Elite configurations (first number is the configuration ID; listed from best to worst according to the sum of ranks):
    algorithm localsearch  alpha   beta    rho ants     q0 rasrank elitistants
386       acs           3 4.4450 3.8470 0.1991   61 0.7537      NA          NA
309       acs           3 4.0394 3.1158 0.2197   60 0.6612      NA          NA
332       acs           3 4.1553 2.8133 0.2504   62 0.7753      NA          NA
367       acs           3 3.6055 3.2089 0.2108   56 0.7594      NA          NA
344       acs           3 3.4525 5.1855 0.2427   61 0.7796      NA          NA
    nnls dlb
386   11   1
309   21   1
332    9   1
367   18   1
344   25   1
# Total CPU user time: 25886.76, CPU sys time: 154.987, Wall-clock time: 26030.17
    .ID. algorithm localsearch  alpha   beta    rho ants     q0 rasrank
386  386       acs           3 4.4450 3.8470 0.1991   61 0.7537      NA
309  309       acs           3 4.0394 3.1158 0.2197   60 0.6612      NA
332  332       acs           3 4.1553 2.8133 0.2504   62 0.7753      NA
367  367       acs           3 3.6055 3.2089 0.2108   56 0.7594      NA
344  344       acs           3 3.4525 5.1855 0.2427   61 0.7796      NA
    elitistants nnls dlb .PARENT. .RANK.   .WEIGHT.
386          NA   11   1      332     58 0.33333333
309          NA   21   1      241     63 0.26666667
332          NA    9   1      241     68 0.20000000
367          NA   18   1      241     70 0.13333333
344          NA   25   1      224     71 0.06666667
