# 2025-03-20 09:03:22 -03: Reading parameter file '/home/dianag/PruebasPablo/irace-runs/Runs-T/ACOTSP-N/Run/N_seed_9182736450/parameters.txt'.
# 2025-03-20 09:03:22 -03: 1 expression(s) specifying forbidden configurations read.
# 2025-03-20 09:03:22 -03: Initialization
# Elitist race
# Elitist new instances: 1
# Elitist limit: 2
# nbIterations: 5
# minNbSurvival: 5
# nbParameters: 11
# seed: 881709618
# confidence level: 0.95
# budget: 2500
# mu: 5
# deterministic: FALSE

# 2025-03-20 09:03:22 -03: Iteration 1 of 5
# experimentsUsed: 0
# remainingBudget: 2500
# currentBudget: 500
# nbConfigurations: 83
# Markers:
     x No test is performed.
     c Configurations are discarded only due to capping.
     - The test is performed and some configurations are discarded.
     = The test is performed but no configuration is discarded.
     ! The test is performed and configurations could be discarded but elite configurations are preserved.
     . All alive configurations are elite and nothing is discarded.

+-+-----------+-----------+-----------+----------------+-----------+--------+-----+----+------+
| |   Instance|      Alive|       Best|       Mean best| Exp so far|  W time|  rho|KenW|  Qvar|
+-+-----------+-----------+-----------+----------------+-----------+--------+-----+----+------+
|x|          1|         83|          8|     32627869.00|         83|00:14:29|   NA|  NA|    NA|
|x|          2|         83|          8|     32698593.00|        166|00:14:27|+0.98|0.99|0.0013|
|x|          3|         83|          8|     32639090.33|        249|00:14:29|+0.98|0.99|0.0012|
|x|          4|         83|          8|     32592849.00|        332|00:14:28|+0.98|0.99|0.0012|
|-|          5|          4|          8|     32628735.80|        415|00:14:27|+0.52|0.62|0.2991|
+-+-----------+-----------+-----------+----------------+-----------+--------+-----+----+------+
Best-so-far configuration:           8    mean value:      32628735.80
Description of the best-so-far configuration:
  .ID. algorithm localsearch  alpha   beta    rho ants q0 rasrank elitistants
8    8       eas           3 1.3842 3.2686 0.6975   98 NA      NA         402
  nnls dlb .PARENT.
8   16   1       NA

# 2025-03-20 10:15:44 -03: Elite configurations (first number is the configuration ID; listed from best to worst according to the sum of ranks):
   algorithm localsearch  alpha   beta    rho ants     q0 rasrank elitistants
8        eas           3 1.3842 3.2686 0.6975   98     NA      NA         402
51       ras           3 2.7123 4.6749 0.8677   93     NA      17          NA
53      mmas           3 2.0873 8.4249 0.4965    9     NA      NA          NA
22       acs           3 3.1029 1.0811 0.6047   17 0.1549      NA          NA
   nnls dlb
8    16   1
51    9   1
53   27   1
22   37   0
# 2025-03-20 10:15:44 -03: Iteration 2 of 5
# experimentsUsed: 415
# remainingBudget: 2085
# currentBudget: 521
# nbConfigurations: 77
# Markers:
     x No test is performed.
     c Configurations are discarded only due to capping.
     - The test is performed and some configurations are discarded.
     = The test is performed but no configuration is discarded.
     ! The test is performed and configurations could be discarded but elite configurations are preserved.
     . All alive configurations are elite and nothing is discarded.

+-+-----------+-----------+-----------+----------------+-----------+--------+-----+----+------+
| |   Instance|      Alive|       Best|       Mean best| Exp so far|  W time|  rho|KenW|  Qvar|
+-+-----------+-----------+-----------+----------------+-----------+--------+-----+----+------+
|x|          6|         77|         88|     32733696.00|         77|00:13:23|   NA|  NA|    NA|
|x|          2|         77|        144|     32755282.50|        150|00:12:42|+0.96|0.98|0.0040|
|x|          5|         77|        133|     32746232.33|        223|00:12:41|+0.97|0.98|0.0057|
|x|          1|         77|        144|     32710309.00|        296|00:12:39|+0.97|0.97|0.0052|
|-|          4|          8|        133|     32649094.20|        369|00:12:39|+0.25|0.40|0.5924|
|-|          3|          4|        144|     32644580.33|        373|00:00:41|+0.28|0.40|0.4686|
+-+-----------+-----------+-----------+----------------+-----------+--------+-----+----+------+
Best configuration for the instances in this race: 144
Best-so-far configuration:         133    mean value:      32640725.50
Description of the best-so-far configuration:
    .ID. algorithm localsearch  alpha   beta    rho ants q0 rasrank elitistants
133  133       eas           3 1.3548 4.8801 0.6888   69 NA      NA         437
    nnls dlb .PARENT.
133   23   1        8

# 2025-03-20 11:20:33 -03: Elite configurations (first number is the configuration ID; listed from best to worst according to the sum of ranks):
    algorithm localsearch  alpha   beta    rho ants     q0 rasrank elitistants
133       eas           3 1.3548 4.8801 0.6888   69     NA      NA         437
144       acs           3 1.7161 5.0684 0.5810   44 0.3201      NA          NA
8         eas           3 1.3842 3.2686 0.6975   98     NA      NA         402
51        ras           3 2.7123 4.6749 0.8677   93     NA      17          NA
    nnls dlb
133   23   1
144    5   0
8     16   1
51     9   1
# 2025-03-20 11:20:33 -03: Iteration 3 of 5
# experimentsUsed: 788
# remainingBudget: 1712
# currentBudget: 570
# nbConfigurations: 74
# Markers:
     x No test is performed.
     c Configurations are discarded only due to capping.
     - The test is performed and some configurations are discarded.
     = The test is performed but no configuration is discarded.
     ! The test is performed and configurations could be discarded but elite configurations are preserved.
     . All alive configurations are elite and nothing is discarded.

+-+-----------+-----------+-----------+----------------+-----------+--------+-----+----+------+
| |   Instance|      Alive|       Best|       Mean best| Exp so far|  W time|  rho|KenW|  Qvar|
+-+-----------+-----------+-----------+----------------+-----------+--------+-----+----+------+
|x|          7|         74|         51|     32561982.00|         74|00:12:48|   NA|  NA|    NA|
|x|          4|         74|        158|     32485211.50|        144|00:12:10|+0.97|0.98|0.0075|
|x|          6|         74|        158|     32589585.67|        214|00:12:12|+0.97|0.98|0.0052|
|x|          2|         74|        133|     32623746.25|        284|00:12:08|+0.97|0.98|0.0043|
|-|          1|          8|        196|     32618054.20|        354|00:12:12|-0.02|0.19|0.9428|
|=|          3|          8|        164|     32580758.00|        358|00:00:41|-0.01|0.16|0.9005|
|=|          5|          8|        164|     32598068.14|        362|00:00:41|+0.08|0.21|0.8235|
|-|          8|          5|        164|     32586537.50|        370|00:01:22|+0.12|0.23|0.7853|
+-+-----------+-----------+-----------+----------------+-----------+--------+-----+----+------+
Best-so-far configuration:         164    mean value:      32586537.50
Description of the best-so-far configuration:
    .ID. algorithm localsearch  alpha   beta    rho ants     q0 rasrank
164  164       acs           3 1.9476 5.6067 0.8251   54 0.1345      NA
    elitistants nnls dlb .PARENT.
164          NA    8   1      144

# 2025-03-20 12:24:50 -03: Elite configurations (first number is the configuration ID; listed from best to worst according to the sum of ranks):
    algorithm localsearch  alpha   beta    rho ants     q0 rasrank elitistants
164       acs           3 1.9476 5.6067 0.8251   54 0.1345      NA          NA
196       acs           3 3.7376 7.4680 0.3858   55 0.3511      NA          NA
133       eas           3 1.3548 4.8801 0.6888   69     NA      NA         437
144       acs           3 1.7161 5.0684 0.5810   44 0.3201      NA          NA
195       ras           3 2.5762 2.7469 0.6952   83     NA      24          NA
    nnls dlb
164    8   1
196   14   0
133   23   1
144    5   0
195   16   1
# 2025-03-20 12:24:50 -03: Iteration 4 of 5
# experimentsUsed: 1158
# remainingBudget: 1342
# currentBudget: 671
# nbConfigurations: 79
# Markers:
     x No test is performed.
     c Configurations are discarded only due to capping.
     - The test is performed and some configurations are discarded.
     = The test is performed but no configuration is discarded.
     ! The test is performed and configurations could be discarded but elite configurations are preserved.
     . All alive configurations are elite and nothing is discarded.

+-+-----------+-----------+-----------+----------------+-----------+--------+-----+----+------+
| |   Instance|      Alive|       Best|       Mean best| Exp so far|  W time|  rho|KenW|  Qvar|
+-+-----------+-----------+-----------+----------------+-----------+--------+-----+----+------+
|x|          9|         79|        291|     32532250.00|         79|00:13:45|   NA|  NA|    NA|
|x|          5|         79|        234|     32608353.50|        153|00:12:49|+0.89|0.94|0.0005|
|x|          1|         79|        258|     32588232.00|        227|00:12:48|+0.91|0.94|0.0006|
|x|          3|         79|        292|     32570528.25|        301|00:12:53|+0.90|0.92|0.0007|
|-|          4|         15|        292|     32537308.00|        375|00:12:54|+0.28|0.43|0.6811|
|-|          2|         10|        292|     32555974.50|        385|00:01:44|+0.40|0.50|0.5964|
|!|          7|         10|        292|     32552224.86|        390|00:00:52|+0.38|0.46|0.5669|
|!|          8|         10|        258|     32549548.75|        395|00:00:52|+0.31|0.39|0.6179|
|-|          6|          6|        292|     32569320.89|        400|00:00:52|-0.03|0.08|0.8807|
|=|         10|          6|        292|     32608825.60|        406|00:01:02|-0.02|0.08|0.8544|
|=|         11|          6|        292|     32632652.73|        412|00:01:02|+0.01|0.10|0.8245|
+-+-----------+-----------+-----------+----------------+-----------+--------+-----+----+------+
Best-so-far configuration:         292    mean value:      32632652.73
Description of the best-so-far configuration:
    .ID. algorithm localsearch  alpha   beta    rho ants     q0 rasrank
292  292       acs           3 2.4603 4.2863 0.5704   45 0.0193      NA
    elitistants nnls dlb .PARENT.
292          NA   14   1      164

# 2025-03-20 13:36:28 -03: Elite configurations (first number is the configuration ID; listed from best to worst according to the sum of ranks):
    algorithm localsearch  alpha   beta    rho ants     q0 rasrank elitistants
292       acs           3 2.4603 4.2863 0.5704   45 0.0193      NA          NA
258       acs           3 1.5439 4.8499 0.8103   52 0.4211      NA          NA
263       acs           3 2.5983 8.3337 0.8448   64 0.3664      NA          NA
164       acs           3 1.9476 5.6067 0.8251   54 0.1345      NA          NA
291       acs           3 4.7350 9.9926 0.4312   62 0.7140      NA          NA
    nnls dlb
292   14   1
258   15   1
263   11   1
164    8   1
291   25   1
# 2025-03-20 13:36:28 -03: Iteration 5 of 5
# experimentsUsed: 1570
# remainingBudget: 930
# currentBudget: 930
# nbConfigurations: 82
# Markers:
     x No test is performed.
     c Configurations are discarded only due to capping.
     - The test is performed and some configurations are discarded.
     = The test is performed but no configuration is discarded.
     ! The test is performed and configurations could be discarded but elite configurations are preserved.
     . All alive configurations are elite and nothing is discarded.

+-+-----------+-----------+-----------+----------------+-----------+--------+-----+----+------+
| |   Instance|      Alive|       Best|       Mean best| Exp so far|  W time|  rho|KenW|  Qvar|
+-+-----------+-----------+-----------+----------------+-----------+--------+-----+----+------+
|x|         12|         82|        365|     32247862.00|         82|00:14:15|   NA|  NA|    NA|
|x|          6|         82|        314|     32457155.50|        159|00:13:19|+0.79|0.89|0.0397|
|x|         11|         82|        349|     32589203.67|        236|00:13:18|+0.73|0.82|0.0478|
|x|          4|         82|        349|     32534485.00|        313|00:13:19|+0.73|0.80|0.0475|
|-|          8|         21|        349|     32539016.60|        390|00:13:19|-0.08|0.13|1.0263|
|=|          5|         21|        349|     32560534.00|        406|00:02:46|-0.05|0.12|1.0013|
|=|          2|         21|        349|     32578205.14|        422|00:02:46|-0.01|0.13|0.9768|
|=|          3|         21|        349|     32561720.62|        438|00:02:46|-0.02|0.10|0.9739|
|=|          7|         21|        349|     32557593.67|        454|00:02:46|-0.03|0.08|0.9729|
|=|         10|         21|        349|     32605822.90|        470|00:02:46|-0.03|0.07|0.9760|
|=|          9|         21|        349|     32603345.64|        486|00:02:45|-0.02|0.07|0.9730|
|=|          1|         21|        349|     32593529.58|        502|00:02:46|-0.01|0.07|0.9661|
|=|         13|         21|        349|     32568767.38|        523|00:03:38|-0.02|0.06|0.9707|
+-+-----------+-----------+-----------+----------------+-----------+--------+-----+----+------+
Best-so-far configuration:         349    mean value:      32568767.38
Description of the best-so-far configuration:
    .ID. algorithm localsearch  alpha   beta    rho ants     q0 rasrank
349  349       acs           3 1.9383 6.5457 0.5669   40 0.1233      NA
    elitistants nnls dlb .PARENT.
349          NA   10   1      292

# 2025-03-20 15:07:03 -03: Elite configurations (first number is the configuration ID; listed from best to worst according to the sum of ranks):
    algorithm localsearch  alpha   beta    rho ants     q0 rasrank elitistants
349       acs           3 1.9383 6.5457 0.5669   40 0.1233      NA          NA
355       acs           3 3.3641 6.7952 0.9476   68 0.5576      NA          NA
312       acs           3 2.2230 7.0561 0.8378   50 0.0969      NA          NA
364       acs           3 2.2333 5.1045 0.5965   53 0.1180      NA          NA
292       acs           3 2.4603 4.2863 0.5704   45 0.0193      NA          NA
    nnls dlb
349   10   1
355   13   1
312   15   1
364   12   1
292   14   1
# 2025-03-20 15:07:03 -03: Iteration 6 of 6
# experimentsUsed: 2093
# remainingBudget: 407
# currentBudget: 407
# nbConfigurations: 33
# Markers:
     x No test is performed.
     c Configurations are discarded only due to capping.
     - The test is performed and some configurations are discarded.
     = The test is performed but no configuration is discarded.
     ! The test is performed and configurations could be discarded but elite configurations are preserved.
     . All alive configurations are elite and nothing is discarded.

+-+-----------+-----------+-----------+----------------+-----------+--------+-----+----+------+
| |   Instance|      Alive|       Best|       Mean best| Exp so far|  W time|  rho|KenW|  Qvar|
+-+-----------+-----------+-----------+----------------+-----------+--------+-----+----+------+
|x|         14|         33|        405|     32575357.00|         33|00:05:43|   NA|  NA|    NA|
|x|          5|         33|        312|     32616670.00|         61|00:04:50|+0.37|0.69|0.1676|
|x|          4|         33|        312|     32548906.67|         89|00:04:52|+0.43|0.62|0.1512|
|x|          9|         33|        312|     32556217.00|        117|00:04:51|+0.45|0.59|0.1997|
|-|         10|         16|        312|     32641186.60|        145|00:04:51|-0.11|0.11|1.0614|
|=|         13|         16|        312|     32573360.50|        156|00:01:54|-0.06|0.12|1.0092|
|=|          2|         16|        355|     32582246.29|        167|00:01:54|-0.02|0.13|0.9724|
|=|         12|         16|        355|     32544176.00|        178|00:01:54|-0.02|0.10|0.9642|
|=|          1|         16|        355|     32545228.11|        189|00:01:53|-0.04|0.08|0.9694|
|=|          3|         16|        355|     32544118.90|        200|00:01:54|-0.03|0.07|0.9499|
|=|          8|         16|        379|     32549333.00|        211|00:01:53|-0.06|0.04|0.9765|
|=|          7|         16|        349|     32548127.67|        222|00:01:54|-0.02|0.06|0.9448|
|=|          6|         16|        349|     32557086.77|        233|00:01:54|-0.01|0.06|0.9365|
|=|         11|         16|        349|     32576997.14|        244|00:01:54|-0.01|0.06|0.9399|
|=|         15|         16|        349|     32587364.53|        260|00:02:45|-0.01|0.06|0.9349|
+-+-----------+-----------+-----------+----------------+-----------+--------+-----+----+------+
Best-so-far configuration:         349    mean value:      32587364.53
Description of the best-so-far configuration:
    .ID. algorithm localsearch  alpha   beta    rho ants     q0 rasrank
349  349       acs           3 1.9383 6.5457 0.5669   40 0.1233      NA
    elitistants nnls dlb .PARENT.
349          NA   10   1      292

# 2025-03-20 15:52:06 -03: Elite configurations (first number is the configuration ID; listed from best to worst according to the sum of ranks):
    algorithm localsearch  alpha   beta    rho ants     q0 rasrank elitistants
349       acs           3 1.9383 6.5457 0.5669   40 0.1233      NA          NA
355       acs           3 3.3641 6.7952 0.9476   68 0.5576      NA          NA
312       acs           3 2.2230 7.0561 0.8378   50 0.0969      NA          NA
405       acs           3 2.6687 7.0372 0.9151   69 0.5203      NA          NA
364       acs           3 2.2333 5.1045 0.5965   53 0.1180      NA          NA
    nnls dlb
349   10   1
355   13   1
312   15   1
405   11   1
364   12   1
# 2025-03-20 15:52:06 -03: Iteration 7 of 7
# experimentsUsed: 2353
# remainingBudget: 147
# currentBudget: 147
# nbConfigurations: 13
# Markers:
     x No test is performed.
     c Configurations are discarded only due to capping.
     - The test is performed and some configurations are discarded.
     = The test is performed but no configuration is discarded.
     ! The test is performed and configurations could be discarded but elite configurations are preserved.
     . All alive configurations are elite and nothing is discarded.

+-+-----------+-----------+-----------+----------------+-----------+--------+-----+----+------+
| |   Instance|      Alive|       Best|       Mean best| Exp so far|  W time|  rho|KenW|  Qvar|
+-+-----------+-----------+-----------+----------------+-----------+--------+-----+----+------+
|x|         16|         13|        409|     32549940.00|         13|00:02:15|   NA|  NA|    NA|
|x|          8|         13|        407|     32556460.00|         21|00:01:23|+0.33|0.66|0.1268|
|x|         15|         13|        409|     32600245.33|         29|00:01:23|+0.27|0.51|0.1186|
|x|          4|         13|        412|     32556981.25|         37|00:01:23|+0.25|0.44|0.1060|
|=|          2|         13|        412|     32590450.00|         45|00:01:23|+0.09|0.27|0.1081|
|=|         14|         13|        407|     32598535.67|         53|00:01:23|+0.11|0.26|0.1050|
|-|          6|         12|        407|     32612820.71|         61|00:01:23|-0.10|0.06|0.9812|
|=|          9|         12|        407|     32603342.00|         68|00:01:12|-0.05|0.08|0.9453|
|=|         10|         12|        407|     32643299.22|         75|00:01:12|-0.03|0.08|0.9417|
|=|         12|         12|        407|     32609679.10|         82|00:01:12|-0.01|0.09|0.9149|
|=|         13|         12|        412|     32572908.00|         89|00:01:12|-0.01|0.08|0.9094|
|=|          1|         12|        412|     32570426.58|         96|00:01:12|-0.00|0.08|0.9070|
|=|          3|         12|        412|     32566747.69|        103|00:01:12|-0.01|0.06|0.9174|
|=|          7|         12|        412|     32565230.79|        110|00:01:12|-0.00|0.07|0.8994|
|=|         11|         12|        349|     32586338.80|        117|00:01:12|+0.01|0.08|0.8768|
|=|          5|         12|        349|     32591450.19|        124|00:01:12|+0.01|0.07|0.8812|
|=|         17|         12|        364|     32593372.88|        136|00:02:05|+0.02|0.08|0.8761|
+-+-----------+-----------+-----------+----------------+-----------+--------+-----+----+------+
Best-so-far configuration:         364    mean value:      32593372.88
Description of the best-so-far configuration:
    .ID. algorithm localsearch  alpha   beta    rho ants    q0 rasrank
364  364       acs           3 2.2333 5.1045 0.5965   53 0.118      NA
    elitistants nnls dlb .PARENT.
364          NA   12   1      292

# 2025-03-20 16:15:43 -03: Elite configurations (first number is the configuration ID; listed from best to worst according to the sum of ranks):
    algorithm localsearch  alpha   beta    rho ants     q0 rasrank elitistants
364       acs           3 2.2333 5.1045 0.5965   53 0.1180      NA          NA
409       acs           3 3.5755 6.6352 0.8322   67 0.5823      NA          NA
407       acs           3 2.5241 7.5592 0.7754   49 0.0312      NA          NA
349       acs           3 1.9383 6.5457 0.5669   40 0.1233      NA          NA
412       acs           3 3.8454 6.6403 0.9298   70 0.5676      NA          NA
    nnls dlb
364   12   1
409   16   1
407   20   1
349   10   1
412   16   1
# 2025-03-20 16:15:43 -03: Stopped because there is not enough budget left to race more than the minimum (5).
# You may either increase the budget or set 'minNbSurvival' to a lower value.
# Iteration: 8
# nbIterations: 8
# experimentsUsed: 2489
# timeUsed: 0
# remainingBudget: 11
# currentBudget: 11
# number of elites: 5
# nbConfigurations: 5
# Total CPU user time: 25796.7, CPU sys time: 155.519, Wall-clock time: 25941.15
# 2025-03-20 16:15:43 -03: Starting post-selection:
# Configurations selected: 364, 409, 407, 349, 412, 355, 312, 405, 406, 408, 410.
# Pending instances: 0, 0, 0, 0, 0, 0, 0, 0, 0, 0, 0.
# 2025-03-20 16:15:43 -03: seed: 881709618
# Configurations: 11
# Available experiments: 11
# minSurvival: 1
# Markers:
     x No test is performed.
     c Configurations are discarded only due to capping.
     - The test is performed and some configurations are discarded.
     = The test is performed but no configuration is discarded.
     ! The test is performed and configurations could be discarded but elite configurations are preserved.
     . All alive configurations are elite and nothing is discarded.

+-+-----------+-----------+-----------+----------------+-----------+--------+-----+----+------+
| |   Instance|      Alive|       Best|       Mean best| Exp so far|  W time|  rho|KenW|  Qvar|
+-+-----------+-----------+-----------+----------------+-----------+--------+-----+----+------+
|.|          1|         11|        349|     32485553.00|          0|00:00:00|   NA|  NA|    NA|
|.|          8|         11|        349|     32521348.00|          0|00:00:00|+0.38|0.69|0.5021|
|.|         11|         11|        349|     32626176.00|          0|00:00:00|+0.22|0.48|0.6980|
|.|         10|         11|        349|     32729603.50|          0|00:00:00|+0.15|0.36|0.7754|
|.|          6|         11|        349|     32716602.00|          0|00:00:00|+0.18|0.34|0.8020|
|.|          9|         11|        349|     32693597.17|          0|00:00:00|+0.18|0.31|0.7780|
|.|         13|         11|        349|     32633314.86|          0|00:00:00|+0.06|0.20|0.8379|
|.|          5|         11|        349|     32637665.62|          0|00:00:00|+0.05|0.17|0.8422|
|.|          7|         11|        349|     32625100.33|          0|00:00:00|+0.06|0.17|0.8063|
|.|          3|         11|        349|     32607223.20|          0|00:00:00|+0.03|0.13|0.8563|
|.|         14|         11|        349|     32614201.45|          0|00:00:00|+0.00|0.09|0.8814|
|.|         12|         11|        349|     32585283.25|          0|00:00:00|+0.01|0.09|0.8760|
|.|         17|         11|        349|     32590284.23|          0|00:00:00|+0.03|0.10|0.8668|
|.|          2|         11|        349|     32596994.79|          0|00:00:00|+0.02|0.09|0.8740|
|.|         15|         11|        349|     32606029.00|          0|00:00:00|+0.01|0.08|0.8792|
|.|         16|         11|        349|     32608948.12|          0|00:00:00|+0.03|0.09|0.8628|
|.|          4|         11|        349|     32594911.71|          0|00:00:00|+0.02|0.08|0.8660|
|=|         18|         11|        349|     32580231.78|         11|00:01:54|+0.02|0.08|0.8709|
+-+-----------+-----------+-----------+----------------+-----------+--------+-----+----+------+
Best-so-far configuration:         349    mean value:      32580231.78
Description of the best-so-far configuration:
    .ID. algorithm localsearch  alpha   beta    rho ants     q0 rasrank
349  349       acs           3 1.9383 6.5457 0.5669   40 0.1233      NA
    elitistants nnls dlb .PARENT.
349          NA   10   1      292

# 2025-03-20 16:17:37 -03: Elite configurations (first number is the configuration ID; listed from best to worst according to the sum of ranks):
    algorithm localsearch  alpha   beta    rho ants     q0 rasrank elitistants
349       acs           3 1.9383 6.5457 0.5669   40 0.1233      NA          NA
409       acs           3 3.5755 6.6352 0.8322   67 0.5823      NA          NA
412       acs           3 3.8454 6.6403 0.9298   70 0.5676      NA          NA
364       acs           3 2.2333 5.1045 0.5965   53 0.1180      NA          NA
407       acs           3 2.5241 7.5592 0.7754   49 0.0312      NA          NA
    nnls dlb
349   10   1
409   16   1
412   16   1
364   12   1
407   20   1
# Total CPU user time: 25910.16, CPU sys time: 156.226, Wall-clock time: 26055.27
    .ID. algorithm localsearch  alpha   beta    rho ants     q0 rasrank
349  349       acs           3 1.9383 6.5457 0.5669   40 0.1233      NA
409  409       acs           3 3.5755 6.6352 0.8322   67 0.5823      NA
412  412       acs           3 3.8454 6.6403 0.9298   70 0.5676      NA
364  364       acs           3 2.2333 5.1045 0.5965   53 0.1180      NA
407  407       acs           3 2.5241 7.5592 0.7754   49 0.0312      NA
    elitistants nnls dlb .PARENT. .RANK.   .WEIGHT.
349          NA   10   1      292     92 0.33333333
409          NA   16   1      355     97 0.26666667
412          NA   16   1      355     97 0.20000000
364          NA   12   1      292     98 0.13333333
407          NA   20   1      312     98 0.06666667
